Archive member included to satisfy reference by file (symbol)

/home/arvliv/st/stm32cubeclt_1.16.0/GNU-tools-for-STM32/bin/../lib/gcc/arm-none-eabi/12.3.1/../../../../arm-none-eabi/lib/thumb/v7e-m+dp/hard/libc_nano.a(libc_a-exit.o)
                              /home/arvliv/st/stm32cubeclt_1.16.0/GNU-tools-for-STM32/bin/../lib/gcc/arm-none-eabi/12.3.1/../../../../arm-none-eabi/lib/thumb/v7e-m+dp/hard/crt0.o (exit)
/home/arvliv/st/stm32cubeclt_1.16.0/GNU-tools-for-STM32/bin/../lib/gcc/arm-none-eabi/12.3.1/../../../../arm-none-eabi/lib/thumb/v7e-m+dp/hard/libc_nano.a(libc_a-findfp.o)
                              /home/arvliv/st/stm32cubeclt_1.16.0/GNU-tools-for-STM32/bin/../lib/gcc/arm-none-eabi/12.3.1/../../../../arm-none-eabi/lib/thumb/v7e-m+dp/hard/libc_nano.a(libc_a-exit.o) (__stdio_exit_handler)
/home/arvliv/st/stm32cubeclt_1.16.0/GNU-tools-for-STM32/bin/../lib/gcc/arm-none-eabi/12.3.1/../../../../arm-none-eabi/lib/thumb/v7e-m+dp/hard/libc_nano.a(libc_a-fwalk.o)
                              /home/arvliv/st/stm32cubeclt_1.16.0/GNU-tools-for-STM32/bin/../lib/gcc/arm-none-eabi/12.3.1/../../../../arm-none-eabi/lib/thumb/v7e-m+dp/hard/libc_nano.a(libc_a-findfp.o) (_fwalk_sglue)
/home/arvliv/st/stm32cubeclt_1.16.0/GNU-tools-for-STM32/bin/../lib/gcc/arm-none-eabi/12.3.1/../../../../arm-none-eabi/lib/thumb/v7e-m+dp/hard/libc_nano.a(libc_a-stdio.o)
                              /home/arvliv/st/stm32cubeclt_1.16.0/GNU-tools-for-STM32/bin/../lib/gcc/arm-none-eabi/12.3.1/../../../../arm-none-eabi/lib/thumb/v7e-m+dp/hard/libc_nano.a(libc_a-findfp.o) (__sread)
/home/arvliv/st/stm32cubeclt_1.16.0/GNU-tools-for-STM32/bin/../lib/gcc/arm-none-eabi/12.3.1/../../../../arm-none-eabi/lib/thumb/v7e-m+dp/hard/libc_nano.a(libc_a-memset.o)
                              /home/arvliv/st/stm32cubeclt_1.16.0/GNU-tools-for-STM32/bin/../lib/gcc/arm-none-eabi/12.3.1/../../../../arm-none-eabi/lib/thumb/v7e-m+dp/hard/crt0.o (memset)
/home/arvliv/st/stm32cubeclt_1.16.0/GNU-tools-for-STM32/bin/../lib/gcc/arm-none-eabi/12.3.1/../../../../arm-none-eabi/lib/thumb/v7e-m+dp/hard/libc_nano.a(libc_a-closer.o)
                              /home/arvliv/st/stm32cubeclt_1.16.0/GNU-tools-for-STM32/bin/../lib/gcc/arm-none-eabi/12.3.1/../../../../arm-none-eabi/lib/thumb/v7e-m+dp/hard/libc_nano.a(libc_a-stdio.o) (_close_r)
/home/arvliv/st/stm32cubeclt_1.16.0/GNU-tools-for-STM32/bin/../lib/gcc/arm-none-eabi/12.3.1/../../../../arm-none-eabi/lib/thumb/v7e-m+dp/hard/libc_nano.a(libc_a-reent.o)
                              /home/arvliv/st/stm32cubeclt_1.16.0/GNU-tools-for-STM32/bin/../lib/gcc/arm-none-eabi/12.3.1/../../../../arm-none-eabi/lib/thumb/v7e-m+dp/hard/libc_nano.a(libc_a-closer.o) (errno)
/home/arvliv/st/stm32cubeclt_1.16.0/GNU-tools-for-STM32/bin/../lib/gcc/arm-none-eabi/12.3.1/../../../../arm-none-eabi/lib/thumb/v7e-m+dp/hard/libc_nano.a(libc_a-impure.o)
                              /home/arvliv/st/stm32cubeclt_1.16.0/GNU-tools-for-STM32/bin/../lib/gcc/arm-none-eabi/12.3.1/../../../../arm-none-eabi/lib/thumb/v7e-m+dp/hard/libc_nano.a(libc_a-reent.o) (_impure_ptr)
/home/arvliv/st/stm32cubeclt_1.16.0/GNU-tools-for-STM32/bin/../lib/gcc/arm-none-eabi/12.3.1/../../../../arm-none-eabi/lib/thumb/v7e-m+dp/hard/libc_nano.a(libc_a-lseekr.o)
                              /home/arvliv/st/stm32cubeclt_1.16.0/GNU-tools-for-STM32/bin/../lib/gcc/arm-none-eabi/12.3.1/../../../../arm-none-eabi/lib/thumb/v7e-m+dp/hard/libc_nano.a(libc_a-stdio.o) (_lseek_r)
/home/arvliv/st/stm32cubeclt_1.16.0/GNU-tools-for-STM32/bin/../lib/gcc/arm-none-eabi/12.3.1/../../../../arm-none-eabi/lib/thumb/v7e-m+dp/hard/libc_nano.a(libc_a-readr.o)
                              /home/arvliv/st/stm32cubeclt_1.16.0/GNU-tools-for-STM32/bin/../lib/gcc/arm-none-eabi/12.3.1/../../../../arm-none-eabi/lib/thumb/v7e-m+dp/hard/libc_nano.a(libc_a-stdio.o) (_read_r)
/home/arvliv/st/stm32cubeclt_1.16.0/GNU-tools-for-STM32/bin/../lib/gcc/arm-none-eabi/12.3.1/../../../../arm-none-eabi/lib/thumb/v7e-m+dp/hard/libc_nano.a(libc_a-writer.o)
                              /home/arvliv/st/stm32cubeclt_1.16.0/GNU-tools-for-STM32/bin/../lib/gcc/arm-none-eabi/12.3.1/../../../../arm-none-eabi/lib/thumb/v7e-m+dp/hard/libc_nano.a(libc_a-stdio.o) (_write_r)
/home/arvliv/st/stm32cubeclt_1.16.0/GNU-tools-for-STM32/bin/../lib/gcc/arm-none-eabi/12.3.1/../../../../arm-none-eabi/lib/thumb/v7e-m+dp/hard/libc_nano.a(libc_a-init.o)
                              /home/arvliv/st/stm32cubeclt_1.16.0/GNU-tools-for-STM32/bin/../lib/gcc/arm-none-eabi/12.3.1/../../../../arm-none-eabi/lib/thumb/v7e-m+dp/hard/crt0.o (__libc_init_array)
/home/arvliv/st/stm32cubeclt_1.16.0/GNU-tools-for-STM32/bin/../lib/gcc/arm-none-eabi/12.3.1/../../../../arm-none-eabi/lib/thumb/v7e-m+dp/hard/libc_nano.a(libc_a-lock.o)
                              /home/arvliv/st/stm32cubeclt_1.16.0/GNU-tools-for-STM32/bin/../lib/gcc/arm-none-eabi/12.3.1/../../../../arm-none-eabi/lib/thumb/v7e-m+dp/hard/libc_nano.a(libc_a-findfp.o) (__retarget_lock_init_recursive)
[...]
Memory Configuration

Name             Origin             Length             Attributes
RAM              0x20000000         0x00080000         xrw
FLASH            0x08000000         0x00200000         xr
*default*        0x00000000         0xffffffff

Linker script and memory map

LOAD /home/arvliv/st/stm32cubeclt_1.16.0/GNU-tools-for-STM32/bin/../lib/gcc/arm-none-eabi/12.3.1/thumb/v7e-m+dp/hard/crti.o
LOAD /home/arvliv/st/stm32cubeclt_1.16.0/GNU-tools-for-STM32/bin/../lib/gcc/arm-none-eabi/12.3.1/thumb/v7e-m+dp/hard/crtbegin.o
LOAD /home/arvliv/st/stm32cubeclt_1.16.0/GNU-tools-for-STM32/bin/../lib/gcc/arm-none-eabi/12.3.1/../../../../arm-none-eabi/lib/thumb/v7e-m+dp/hard/crt0.o
START GROUP
LOAD /home/arvliv/st/stm32cubeclt_1.16.0/GNU-tools-for-STM32/bin/../lib/gcc/arm-none-eabi/12.3.1/../../../../arm-none-eabi/lib/thumb/v7e-m+dp/hard/libc_nano.a
LOAD /home/arvliv/st/stm32cubeclt_1.16.0/GNU-tools-for-STM32/bin/../lib/gcc/arm-none-eabi/12.3.1/../../../../arm-none-eabi/lib/thumb/v7e-m+dp/hard/libm.a
END GROUP
LOAD CMakeFiles/FreeRTOS_10_SWTimer_RTOSBased.dir/Core/Src/main.c.obj
LOAD CMakeFiles/FreeRTOS_10_SWTimer_RTOSBased.dir/Core/Src/freertos.c.obj
LOAD CMakeFiles/FreeRTOS_10_SWTimer_RTOSBased.dir/Core/Src/stm32f7xx_it.c.obj
LOAD CMakeFiles/FreeRTOS_10_SWTimer_RTOSBased.dir/Core/Src/stm32f7xx_hal_msp.c.obj
LOAD CMakeFiles/FreeRTOS_10_SWTimer_RTOSBased.dir/Core/Src/stm32f7xx_hal_timebase_tim.c.obj
LOAD CMakeFiles/FreeRTOS_10_SWTimer_RTOSBased.dir/Drivers/STM32F7xx_HAL_Driver/Src/stm32f7xx_hal_cortex.c.obj
LOAD CMakeFiles/FreeRTOS_10_SWTimer_RTOSBased.dir/Drivers/STM32F7xx_HAL_Driver/Src/stm32f7xx_hal_rcc.c.obj
LOAD CMakeFiles/FreeRTOS_10_SWTimer_RTOSBased.dir/Drivers/STM32F7xx_HAL_Driver/Src/stm32f7xx_hal_rcc_ex.c.obj
LOAD CMakeFiles/FreeRTOS_10_SWTimer_RTOSBased.dir/Drivers/STM32F7xx_HAL_Driver/Src/stm32f7xx_hal_flash.c.obj
LOAD CMakeFiles/FreeRTOS_10_SWTimer_RTOSBased.dir/Drivers/STM32F7xx_HAL_Driver/Src/stm32f7xx_hal_flash_ex.c.obj
LOAD CMakeFiles/FreeRTOS_10_SWTimer_RTOSBased.dir/Drivers/STM32F7xx_HAL_Driver/Src/stm32f7xx_hal_gpio.c.obj
LOAD CMakeFiles/FreeRTOS_10_SWTimer_RTOSBased.dir/Drivers/STM32F7xx_HAL_Driver/Src/stm32f7xx_hal_dma.c.obj
LOAD CMakeFiles/FreeRTOS_10_SWTimer_RTOSBased.dir/Drivers/STM32F7xx_HAL_Driver/Src/stm32f7xx_hal_dma_ex.c.obj
LOAD CMakeFiles/FreeRTOS_10_SWTimer_RTOSBased.dir/Drivers/STM32F7xx_HAL_Driver/Src/stm32f7xx_hal_pwr.c.obj
LOAD CMakeFiles/FreeRTOS_10_SWTimer_RTOSBased.dir/Drivers/STM32F7xx_HAL_Driver/Src/stm32f7xx_hal_pwr_ex.c.obj
LOAD CMakeFiles/FreeRTOS_10_SWTimer_RTOSBased.dir/Drivers/STM32F7xx_HAL_Driver/Src/stm32f7xx_hal.c.obj
LOAD CMakeFiles/FreeRTOS_10_SWTimer_RTOSBased.dir/Drivers/STM32F7xx_HAL_Driver/Src/stm32f7xx_hal_i2c.c.obj
LOAD CMakeFiles/FreeRTOS_10_SWTimer_RTOSBased.dir/Drivers/STM32F7xx_HAL_Driver/Src/stm32f7xx_hal_i2c_ex.c.obj
LOAD CMakeFiles/FreeRTOS_10_SWTimer_RTOSBased.dir/Drivers/STM32F7xx_HAL_Driver/Src/stm32f7xx_hal_exti.c.obj
LOAD CMakeFiles/FreeRTOS_10_SWTimer_RTOSBased.dir/Drivers/STM32F7xx_HAL_Driver/Src/stm32f7xx_hal_tim.c.obj
LOAD CMakeFiles/FreeRTOS_10_SWTimer_RTOSBased.dir/Drivers/STM32F7xx_HAL_Driver/Src/stm32f7xx_hal_tim_ex.c.obj
LOAD CMakeFiles/FreeRTOS_10_SWTimer_RTOSBased.dir/Drivers/STM32F7xx_HAL_Driver/Src/stm32f7xx_hal_uart.c.obj
LOAD CMakeFiles/FreeRTOS_10_SWTimer_RTOSBased.dir/Drivers/STM32F7xx_HAL_Driver/Src/stm32f7xx_hal_uart_ex.c.obj
LOAD CMakeFiles/FreeRTOS_10_SWTimer_RTOSBased.dir/Core/Src/system_stm32f7xx.c.obj
LOAD CMakeFiles/FreeRTOS_10_SWTimer_RTOSBased.dir/Middlewares/Third_Party/FreeRTOS/Source/croutine.c.obj
LOAD CMakeFiles/FreeRTOS_10_SWTimer_RTOSBased.dir/Middlewares/Third_Party/FreeRTOS/Source/event_groups.c.obj
LOAD CMakeFiles/FreeRTOS_10_SWTimer_RTOSBased.dir/Middlewares/Third_Party/FreeRTOS/Source/list.c.obj
LOAD CMakeFiles/FreeRTOS_10_SWTimer_RTOSBased.dir/Middlewares/Third_Party/FreeRTOS/Source/queue.c.obj
LOAD CMakeFiles/FreeRTOS_10_SWTimer_RTOSBased.dir/Middlewares/Third_Party/FreeRTOS/Source/stream_buffer.c.obj
LOAD CMakeFiles/FreeRTOS_10_SWTimer_RTOSBased.dir/Middlewares/Third_Party/FreeRTOS/Source/tasks.c.obj
LOAD CMakeFiles/FreeRTOS_10_SWTimer_RTOSBased.dir/Middlewares/Third_Party/FreeRTOS/Source/timers.c.obj
LOAD CMakeFiles/FreeRTOS_10_SWTimer_RTOSBased.dir/Middlewares/Third_Party/FreeRTOS/Source/CMSIS_RTOS/cmsis_os.c.obj
LOAD CMakeFiles/FreeRTOS_10_SWTimer_RTOSBased.dir/Middlewares/Third_Party/FreeRTOS/Source/portable/MemMang/heap_4.c.obj
LOAD CMakeFiles/FreeRTOS_10_SWTimer_RTOSBased.dir/Middlewares/Third_Party/FreeRTOS/Source/portable/GCC/ARM_CM7/r0p1/port.c.obj
LOAD CMakeFiles/FreeRTOS_10_SWTimer_RTOSBased.dir/Core/Src/sysmem.c.obj
LOAD CMakeFiles/FreeRTOS_10_SWTimer_RTOSBased.dir/Core/Src/syscalls.c.obj
LOAD CMakeFiles/FreeRTOS_10_SWTimer_RTOSBased.dir/startup_stm32f767xx.s.obj
START GROUP
LOAD /home/arvliv/st/stm32cubeclt_1.16.0/GNU-tools-for-STM32/bin/../lib/gcc/arm-none-eabi/12.3.1/thumb/v7e-m+dp/hard/libgcc.a
LOAD /home/arvliv/st/stm32cubeclt_1.16.0/GNU-tools-for-STM32/bin/../lib/gcc/arm-none-eabi/12.3.1/../../../../arm-none-eabi/lib/thumb/v7e-m+dp/hard/libg_nano.a
LOAD /home/arvliv/st/stm32cubeclt_1.16.0/GNU-tools-for-STM32/bin/../lib/gcc/arm-none-eabi/12.3.1/../../../../arm-none-eabi/lib/thumb/v7e-m+dp/hard/libc_nano.a
END GROUP
START GROUP
LOAD /home/arvliv/st/stm32cubeclt_1.16.0/GNU-tools-for-STM32/bin/../lib/gcc/arm-none-eabi/12.3.1/thumb/v7e-m+dp/hard/libgcc.a
LOAD /home/arvliv/st/stm32cubeclt_1.16.0/GNU-tools-for-STM32/bin/../lib/gcc/arm-none-eabi/12.3.1/../../../../arm-none-eabi/lib/thumb/v7e-m+dp/hard/libc_nano.a
END GROUP
LOAD /home/arvliv/st/stm32cubeclt_1.16.0/GNU-tools-for-STM32/bin/../lib/gcc/arm-none-eabi/12.3.1/thumb/v7e-m+dp/hard/crtend.o
LOAD /home/arvliv/st/stm32cubeclt_1.16.0/GNU-tools-for-STM32/bin/../lib/gcc/arm-none-eabi/12.3.1/thumb/v7e-m+dp/hard/crtn.o
                0x20080000                        _estack = (ORIGIN (RAM) + LENGTH (RAM))
                0x00000200                        _Min_Heap_Size = 0x200
                0x00000400                        _Min_Stack_Size = 0x400

.isr_vector     0x08000000      0x1f8
                0x08000000                        . = ALIGN (0x4)
 *(.isr_vector)
 .isr_vector    0x08000000      0x1f8 CMakeFiles/FreeRTOS_10_SWTimer_RTOSBased.dir/startup_stm32f767xx.s.obj
                0x08000000                g_pfnVectors
                0x080001f8                        . = ALIGN (0x4)

.text           0x08000200     0x6210
                0x08000200                        . = ALIGN (0x4)
 *(.text)
 .text          0x08000200       0x40 /home/arvliv/st/stm32cubeclt_1.16.0/GNU-tools-for-STM32/bin/../lib/gcc/arm-none-eabi/12.3.1/thumb/v7e-m+dp/hard/crtbegin.o
 .text          0x08000240       0x30 /home/arvliv/st/stm32cubeclt_1.16.0/GNU-tools-for-STM32/bin/../lib/gcc/arm-none-eabi/12.3.1/thumb/v7e-m+dp/hard/libgcc.a(_aeabi_uldivmod.o)
                0x08000240                __aeabi_uldivmod
 .text          0x08000270      0x2bc /home/arvliv/st/stm32cubeclt_1.16.0/GNU-tools-for-STM32/bin/../lib/gcc/arm-none-eabi/12.3.1/thumb/v7e-m+dp/hard/libgcc.a(_udivmoddi4.o)
                0x08000270                __udivmoddi4
 .text          0x0800052c        0x4 /home/arvliv/st/stm32cubeclt_1.16.0/GNU-tools-for-STM32/bin/../lib/gcc/arm-none-eabi/12.3.1/thumb/v7e-m+dp/hard/libgcc.a(_dvmd_tls.o)
                0x0800052c                __aeabi_ldiv0
                0x0800052c                __aeabi_idiv0
 .text          0x08000530       0x10 /home/arvliv/st/stm32cubeclt_1.16.0/GNU-tools-for-STM32/bin/../lib/gcc/arm-none-eabi/12.3.1/../../../../arm-none-eabi/lib/thumb/v7e-m+dp/hard/libg_nano.a(libc_a-strlen.o)
                0x08000530                strlen
 *(.text*)
 .text.memset   0x08000540       0x10 /home/arvliv/st/stm32cubeclt_1.16.0/GNU-tools-for-STM32/bin/../lib/gcc/arm-none-eabi/12.3.1/../../../../arm-none-eabi/lib/thumb/v7e-m+dp/hard/libc_nano.a(libc_a-memset.o)
                0x08000540                memset
 .text._reclaim_reent
                0x08000550       0xac /home/arvliv/st/stm32cubeclt_1.16.0/GNU-tools-for-STM32/bin/../lib/gcc/arm-none-eabi/12.3.1/../../../../arm-none-eabi/lib/thumb/v7e-m+dp/hard/libc_nano.a(libc_a-reent.o)
                0x08000550                _reclaim_reent
 .text.__libc_init_array
                0x080005fc       0x48 /home/arvliv/st/stm32cubeclt_1.16.0/GNU-tools-for-STM32/bin/../lib/gcc/arm-none-eabi/12.3.1/../../../../arm-none-eabi/lib/thumb/v7e-m+dp/hard/libc_nano.a(libc_a-init.o)
                0x080005fc                __libc_init_array
 .text.__retarget_lock_acquire_recursive
                0x08000644        0x2 /home/arvliv/st/stm32cubeclt_1.16.0/GNU-tools-for-STM32/bin/../lib/gcc/arm-none-eabi/12.3.1/../../../../arm-none-eabi/lib/thumb/v7e-m+dp/hard/libc_nano.a(libc_a-lock.o)
                0x08000644                __retarget_lock_acquire_recursive
 .text.__retarget_lock_release_recursive
                0x08000646        0x2 /home/arvliv/st/stm32cubeclt_1.16.0/GNU-tools-for-STM32/bin/../lib/gcc/arm-none-eabi/12.3.1/../../../../arm-none-eabi/lib/thumb/v7e-m+dp/hard/libc_nano.a(libc_a-lock.o)
                0x08000646                __retarget_lock_release_recursive
 .text._free_r  0x08000648       0x94 /home/arvliv/st/stm32cubeclt_1.16.0/GNU-tools-for-STM32/bin/../lib/gcc/arm-none-eabi/12.3.1/../../../../arm-none-eabi/lib/thumb/v7e-m+dp/hard/libc_nano.a(libc_a-freer.o)
                0x08000648                _free_r
 .text.__malloc_lock
                0x080006dc        0xc /home/arvliv/st/stm32cubeclt_1.16.0/GNU-tools-for-STM32/bin/../lib/gcc/arm-none-eabi/12.3.1/../../../../arm-none-eabi/lib/thumb/v7e-m+dp/hard/libc_nano.a(libc_a-mlock.o)
                0x080006dc                __malloc_lock
 .text.__malloc_unlock
                0x080006e8        0xc /home/arvliv/st/stm32cubeclt_1.16.0/GNU-tools-for-STM32/bin/../lib/gcc/arm-none-eabi/12.3.1/../../../../arm-none-eabi/lib/thumb/v7e-m+dp/hard/libc_nano.a(libc_a-mlock.o)
                0x080006e8                __malloc_unlock
 .text.main     0x080006f4       0xd8 CMakeFiles/FreeRTOS_10_SWTimer_RTOSBased.dir/Core/Src/main.c.obj
                0x080006f4                main
 .text.SystemClock_Config
                0x080007cc       0xdc CMakeFiles/FreeRTOS_10_SWTimer_RTOSBased.dir/Core/Src/main.c.obj
                0x080007cc                SystemClock_Config
 .text.MX_USART3_UART_Init
                0x080008a8       0x60 CMakeFiles/FreeRTOS_10_SWTimer_RTOSBased.dir/Core/Src/main.c.obj
 .text.MX_GPIO_Init
                0x08000908       0xcc CMakeFiles/FreeRTOS_10_SWTimer_RTOSBased.dir/Core/Src/main.c.obj
 .text.uartTask
                0x080009d4       0x44 CMakeFiles/FreeRTOS_10_SWTimer_RTOSBased.dir/Core/Src/main.c.obj
                0x080009d4                uartTask
 .text.ledTask  0x08000a18       0x50 CMakeFiles/FreeRTOS_10_SWTimer_RTOSBased.dir/Core/Src/main.c.obj
                0x08000a18                ledTask
 .text.TimerCallback
                0x08000a68       0x50 CMakeFiles/FreeRTOS_10_SWTimer_RTOSBased.dir/Core/Src/main.c.obj
                0x08000a68                TimerCallback
 .text.HAL_TIM_PeriodElapsedCallback
                0x08000ab8       0x24 CMakeFiles/FreeRTOS_10_SWTimer_RTOSBased.dir/Core/Src/main.c.obj
                0x08000ab8                HAL_TIM_PeriodElapsedCallback
 .text.Error_Handler
                0x08000adc        0xc CMakeFiles/FreeRTOS_10_SWTimer_RTOSBased.dir/Core/Src/main.c.obj
                0x08000adc                Error_Handler
 .text.vApplicationGetIdleTaskMemory
                0x08000ae8       0x34 CMakeFiles/FreeRTOS_10_SWTimer_RTOSBased.dir/Core/Src/freertos.c.obj
                0x08000ae8                vApplicationGetIdleTaskMemory
 .text.vApplicationGetTimerTaskMemory
                0x08000b1c       0x34 CMakeFiles/FreeRTOS_10_SWTimer_RTOSBased.dir/Core/Src/freertos.c.obj
                0x08000b1c                vApplicationGetTimerTaskMemory
 .text.NMI_Handler
                0x08000b50        0x8 CMakeFiles/FreeRTOS_10_SWTimer_RTOSBased.dir/Core/Src/stm32f7xx_it.c.obj
                0x08000b50                NMI_Handler
 .text.HardFault_Handler
                0x08000b58        0x8 CMakeFiles/FreeRTOS_10_SWTimer_RTOSBased.dir/Core/Src/stm32f7xx_it.c.obj
                0x08000b58                HardFault_Handler
 .text.MemManage_Handler
                0x08000b60        0x8 CMakeFiles/FreeRTOS_10_SWTimer_RTOSBased.dir/Core/Src/stm32f7xx_it.c.obj
                0x08000b60                MemManage_Handler
 .text.BusFault_Handler
                0x08000b68        0x8 CMakeFiles/FreeRTOS_10_SWTimer_RTOSBased.dir/Core/Src/stm32f7xx_it.c.obj
                0x08000b68                BusFault_Handler
 .text.UsageFault_Handler
                0x08000b70        0x8 CMakeFiles/FreeRTOS_10_SWTimer_RTOSBased.dir/Core/Src/stm32f7xx_it.c.obj
                0x08000b70                UsageFault_Handler
 .text.DebugMon_Handler
                0x08000b78        0xe CMakeFiles/FreeRTOS_10_SWTimer_RTOSBased.dir/Core/Src/stm32f7xx_it.c.obj
                0x08000b78                DebugMon_Handler
 *fill*         0x08000b86        0x2 
 .text.USART3_IRQHandler
                0x08000b88       0x14 CMakeFiles/FreeRTOS_10_SWTimer_RTOSBased.dir/Core/Src/stm32f7xx_it.c.obj
                0x08000b88                USART3_IRQHandler
 .text.TIM6_DAC_IRQHandler
                0x08000b9c       0x14 CMakeFiles/FreeRTOS_10_SWTimer_RTOSBased.dir/Core/Src/stm32f7xx_it.c.obj
                0x08000b9c                TIM6_DAC_IRQHandler
 .text.HAL_MspInit
                0x08000bb0       0x50 CMakeFiles/FreeRTOS_10_SWTimer_RTOSBased.dir/Core/Src/stm32f7xx_hal_msp.c.obj
                0x08000bb0                HAL_MspInit
 .text.HAL_UART_MspInit
                0x08000c00       0xd0 CMakeFiles/FreeRTOS_10_SWTimer_RTOSBased.dir/Core/Src/stm32f7xx_hal_msp.c.obj
                0x08000c00                HAL_UART_MspInit
 .text.HAL_InitTick
                0x08000cd0       0xf4 CMakeFiles/FreeRTOS_10_SWTimer_RTOSBased.dir/Core/Src/stm32f7xx_hal_timebase_tim.c.obj
                0x08000cd0                HAL_InitTick
 .text.__NVIC_SetPriorityGrouping
                0x08000dc4       0x48 CMakeFiles/FreeRTOS_10_SWTimer_RTOSBased.dir/Drivers/STM32F7xx_HAL_Driver/Src/stm32f7xx_hal_cortex.c.obj
 .text.__NVIC_GetPriorityGrouping
                0x08000e0c       0x1c CMakeFiles/FreeRTOS_10_SWTimer_RTOSBased.dir/Drivers/STM32F7xx_HAL_Driver/Src/stm32f7xx_hal_cortex.c.obj
 .text.__NVIC_EnableIRQ
                0x08000e28       0x3c CMakeFiles/FreeRTOS_10_SWTimer_RTOSBased.dir/Drivers/STM32F7xx_HAL_Driver/Src/stm32f7xx_hal_cortex.c.obj
 .text.__NVIC_SetPriority
                0x08000e64       0x54 CMakeFiles/FreeRTOS_10_SWTimer_RTOSBased.dir/Drivers/STM32F7xx_HAL_Driver/Src/stm32f7xx_hal_cortex.c.obj
 .text.NVIC_EncodePriority
                0x08000eb8       0x66 CMakeFiles/FreeRTOS_10_SWTimer_RTOSBased.dir/Drivers/STM32F7xx_HAL_Driver/Src/stm32f7xx_hal_cortex.c.obj
 .text.HAL_NVIC_SetPriorityGrouping
                0x08000f1e       0x16 CMakeFiles/FreeRTOS_10_SWTimer_RTOSBased.dir/Drivers/STM32F7xx_HAL_Driver/Src/stm32f7xx_hal_cortex.c.obj
                0x08000f1e                HAL_NVIC_SetPriorityGrouping
 .text.HAL_NVIC_SetPriority
                0x08000f34       0x38 CMakeFiles/FreeRTOS_10_SWTimer_RTOSBased.dir/Drivers/STM32F7xx_HAL_Driver/Src/stm32f7xx_hal_cortex.c.obj
                0x08000f34                HAL_NVIC_SetPriority
 .text.HAL_NVIC_EnableIRQ
                0x08000f6c       0x1c CMakeFiles/FreeRTOS_10_SWTimer_RTOSBased.dir/Drivers/STM32F7xx_HAL_Driver/Src/stm32f7xx_hal_cortex.c.obj
                0x08000f6c                HAL_NVIC_EnableIRQ
 .text.HAL_RCC_OscConfig
                0x08000f88      0x55c CMakeFiles/FreeRTOS_10_SWTimer_RTOSBased.dir/Drivers/STM32F7xx_HAL_Driver/Src/stm32f7xx_hal_rcc.c.obj
                0x08000f88                HAL_RCC_OscConfig
 .text.HAL_RCC_ClockConfig
                0x080014e4      0x1d8 CMakeFiles/FreeRTOS_10_SWTimer_RTOSBased.dir/Drivers/STM32F7xx_HAL_Driver/Src/stm32f7xx_hal_rcc.c.obj
                0x080014e4                HAL_RCC_ClockConfig
 .text.HAL_RCC_GetSysClockFreq
                0x080016bc      0x20c CMakeFiles/FreeRTOS_10_SWTimer_RTOSBased.dir/Drivers/STM32F7xx_HAL_Driver/Src/stm32f7xx_hal_rcc.c.obj
                0x080016bc                HAL_RCC_GetSysClockFreq
 .text.HAL_RCC_GetHCLKFreq
                0x080018c8       0x18 CMakeFiles/FreeRTOS_10_SWTimer_RTOSBased.dir/Drivers/STM32F7xx_HAL_Driver/Src/stm32f7xx_hal_rcc.c.obj
                0x080018c8                HAL_RCC_GetHCLKFreq
 .text.HAL_RCC_GetPCLK1Freq
                0x080018e0       0x28 CMakeFiles/FreeRTOS_10_SWTimer_RTOSBased.dir/Drivers/STM32F7xx_HAL_Driver/Src/stm32f7xx_hal_rcc.c.obj
                0x080018e0                HAL_RCC_GetPCLK1Freq
 .text.HAL_RCC_GetPCLK2Freq
                0x08001908       0x28 CMakeFiles/FreeRTOS_10_SWTimer_RTOSBased.dir/Drivers/STM32F7xx_HAL_Driver/Src/stm32f7xx_hal_rcc.c.obj
                0x08001908                HAL_RCC_GetPCLK2Freq
 .text.HAL_RCC_GetClockConfig
                0x08001930       0x64 CMakeFiles/FreeRTOS_10_SWTimer_RTOSBased.dir/Drivers/STM32F7xx_HAL_Driver/Src/stm32f7xx_hal_rcc.c.obj
                0x08001930                HAL_RCC_GetClockConfig
 .text.HAL_RCCEx_PeriphCLKConfig
                0x08001994      0x84c CMakeFiles/FreeRTOS_10_SWTimer_RTOSBased.dir/Drivers/STM32F7xx_HAL_Driver/Src/stm32f7xx_hal_rcc_ex.c.obj
                0x08001994                HAL_RCCEx_PeriphCLKConfig
 .text.HAL_GPIO_Init
                0x080021e0      0x358 CMakeFiles/FreeRTOS_10_SWTimer_RTOSBased.dir/Drivers/STM32F7xx_HAL_Driver/Src/stm32f7xx_hal_gpio.c.obj
                0x080021e0                HAL_GPIO_Init
 .text.HAL_GPIO_ReadPin
                0x08002538       0x30 CMakeFiles/FreeRTOS_10_SWTimer_RTOSBased.dir/Drivers/STM32F7xx_HAL_Driver/Src/stm32f7xx_hal_gpio.c.obj
                0x08002538                HAL_GPIO_ReadPin
 .text.HAL_GPIO_WritePin
                0x08002568       0x32 CMakeFiles/FreeRTOS_10_SWTimer_RTOSBased.dir/Drivers/STM32F7xx_HAL_Driver/Src/stm32f7xx_hal_gpio.c.obj
                0x08002568                HAL_GPIO_WritePin
 .text.HAL_DMA_Abort_IT
                0x0800259a       0x44 CMakeFiles/FreeRTOS_10_SWTimer_RTOSBased.dir/Drivers/STM32F7xx_HAL_Driver/Src/stm32f7xx_hal_dma.c.obj
                0x0800259a                HAL_DMA_Abort_IT
 *fill*         0x080025de        0x2 
 .text.HAL_PWREx_EnableOverDrive
                0x080025e0       0xa0 CMakeFiles/FreeRTOS_10_SWTimer_RTOSBased.dir/Drivers/STM32F7xx_HAL_Driver/Src/stm32f7xx_hal_pwr_ex.c.obj
                0x080025e0                HAL_PWREx_EnableOverDrive
 .text.HAL_Init
                0x08002680       0x1a CMakeFiles/FreeRTOS_10_SWTimer_RTOSBased.dir/Drivers/STM32F7xx_HAL_Driver/Src/stm32f7xx_hal.c.obj
                0x08002680                HAL_Init
 *fill*         0x0800269a        0x2 
 .text.HAL_IncTick
                0x0800269c       0x28 CMakeFiles/FreeRTOS_10_SWTimer_RTOSBased.dir/Drivers/STM32F7xx_HAL_Driver/Src/stm32f7xx_hal.c.obj
                0x0800269c                HAL_IncTick
 .text.HAL_GetTick
                0x080026c4       0x18 CMakeFiles/FreeRTOS_10_SWTimer_RTOSBased.dir/Drivers/STM32F7xx_HAL_Driver/Src/stm32f7xx_hal.c.obj
                0x080026c4                HAL_GetTick
 .text.HAL_TIM_Base_Init
                0x080026dc       0x56 CMakeFiles/FreeRTOS_10_SWTimer_RTOSBased.dir/Drivers/STM32F7xx_HAL_Driver/Src/stm32f7xx_hal_tim.c.obj
                0x080026dc                HAL_TIM_Base_Init
 .text.HAL_TIM_Base_MspInit
                0x08002732       0x14 CMakeFiles/FreeRTOS_10_SWTimer_RTOSBased.dir/Drivers/STM32F7xx_HAL_Driver/Src/stm32f7xx_hal_tim.c.obj
                0x08002732                HAL_TIM_Base_MspInit
 *fill*         0x08002746        0x2 
 .text.HAL_TIM_Base_Start_IT
                0x08002748       0x54 CMakeFiles/FreeRTOS_10_SWTimer_RTOSBased.dir/Drivers/STM32F7xx_HAL_Driver/Src/stm32f7xx_hal_tim.c.obj
                0x08002748                HAL_TIM_Base_Start_IT
 .text.HAL_TIM_IRQHandler
                0x0800279c      0x23e CMakeFiles/FreeRTOS_10_SWTimer_RTOSBased.dir/Drivers/STM32F7xx_HAL_Driver/Src/stm32f7xx_hal_tim.c.obj
                0x0800279c                HAL_TIM_IRQHandler
 .text.HAL_TIM_OC_DelayElapsedCallback
                0x080029da       0x14 CMakeFiles/FreeRTOS_10_SWTimer_RTOSBased.dir/Drivers/STM32F7xx_HAL_Driver/Src/stm32f7xx_hal_tim.c.obj
                0x080029da                HAL_TIM_OC_DelayElapsedCallback
 .text.HAL_TIM_IC_CaptureCallback
                0x080029ee       0x14 CMakeFiles/FreeRTOS_10_SWTimer_RTOSBased.dir/Drivers/STM32F7xx_HAL_Driver/Src/stm32f7xx_hal_tim.c.obj
                0x080029ee                HAL_TIM_IC_CaptureCallback
 .text.HAL_TIM_PWM_PulseFinishedCallback
                0x08002a02       0x14 CMakeFiles/FreeRTOS_10_SWTimer_RTOSBased.dir/Drivers/STM32F7xx_HAL_Driver/Src/stm32f7xx_hal_tim.c.obj
                0x08002a02                HAL_TIM_PWM_PulseFinishedCallback
 .text.HAL_TIM_TriggerCallback
                0x08002a16       0x14 CMakeFiles/FreeRTOS_10_SWTimer_RTOSBased.dir/Drivers/STM32F7xx_HAL_Driver/Src/stm32f7xx_hal_tim.c.obj
                0x08002a16                HAL_TIM_TriggerCallback
 *fill*         0x08002a2a        0x2 
 .text.TIM_Base_SetConfig
                0x08002a2c      0x140 CMakeFiles/FreeRTOS_10_SWTimer_RTOSBased.dir/Drivers/STM32F7xx_HAL_Driver/Src/stm32f7xx_hal_tim.c.obj
                0x08002a2c                TIM_Base_SetConfig
 .text.HAL_TIMEx_CommutCallback
                0x08002b6c       0x14 CMakeFiles/FreeRTOS_10_SWTimer_RTOSBased.dir/Drivers/STM32F7xx_HAL_Driver/Src/stm32f7xx_hal_tim_ex.c.obj
                0x08002b6c                HAL_TIMEx_CommutCallback
 .text.HAL_TIMEx_BreakCallback
                0x08002b80       0x14 CMakeFiles/FreeRTOS_10_SWTimer_RTOSBased.dir/Drivers/STM32F7xx_HAL_Driver/Src/stm32f7xx_hal_tim_ex.c.obj
                0x08002b80                HAL_TIMEx_BreakCallback
 .text.HAL_TIMEx_Break2Callback
                0x08002b94       0x14 CMakeFiles/FreeRTOS_10_SWTimer_RTOSBased.dir/Drivers/STM32F7xx_HAL_Driver/Src/stm32f7xx_hal_tim_ex.c.obj
                0x08002b94                HAL_TIMEx_Break2Callback
 .text.HAL_UART_Init
                0x08002ba8       0x9c CMakeFiles/FreeRTOS_10_SWTimer_RTOSBased.dir/Drivers/STM32F7xx_HAL_Driver/Src/stm32f7xx_hal_uart.c.obj
                0x08002ba8                HAL_UART_Init
 .text.HAL_UART_Transmit
                0x08002c44      0x122 CMakeFiles/FreeRTOS_10_SWTimer_RTOSBased.dir/Drivers/STM32F7xx_HAL_Driver/Src/stm32f7xx_hal_uart.c.obj
                0x08002c44                HAL_UART_Transmit
 *fill*         0x08002d66        0x2 
 .text.HAL_UART_IRQHandler
                0x08002d68      0x288 CMakeFiles/FreeRTOS_10_SWTimer_RTOSBased.dir/Drivers/STM32F7xx_HAL_Driver/Src/stm32f7xx_hal_uart.c.obj
                0x08002d68                HAL_UART_IRQHandler
 .text.HAL_UART_TxCpltCallback
                0x08002ff0       0x14 CMakeFiles/FreeRTOS_10_SWTimer_RTOSBased.dir/Drivers/STM32F7xx_HAL_Driver/Src/stm32f7xx_hal_uart.c.obj
                0x08002ff0                HAL_UART_TxCpltCallback
 .text.HAL_UART_ErrorCallback
                0x08003004       0x14 CMakeFiles/FreeRTOS_10_SWTimer_RTOSBased.dir/Drivers/STM32F7xx_HAL_Driver/Src/stm32f7xx_hal_uart.c.obj
                0x08003004                HAL_UART_ErrorCallback
 .text.HAL_UARTEx_WakeupCallback
                0x08003018       0x14 CMakeFiles/FreeRTOS_10_SWTimer_RTOSBased.dir/Drivers/STM32F7xx_HAL_Driver/Src/stm32f7xx_hal_uart.c.obj
                0x08003018                HAL_UARTEx_WakeupCallback
 .text.UART_SetConfig
                0x0800302c      0x55c CMakeFiles/FreeRTOS_10_SWTimer_RTOSBased.dir/Drivers/STM32F7xx_HAL_Driver/Src/stm32f7xx_hal_uart.c.obj
                0x0800302c                UART_SetConfig
 .text.UART_AdvFeatureConfig
                0x08003588      0x144 CMakeFiles/FreeRTOS_10_SWTimer_RTOSBased.dir/Drivers/STM32F7xx_HAL_Driver/Src/stm32f7xx_hal_uart.c.obj
                0x08003588                UART_AdvFeatureConfig
 .text.UART_CheckIdleState
                0x080036cc       0x8a CMakeFiles/FreeRTOS_10_SWTimer_RTOSBased.dir/Drivers/STM32F7xx_HAL_Driver/Src/stm32f7xx_hal_uart.c.obj
                0x080036cc                UART_CheckIdleState
 .text.UART_WaitOnFlagUntilTimeout
                0x08003756       0xf6 CMakeFiles/FreeRTOS_10_SWTimer_RTOSBased.dir/Drivers/STM32F7xx_HAL_Driver/Src/stm32f7xx_hal_uart.c.obj
                0x08003756                UART_WaitOnFlagUntilTimeout
 .text.UART_EndRxTransfer
                0x0800384c       0x40 CMakeFiles/FreeRTOS_10_SWTimer_RTOSBased.dir/Drivers/STM32F7xx_HAL_Driver/Src/stm32f7xx_hal_uart.c.obj
 .text.UART_DMAAbortOnError
                0x0800388c       0x2c CMakeFiles/FreeRTOS_10_SWTimer_RTOSBased.dir/Drivers/STM32F7xx_HAL_Driver/Src/stm32f7xx_hal_uart.c.obj
 .text.UART_EndTransmit_IT
                0x080038b8       0x32 CMakeFiles/FreeRTOS_10_SWTimer_RTOSBased.dir/Drivers/STM32F7xx_HAL_Driver/Src/stm32f7xx_hal_uart.c.obj
 *fill*         0x080038ea        0x2 
 .text.SystemInit
                0x080038ec       0x24 CMakeFiles/FreeRTOS_10_SWTimer_RTOSBased.dir/Core/Src/system_stm32f7xx.c.obj
                0x080038ec                SystemInit
 .text.vListInitialise
                0x08003910       0x40 CMakeFiles/FreeRTOS_10_SWTimer_RTOSBased.dir/Middlewares/Third_Party/FreeRTOS/Source/list.c.obj
                0x08003910                vListInitialise
 .text.vListInitialiseItem
                0x08003950       0x1a CMakeFiles/FreeRTOS_10_SWTimer_RTOSBased.dir/Middlewares/Third_Party/FreeRTOS/Source/list.c.obj
                0x08003950                vListInitialiseItem
 .text.vListInsertEnd
                0x0800396a       0x48 CMakeFiles/FreeRTOS_10_SWTimer_RTOSBased.dir/Middlewares/Third_Party/FreeRTOS/Source/list.c.obj
                0x0800396a                vListInsertEnd
 .text.vListInsert
                0x080039b2       0x72 CMakeFiles/FreeRTOS_10_SWTimer_RTOSBased.dir/Middlewares/Third_Party/FreeRTOS/Source/list.c.obj
                0x080039b2                vListInsert
 .text.uxListRemove
                0x08003a24       0x54 CMakeFiles/FreeRTOS_10_SWTimer_RTOSBased.dir/Middlewares/Third_Party/FreeRTOS/Source/list.c.obj
                0x08003a24                uxListRemove
 .text.xQueueGenericReset
                0x08003a78       0xd8 CMakeFiles/FreeRTOS_10_SWTimer_RTOSBased.dir/Middlewares/Third_Party/FreeRTOS/Source/queue.c.obj
                0x08003a78                xQueueGenericReset
 .text.xQueueGenericCreateStatic
                0x08003b50      0x10e CMakeFiles/FreeRTOS_10_SWTimer_RTOSBased.dir/Middlewares/Third_Party/FreeRTOS/Source/queue.c.obj
                0x08003b50                xQueueGenericCreateStatic
 .text.prvInitialiseNewQueue
                0x08003c5e       0x3e CMakeFiles/FreeRTOS_10_SWTimer_RTOSBased.dir/Middlewares/Third_Party/FreeRTOS/Source/queue.c.obj
 .text.xQueueGenericSend
                0x08003c9c      0x214 CMakeFiles/FreeRTOS_10_SWTimer_RTOSBased.dir/Middlewares/Third_Party/FreeRTOS/Source/queue.c.obj
                0x08003c9c                xQueueGenericSend
 .text.xQueueGenericSendFromISR
                0x08003eb0      0x146 CMakeFiles/FreeRTOS_10_SWTimer_RTOSBased.dir/Middlewares/Third_Party/FreeRTOS/Source/queue.c.obj
                0x08003eb0                xQueueGenericSendFromISR
 *fill*         0x08003ff6        0x2 
 .text.xQueueReceive
                0x08003ff8      0x1d0 CMakeFiles/FreeRTOS_10_SWTimer_RTOSBased.dir/Middlewares/Third_Party/FreeRTOS/Source/queue.c.obj
                0x08003ff8                xQueueReceive
 .text.prvCopyDataToQueue
                0x080041c8       0xd4 CMakeFiles/FreeRTOS_10_SWTimer_RTOSBased.dir/Middlewares/Third_Party/FreeRTOS/Source/queue.c.obj
 .text.prvCopyDataFromQueue
                0x0800429c       0x4c CMakeFiles/FreeRTOS_10_SWTimer_RTOSBased.dir/Middlewares/Third_Party/FreeRTOS/Source/queue.c.obj
 .text.prvUnlockQueue
                0x080042e8       0xa4 CMakeFiles/FreeRTOS_10_SWTimer_RTOSBased.dir/Middlewares/Third_Party/FreeRTOS/Source/queue.c.obj
 .text.prvIsQueueEmpty
                0x0800438c       0x2c CMakeFiles/FreeRTOS_10_SWTimer_RTOSBased.dir/Middlewares/Third_Party/FreeRTOS/Source/queue.c.obj
 .text.prvIsQueueFull
                0x080043b8       0x30 CMakeFiles/FreeRTOS_10_SWTimer_RTOSBased.dir/Middlewares/Third_Party/FreeRTOS/Source/queue.c.obj
 .text.vQueueAddToRegistry
                0x080043e8       0x54 CMakeFiles/FreeRTOS_10_SWTimer_RTOSBased.dir/Middlewares/Third_Party/FreeRTOS/Source/queue.c.obj
                0x080043e8                vQueueAddToRegistry
 .text.vQueueWaitForMessageRestricted
                0x0800443c       0x68 CMakeFiles/FreeRTOS_10_SWTimer_RTOSBased.dir/Middlewares/Third_Party/FreeRTOS/Source/queue.c.obj
                0x0800443c                vQueueWaitForMessageRestricted
 .text.xTaskCreateStatic
                0x080044a4       0xd0 CMakeFiles/FreeRTOS_10_SWTimer_RTOSBased.dir/Middlewares/Third_Party/FreeRTOS/Source/tasks.c.obj
                0x080044a4                xTaskCreateStatic
 .text.xTaskCreate
                0x08004574       0x8c CMakeFiles/FreeRTOS_10_SWTimer_RTOSBased.dir/Middlewares/Third_Party/FreeRTOS/Source/tasks.c.obj
                0x08004574                xTaskCreate
 .text.prvInitialiseNewTask
                0x08004600      0x194 CMakeFiles/FreeRTOS_10_SWTimer_RTOSBased.dir/Middlewares/Third_Party/FreeRTOS/Source/tasks.c.obj
 .text.prvAddNewTaskToReadyList
                0x08004794       0xd4 CMakeFiles/FreeRTOS_10_SWTimer_RTOSBased.dir/Middlewares/Third_Party/FreeRTOS/Source/tasks.c.obj
 .text.vTaskDelay
                0x08004868       0x70 CMakeFiles/FreeRTOS_10_SWTimer_RTOSBased.dir/Middlewares/Third_Party/FreeRTOS/Source/tasks.c.obj
                0x08004868                vTaskDelay
 .text.vTaskStartScheduler
                0x080048d8       0xe8 CMakeFiles/FreeRTOS_10_SWTimer_RTOSBased.dir/Middlewares/Third_Party/FreeRTOS/Source/tasks.c.obj
                0x080048d8                vTaskStartScheduler
 .text.vTaskSuspendAll
                0x080049c0       0x1c CMakeFiles/FreeRTOS_10_SWTimer_RTOSBased.dir/Middlewares/Third_Party/FreeRTOS/Source/tasks.c.obj
                0x080049c0                vTaskSuspendAll
 .text.xTaskResumeAll
                0x080049dc      0x140 CMakeFiles/FreeRTOS_10_SWTimer_RTOSBased.dir/Middlewares/Third_Party/FreeRTOS/Source/tasks.c.obj
                0x080049dc                xTaskResumeAll
 .text.xTaskGetTickCount
                0x08004b1c       0x20 CMakeFiles/FreeRTOS_10_SWTimer_RTOSBased.dir/Middlewares/Third_Party/FreeRTOS/Source/tasks.c.obj
                0x08004b1c                xTaskGetTickCount
 .text.xTaskIncrementTick
                0x08004b3c      0x178 CMakeFiles/FreeRTOS_10_SWTimer_RTOSBased.dir/Middlewares/Third_Party/FreeRTOS/Source/tasks.c.obj
                0x08004b3c                xTaskIncrementTick
 .text.vTaskSwitchContext
                0x08004cb4       0xcc CMakeFiles/FreeRTOS_10_SWTimer_RTOSBased.dir/Middlewares/Third_Party/FreeRTOS/Source/tasks.c.obj
                0x08004cb4                vTaskSwitchContext
 .text.vTaskPlaceOnEventList
                0x08004d80       0x50 CMakeFiles/FreeRTOS_10_SWTimer_RTOSBased.dir/Middlewares/Third_Party/FreeRTOS/Source/tasks.c.obj
                0x08004d80                vTaskPlaceOnEventList
 .text.vTaskPlaceOnEventListRestricted
                0x08004dd0       0x5c CMakeFiles/FreeRTOS_10_SWTimer_RTOSBased.dir/Middlewares/Third_Party/FreeRTOS/Source/tasks.c.obj
                0x08004dd0                vTaskPlaceOnEventListRestricted
 .text.xTaskRemoveFromEventList
                0x08004e2c       0xcc CMakeFiles/FreeRTOS_10_SWTimer_RTOSBased.dir/Middlewares/Third_Party/FreeRTOS/Source/tasks.c.obj
                0x08004e2c                xTaskRemoveFromEventList
 .text.vTaskInternalSetTimeOutState
                0x08004ef8       0x2c CMakeFiles/FreeRTOS_10_SWTimer_RTOSBased.dir/Middlewares/Third_Party/FreeRTOS/Source/tasks.c.obj
                0x08004ef8                vTaskInternalSetTimeOutState
 .text.xTaskCheckForTimeOut
                0x08004f24       0xd0 CMakeFiles/FreeRTOS_10_SWTimer_RTOSBased.dir/Middlewares/Third_Party/FreeRTOS/Source/tasks.c.obj
                0x08004f24                xTaskCheckForTimeOut
 .text.vTaskMissedYield
                0x08004ff4       0x18 CMakeFiles/FreeRTOS_10_SWTimer_RTOSBased.dir/Middlewares/Third_Party/FreeRTOS/Source/tasks.c.obj
                0x08004ff4                vTaskMissedYield
 .text.prvIdleTask
                0x0800500c       0x30 CMakeFiles/FreeRTOS_10_SWTimer_RTOSBased.dir/Middlewares/Third_Party/FreeRTOS/Source/tasks.c.obj
 .text.prvInitialiseTaskLists
                0x0800503c       0x80 CMakeFiles/FreeRTOS_10_SWTimer_RTOSBased.dir/Middlewares/Third_Party/FreeRTOS/Source/tasks.c.obj
 .text.prvCheckTasksWaitingTermination
                0x080050bc       0x5c CMakeFiles/FreeRTOS_10_SWTimer_RTOSBased.dir/Middlewares/Third_Party/FreeRTOS/Source/tasks.c.obj
 .text.prvDeleteTCB
                0x08005118       0x6e CMakeFiles/FreeRTOS_10_SWTimer_RTOSBased.dir/Middlewares/Third_Party/FreeRTOS/Source/tasks.c.obj
 *fill*         0x08005186        0x2 
 .text.prvResetNextTaskUnblockTime
                0x08005188       0x40 CMakeFiles/FreeRTOS_10_SWTimer_RTOSBased.dir/Middlewares/Third_Party/FreeRTOS/Source/tasks.c.obj
 .text.xTaskGetSchedulerState
                0x080051c8       0x3c CMakeFiles/FreeRTOS_10_SWTimer_RTOSBased.dir/Middlewares/Third_Party/FreeRTOS/Source/tasks.c.obj
                0x080051c8                xTaskGetSchedulerState
 .text.xTaskPriorityDisinherit
                0x08005204      0x118 CMakeFiles/FreeRTOS_10_SWTimer_RTOSBased.dir/Middlewares/Third_Party/FreeRTOS/Source/tasks.c.obj
                0x08005204                xTaskPriorityDisinherit
 .text.prvAddCurrentTaskToDelayedList
                0x0800531c       0xcc CMakeFiles/FreeRTOS_10_SWTimer_RTOSBased.dir/Middlewares/Third_Party/FreeRTOS/Source/tasks.c.obj
 .text.xTimerCreateTimerTask
                0x080053e8       0x98 CMakeFiles/FreeRTOS_10_SWTimer_RTOSBased.dir/Middlewares/Third_Party/FreeRTOS/Source/timers.c.obj
                0x080053e8                xTimerCreateTimerTask
 .text.xTimerCreate
                0x08005480       0x42 CMakeFiles/FreeRTOS_10_SWTimer_RTOSBased.dir/Middlewares/Third_Party/FreeRTOS/Source/timers.c.obj
                0x08005480                xTimerCreate
 .text.prvInitialiseNewTimer
                0x080054c2       0x7c CMakeFiles/FreeRTOS_10_SWTimer_RTOSBased.dir/Middlewares/Third_Party/FreeRTOS/Source/timers.c.obj
 *fill*         0x0800553e        0x2 
 .text.xTimerGenericCommand
                0x08005540       0xa0 CMakeFiles/FreeRTOS_10_SWTimer_RTOSBased.dir/Middlewares/Third_Party/FreeRTOS/Source/timers.c.obj
                0x08005540                xTimerGenericCommand
 .text.prvProcessExpiredTimer
                0x080055e0       0xa0 CMakeFiles/FreeRTOS_10_SWTimer_RTOSBased.dir/Middlewares/Third_Party/FreeRTOS/Source/timers.c.obj
 .text.prvTimerTask
                0x08005680       0x26 CMakeFiles/FreeRTOS_10_SWTimer_RTOSBased.dir/Middlewares/Third_Party/FreeRTOS/Source/timers.c.obj
 *fill*         0x080056a6        0x2 
 .text.prvProcessTimerOrBlockTask
                0x080056a8       0x9c CMakeFiles/FreeRTOS_10_SWTimer_RTOSBased.dir/Middlewares/Third_Party/FreeRTOS/Source/timers.c.obj
 .text.prvGetNextExpireTime
                0x08005744       0x48 CMakeFiles/FreeRTOS_10_SWTimer_RTOSBased.dir/Middlewares/Third_Party/FreeRTOS/Source/timers.c.obj
 .text.prvSampleTimeNow
                0x0800578c       0x40 CMakeFiles/FreeRTOS_10_SWTimer_RTOSBased.dir/Middlewares/Third_Party/FreeRTOS/Source/timers.c.obj
 .text.prvInsertTimerInActiveList
                0x080057cc       0x84 CMakeFiles/FreeRTOS_10_SWTimer_RTOSBased.dir/Middlewares/Third_Party/FreeRTOS/Source/timers.c.obj
 .text.prvProcessReceivedCommands
                0x08005850      0x19c CMakeFiles/FreeRTOS_10_SWTimer_RTOSBased.dir/Middlewares/Third_Party/FreeRTOS/Source/timers.c.obj
 .text.prvSwitchTimerLists
                0x080059ec       0xd0 CMakeFiles/FreeRTOS_10_SWTimer_RTOSBased.dir/Middlewares/Third_Party/FreeRTOS/Source/timers.c.obj
 .text.prvCheckForValidListAndQueue
                0x08005abc       0x80 CMakeFiles/FreeRTOS_10_SWTimer_RTOSBased.dir/Middlewares/Third_Party/FreeRTOS/Source/timers.c.obj
 .text.pvPortMalloc
                0x08005b3c      0x19c CMakeFiles/FreeRTOS_10_SWTimer_RTOSBased.dir/Middlewares/Third_Party/FreeRTOS/Source/portable/MemMang/heap_4.c.obj
                0x08005b3c                pvPortMalloc
 .text.vPortFree
                0x08005cd8       0xc0 CMakeFiles/FreeRTOS_10_SWTimer_RTOSBased.dir/Middlewares/Third_Party/FreeRTOS/Source/portable/MemMang/heap_4.c.obj
                0x08005cd8                vPortFree
 .text.prvHeapInit
                0x08005d98       0xc4 CMakeFiles/FreeRTOS_10_SWTimer_RTOSBased.dir/Middlewares/Third_Party/FreeRTOS/Source/portable/MemMang/heap_4.c.obj
 .text.prvInsertBlockIntoFreeList
                0x08005e5c       0xb4 CMakeFiles/FreeRTOS_10_SWTimer_RTOSBased.dir/Middlewares/Third_Party/FreeRTOS/Source/portable/MemMang/heap_4.c.obj
 .text.pxPortInitialiseStack
                0x08005f10       0x68 CMakeFiles/FreeRTOS_10_SWTimer_RTOSBased.dir/Middlewares/Third_Party/FreeRTOS/Source/portable/GCC/ARM_CM7/r0p1/port.c.obj
                0x08005f10                pxPortInitialiseStack
 .text.prvTaskExitError
                0x08005f78       0x64 CMakeFiles/FreeRTOS_10_SWTimer_RTOSBased.dir/Middlewares/Third_Party/FreeRTOS/Source/portable/GCC/ARM_CM7/r0p1/port.c.obj
 *fill*         0x08005fdc        0x4 
 .text.SVC_Handler
                0x08005fe0       0x28 CMakeFiles/FreeRTOS_10_SWTimer_RTOSBased.dir/Middlewares/Third_Party/FreeRTOS/Source/portable/GCC/ARM_CM7/r0p1/port.c.obj
                0x08005fe0                SVC_Handler
 .text.prvPortStartFirstTask
                0x08006008       0x28 CMakeFiles/FreeRTOS_10_SWTimer_RTOSBased.dir/Middlewares/Third_Party/FreeRTOS/Source/portable/GCC/ARM_CM7/r0p1/port.c.obj
 .text.xPortStartScheduler
                0x08006030       0xfc CMakeFiles/FreeRTOS_10_SWTimer_RTOSBased.dir/Middlewares/Third_Party/FreeRTOS/Source/portable/GCC/ARM_CM7/r0p1/port.c.obj
                0x08006030                xPortStartScheduler
 .text.vPortEnterCritical
                0x0800612c       0x6c CMakeFiles/FreeRTOS_10_SWTimer_RTOSBased.dir/Middlewares/Third_Party/FreeRTOS/Source/portable/GCC/ARM_CM7/r0p1/port.c.obj
                0x0800612c                vPortEnterCritical
 .text.vPortExitCritical
                0x08006198       0x58 CMakeFiles/FreeRTOS_10_SWTimer_RTOSBased.dir/Middlewares/Third_Party/FreeRTOS/Source/portable/GCC/ARM_CM7/r0p1/port.c.obj
                0x08006198                vPortExitCritical
 .text.PendSV_Handler
                0x080061f0       0x68 CMakeFiles/FreeRTOS_10_SWTimer_RTOSBased.dir/Middlewares/Third_Party/FreeRTOS/Source/portable/GCC/ARM_CM7/r0p1/port.c.obj
                0x080061f0                PendSV_Handler
 .text.SysTick_Handler
                0x08006258       0x48 CMakeFiles/FreeRTOS_10_SWTimer_RTOSBased.dir/Middlewares/Third_Party/FreeRTOS/Source/portable/GCC/ARM_CM7/r0p1/port.c.obj
                0x08006258                SysTick_Handler
 .text.vPortSetupTimerInterrupt
                0x080062a0       0x48 CMakeFiles/FreeRTOS_10_SWTimer_RTOSBased.dir/Middlewares/Third_Party/FreeRTOS/Source/portable/GCC/ARM_CM7/r0p1/port.c.obj
                0x080062a0                vPortSetupTimerInterrupt
 .text.vPortEnableVFP
                0x080062e8       0x14 CMakeFiles/FreeRTOS_10_SWTimer_RTOSBased.dir/Middlewares/Third_Party/FreeRTOS/Source/portable/GCC/ARM_CM7/r0p1/port.c.obj
 .text.vPortValidateInterruptPriority
                0x080062fc       0x8c CMakeFiles/FreeRTOS_10_SWTimer_RTOSBased.dir/Middlewares/Third_Party/FreeRTOS/Source/portable/GCC/ARM_CM7/r0p1/port.c.obj
                0x080062fc                vPortValidateInterruptPriority
 .text.Reset_Handler
                0x08006388       0x50 CMakeFiles/FreeRTOS_10_SWTimer_RTOSBased.dir/startup_stm32f767xx.s.obj
                0x08006388                Reset_Handler
 .text.Default_Handler
                0x080063d8        0x2 CMakeFiles/FreeRTOS_10_SWTimer_RTOSBased.dir/startup_stm32f767xx.s.obj
                0x080063d8                RTC_Alarm_IRQHandler
                0x080063d8                EXTI2_IRQHandler
                0x080063d8                TIM8_CC_IRQHandler
                0x080063d8                UART8_IRQHandler
                0x080063d8                SPI4_IRQHandler
                0x080063d8                TIM1_CC_IRQHandler
                0x080063d8                DMA2_Stream5_IRQHandler
                0x080063d8                JPEG_IRQHandler
                0x080063d8                DMA1_Stream5_IRQHandler
                0x080063d8                CAN3_RX1_IRQHandler
                0x080063d8                PVD_IRQHandler
                0x080063d8                TAMP_STAMP_IRQHandler
                0x080063d8                CAN2_RX1_IRQHandler
                0x080063d8                EXTI3_IRQHandler
                0x080063d8                TIM8_TRG_COM_TIM14_IRQHandler
                0x080063d8                DFSDM1_FLT1_IRQHandler
                0x080063d8                TIM1_UP_TIM10_IRQHandler
                0x080063d8                TIM8_UP_TIM13_IRQHandler
                0x080063d8                I2C3_ER_IRQHandler
                0x080063d8                DFSDM1_FLT2_IRQHandler
                0x080063d8                EXTI0_IRQHandler
                0x080063d8                I2C2_EV_IRQHandler
                0x080063d8                DMA1_Stream2_IRQHandler
                0x080063d8                CAN1_RX0_IRQHandler
                0x080063d8                FPU_IRQHandler
                0x080063d8                OTG_HS_WKUP_IRQHandler
                0x080063d8                CAN3_SCE_IRQHandler
                0x080063d8                LTDC_ER_IRQHandler
                0x080063d8                CAN2_SCE_IRQHandler
                0x080063d8                DMA2_Stream2_IRQHandler
                0x080063d8                SPI1_IRQHandler
                0x080063d8                TIM1_BRK_TIM9_IRQHandler
                0x080063d8                DCMI_IRQHandler
                0x080063d8                CAN2_RX0_IRQHandler
                0x080063d8                DMA2_Stream3_IRQHandler
                0x080063d8                SAI2_IRQHandler
                0x080063d8                DFSDM1_FLT3_IRQHandler
                0x080063d8                USART6_IRQHandler
                0x080063d8                CAN3_RX0_IRQHandler
                0x080063d8                CAN1_RX1_IRQHandler
                0x080063d8                UART5_IRQHandler
                0x080063d8                DMA2_Stream0_IRQHandler
                0x080063d8                TIM4_IRQHandler
                0x080063d8                QUADSPI_IRQHandler
                0x080063d8                I2C1_EV_IRQHandler
                0x080063d8                DMA1_Stream6_IRQHandler
                0x080063d8                DMA1_Stream1_IRQHandler
                0x080063d8                UART4_IRQHandler
                0x080063d8                TIM3_IRQHandler
                0x080063d8                RCC_IRQHandler
                0x080063d8                TIM8_BRK_TIM12_IRQHandler
                0x080063d8                Default_Handler
                0x080063d8                CEC_IRQHandler
                0x080063d8                EXTI15_10_IRQHandler
                0x080063d8                ADC_IRQHandler
                0x080063d8                DMA1_Stream7_IRQHandler
                0x080063d8                SPI5_IRQHandler
                0x080063d8                TIM7_IRQHandler
                0x080063d8                SDMMC1_IRQHandler
                0x080063d8                CAN2_TX_IRQHandler
                0x080063d8                TIM5_IRQHandler
                0x080063d8                DMA2_Stream7_IRQHandler
                0x080063d8                I2C3_EV_IRQHandler
                0x080063d8                EXTI9_5_IRQHandler
                0x080063d8                RTC_WKUP_IRQHandler
                0x080063d8                LTDC_IRQHandler
                0x080063d8                ETH_WKUP_IRQHandler
                0x080063d8                SPDIF_RX_IRQHandler
                0x080063d8                SPI2_IRQHandler
                0x080063d8                OTG_HS_EP1_IN_IRQHandler
                0x080063d8                DMA1_Stream0_IRQHandler
                0x080063d8                CAN1_TX_IRQHandler
                0x080063d8                EXTI4_IRQHandler
                0x080063d8                RNG_IRQHandler
                0x080063d8                ETH_IRQHandler
                0x080063d8                OTG_HS_EP1_OUT_IRQHandler
                0x080063d8                WWDG_IRQHandler
                0x080063d8                SPI6_IRQHandler
                0x080063d8                MDIOS_IRQHandler
                0x080063d8                I2C4_EV_IRQHandler
                0x080063d8                CAN3_TX_IRQHandler
                0x080063d8                TIM2_IRQHandler
                0x080063d8                OTG_FS_WKUP_IRQHandler
                0x080063d8                TIM1_TRG_COM_TIM11_IRQHandler
                0x080063d8                OTG_HS_IRQHandler
                0x080063d8                DMA2D_IRQHandler
                0x080063d8                EXTI1_IRQHandler
                0x080063d8                SDMMC2_IRQHandler
                0x080063d8                UART7_IRQHandler
                0x080063d8                USART2_IRQHandler
                0x080063d8                DFSDM1_FLT0_IRQHandler
                0x080063d8                I2C2_ER_IRQHandler
                0x080063d8                DMA2_Stream1_IRQHandler
                0x080063d8                CAN1_SCE_IRQHandler
                0x080063d8                FLASH_IRQHandler
                0x080063d8                DMA2_Stream4_IRQHandler
                0x080063d8                USART1_IRQHandler
                0x080063d8                OTG_FS_IRQHandler
                0x080063d8                SPI3_IRQHandler
                0x080063d8                DMA1_Stream4_IRQHandler
                0x080063d8                I2C1_ER_IRQHandler
                0x080063d8                FMC_IRQHandler
                0x080063d8                LPTIM1_IRQHandler
                0x080063d8                I2C4_ER_IRQHandler
                0x080063d8                DMA2_Stream6_IRQHandler
                0x080063d8                SAI1_IRQHandler
                0x080063d8                DMA1_Stream3_IRQHandler
 .text.memcpy   0x080063da       0x1c /home/arvliv/st/stm32cubeclt_1.16.0/GNU-tools-for-STM32/bin/../lib/gcc/arm-none-eabi/12.3.1/../../../../arm-none-eabi/lib/thumb/v7e-m+dp/hard/libg_nano.a(libc_a-memcpy-stub.o)
                0x080063da                memcpy
 *(.glue_7)
 .glue_7        0x080063f6        0x0 linker stubs
 *(.glue_7t)
 .glue_7t       0x080063f6        0x0 linker stubs
 *(.eh_frame)
 *fill*         0x080063f6        0x2 
 .eh_frame      0x080063f8        0x0 /home/arvliv/st/stm32cubeclt_1.16.0/GNU-tools-for-STM32/bin/../lib/gcc/arm-none-eabi/12.3.1/thumb/v7e-m+dp/hard/crtbegin.o
 *(.init)
 .init          0x080063f8        0x4 /home/arvliv/st/stm32cubeclt_1.16.0/GNU-tools-for-STM32/bin/../lib/gcc/arm-none-eabi/12.3.1/thumb/v7e-m+dp/hard/crti.o
                0x080063f8                _init
 .init          0x080063fc        0x8 /home/arvliv/st/stm32cubeclt_1.16.0/GNU-tools-for-STM32/bin/../lib/gcc/arm-none-eabi/12.3.1/thumb/v7e-m+dp/hard/crtn.o
 *(.fini)
 .fini          0x08006404        0x4 /home/arvliv/st/stm32cubeclt_1.16.0/GNU-tools-for-STM32/bin/../lib/gcc/arm-none-eabi/12.3.1/thumb/v7e-m+dp/hard/crti.o
                0x08006404                _fini
 .fini          0x08006408        0x8 /home/arvliv/st/stm32cubeclt_1.16.0/GNU-tools-for-STM32/bin/../lib/gcc/arm-none-eabi/12.3.1/thumb/v7e-m+dp/hard/crtn.o
                0x08006410                        . = ALIGN (0x4)
                0x08006410                        _etext = .

.vfp11_veneer   0x08006410        0x0
 .vfp11_veneer  0x08006410        0x0 linker stubs

.v4_bx          0x08006410        0x0
 .v4_bx         0x08006410        0x0 linker stubs

.iplt           0x08006410        0x0
 .iplt          0x08006410        0x0 /home/arvliv/st/stm32cubeclt_1.16.0/GNU-tools-for-STM32/bin/../lib/gcc/arm-none-eabi/12.3.1/thumb/v7e-m+dp/hard/crtbegin.o

.rodata         0x08006410       0xc0
                0x08006410                        . = ALIGN (0x4)
 *(.rodata)
 .rodata        0x08006410       0x8f CMakeFiles/FreeRTOS_10_SWTimer_RTOSBased.dir/Core/Src/main.c.obj
 *fill*         0x0800649f        0x1 
 .rodata        0x080064a0        0x5 CMakeFiles/FreeRTOS_10_SWTimer_RTOSBased.dir/Middlewares/Third_Party/FreeRTOS/Source/tasks.c.obj
 *fill*         0x080064a5        0x3 
 .rodata        0x080064a8        0xd CMakeFiles/FreeRTOS_10_SWTimer_RTOSBased.dir/Middlewares/Third_Party/FreeRTOS/Source/timers.c.obj
 *(.rodata*)
 *fill*         0x080064b5        0x3 
 .rodata.AHBPrescTable
                0x080064b8       0x10 CMakeFiles/FreeRTOS_10_SWTimer_RTOSBased.dir/Core/Src/system_stm32f7xx.c.obj
                0x080064b8                AHBPrescTable
 .rodata.APBPrescTable
                0x080064c8        0x8 CMakeFiles/FreeRTOS_10_SWTimer_RTOSBased.dir/Core/Src/system_stm32f7xx.c.obj
                0x080064c8                APBPrescTable
                0x080064d0                        . = ALIGN (0x4)

.ARM.extab
 *(.ARM.extab* .gnu.linkonce.armextab.*)

.ARM            0x080064d0        0x8
                0x080064d0                        __exidx_start = .
 *(.ARM.exidx*)
 .ARM.exidx     0x080064d0        0x8 /home/arvliv/st/stm32cubeclt_1.16.0/GNU-tools-for-STM32/bin/../lib/gcc/arm-none-eabi/12.3.1/thumb/v7e-m+dp/hard/libgcc.a(_udivmoddi4.o)
 .ARM.exidx     0x080064d8        0x0 /home/arvliv/st/stm32cubeclt_1.16.0/GNU-tools-for-STM32/bin/../lib/gcc/arm-none-eabi/12.3.1/../../../../arm-none-eabi/lib/thumb/v7e-m+dp/hard/libg_nano.a(libc_a-strlen.o)
                                  0x8 (size before relaxing)
                0x080064d8                        __exidx_end = .

.rel.dyn        0x080064d8        0x0
 .rel.iplt      0x080064d8        0x0 /home/arvliv/st/stm32cubeclt_1.16.0/GNU-tools-for-STM32/bin/../lib/gcc/arm-none-eabi/12.3.1/thumb/v7e-m+dp/hard/crtbegin.o

.preinit_array  0x080064d8        0x0
                0x080064d8                        PROVIDE (__preinit_array_start = .)
 *(.preinit_array*)
                0x080064d8                        PROVIDE (__preinit_array_end = .)

.init_array     0x080064d8        0x4
                0x080064d8                        PROVIDE (__init_array_start = .)
 *(SORT_BY_NAME(.init_array.*))
 *(.init_array*)
 .init_array    0x080064d8        0x4 /home/arvliv/st/stm32cubeclt_1.16.0/GNU-tools-for-STM32/bin/../lib/gcc/arm-none-eabi/12.3.1/thumb/v7e-m+dp/hard/crtbegin.o
                0x080064dc                        PROVIDE (__init_array_end = .)

.fini_array     0x080064dc        0x4
                [!provide]                        PROVIDE (__fini_array_start = .)
 *(SORT_BY_NAME(.fini_array.*))
 *(.fini_array*)
 .fini_array    0x080064dc        0x4 /home/arvliv/st/stm32cubeclt_1.16.0/GNU-tools-for-STM32/bin/../lib/gcc/arm-none-eabi/12.3.1/thumb/v7e-m+dp/hard/crtbegin.o
                [!provide]                        PROVIDE (__fini_array_end = .)
                0x080064e0                        _sidata = LOADADDR (.data)

.data           0x20000000       0x60 load address 0x080064e0
                0x20000000                        . = ALIGN (0x4)
                0x20000000                        _sdata = .
 *(.data)
 *(.data*)
 .data._impure_ptr
                0x20000000        0x4 /home/arvliv/st/stm32cubeclt_1.16.0/GNU-tools-for-STM32/bin/../lib/gcc/arm-none-eabi/12.3.1/../../../../arm-none-eabi/lib/thumb/v7e-m+dp/hard/libc_nano.a(libc_a-impure.o)
                0x20000000                _impure_ptr
 .data._impure_data
                0x20000004       0x4c /home/arvliv/st/stm32cubeclt_1.16.0/GNU-tools-for-STM32/bin/../lib/gcc/arm-none-eabi/12.3.1/../../../../arm-none-eabi/lib/thumb/v7e-m+dp/hard/libc_nano.a(libc_a-impure.o)
                0x20000004                _impure_data
 .data.uwTickPrio
                0x20000050        0x4 CMakeFiles/FreeRTOS_10_SWTimer_RTOSBased.dir/Drivers/STM32F7xx_HAL_Driver/Src/stm32f7xx_hal.c.obj
                0x20000050                uwTickPrio
 .data.uwTickFreq
                0x20000054        0x1 CMakeFiles/FreeRTOS_10_SWTimer_RTOSBased.dir/Drivers/STM32F7xx_HAL_Driver/Src/stm32f7xx_hal.c.obj
                0x20000054                uwTickFreq
 *fill*         0x20000055        0x3 
 .data.SystemCoreClock
                0x20000058        0x4 CMakeFiles/FreeRTOS_10_SWTimer_RTOSBased.dir/Core/Src/system_stm32f7xx.c.obj
                0x20000058                SystemCoreClock
 .data.uxCriticalNesting
                0x2000005c        0x4 CMakeFiles/FreeRTOS_10_SWTimer_RTOSBased.dir/Middlewares/Third_Party/FreeRTOS/Source/portable/GCC/ARM_CM7/r0p1/port.c.obj
                0x20000060                        . = ALIGN (0x4)
                0x20000060                        _edata = .

.igot.plt       0x20000060        0x0 load address 0x08006540
 .igot.plt      0x20000060        0x0 /home/arvliv/st/stm32cubeclt_1.16.0/GNU-tools-for-STM32/bin/../lib/gcc/arm-none-eabi/12.3.1/thumb/v7e-m+dp/hard/crtbegin.o
                0x20000060                        . = ALIGN (0x4)

.bss            0x20000060     0x49ac load address 0x08006540
                0x20000060                        _sbss = .
                0x20000060                        __bss_start__ = _sbss
 *(.bss)
 .bss           0x20000060       0x1c /home/arvliv/st/stm32cubeclt_1.16.0/GNU-tools-for-STM32/bin/../lib/gcc/arm-none-eabi/12.3.1/thumb/v7e-m+dp/hard/crtbegin.o
 *(.bss*)
 .bss.__sf      0x2000007c      0x138 /home/arvliv/st/stm32cubeclt_1.16.0/GNU-tools-for-STM32/bin/../lib/gcc/arm-none-eabi/12.3.1/../../../../arm-none-eabi/lib/thumb/v7e-m+dp/hard/libc_nano.a(libc_a-findfp.o)
                0x2000007c                __sf
 .bss.__lock___malloc_recursive_mutex
                0x200001b4        0x1 /home/arvliv/st/stm32cubeclt_1.16.0/GNU-tools-for-STM32/bin/../lib/gcc/arm-none-eabi/12.3.1/../../../../arm-none-eabi/lib/thumb/v7e-m+dp/hard/libc_nano.a(libc_a-lock.o)
                0x200001b4                __lock___malloc_recursive_mutex
 *fill*         0x200001b5        0x3 
 .bss.__malloc_free_list
                0x200001b8        0x4 /home/arvliv/st/stm32cubeclt_1.16.0/GNU-tools-for-STM32/bin/../lib/gcc/arm-none-eabi/12.3.1/../../../../arm-none-eabi/lib/thumb/v7e-m+dp/hard/libc_nano.a(libc_a-mallocr.o)
                0x200001b8                __malloc_free_list
 .bss.huart3    0x200001bc       0x80 CMakeFiles/FreeRTOS_10_SWTimer_RTOSBased.dir/Core/Src/main.c.obj
                0x200001bc                huart3
 .bss.PTHandle  0x2000023c        0x4 CMakeFiles/FreeRTOS_10_SWTimer_RTOSBased.dir/Core/Src/main.c.obj
                0x2000023c                PTHandle
 .bss.OTHandle  0x20000240        0x4 CMakeFiles/FreeRTOS_10_SWTimer_RTOSBased.dir/Core/Src/main.c.obj
                0x20000240                OTHandle
 .bss.uartTaskHandle
                0x20000244        0x4 CMakeFiles/FreeRTOS_10_SWTimer_RTOSBased.dir/Core/Src/main.c.obj
                0x20000244                uartTaskHandle
 .bss.ledTaskHandle
                0x20000248        0x4 CMakeFiles/FreeRTOS_10_SWTimer_RTOSBased.dir/Core/Src/main.c.obj
                0x20000248                ledTaskHandle
 *fill*         0x2000024c        0x4 
 .bss.xIdleTaskTCBBuffer
                0x20000250      0x178 CMakeFiles/FreeRTOS_10_SWTimer_RTOSBased.dir/Core/Src/freertos.c.obj
 .bss.xIdleStack
                0x200003c8      0x200 CMakeFiles/FreeRTOS_10_SWTimer_RTOSBased.dir/Core/Src/freertos.c.obj
 .bss.xTimerTaskTCBBuffer
                0x200005c8      0x178 CMakeFiles/FreeRTOS_10_SWTimer_RTOSBased.dir/Core/Src/freertos.c.obj
 .bss.xTimerStack
                0x20000740      0x400 CMakeFiles/FreeRTOS_10_SWTimer_RTOSBased.dir/Core/Src/freertos.c.obj
 .bss.htim6     0x20000b40       0x40 CMakeFiles/FreeRTOS_10_SWTimer_RTOSBased.dir/Core/Src/stm32f7xx_hal_timebase_tim.c.obj
                0x20000b40                htim6
 .bss.uwTick    0x20000b80        0x4 CMakeFiles/FreeRTOS_10_SWTimer_RTOSBased.dir/Drivers/STM32F7xx_HAL_Driver/Src/stm32f7xx_hal.c.obj
                0x20000b80                uwTick
 .bss.xQueueRegistry
                0x20000b84       0x40 CMakeFiles/FreeRTOS_10_SWTimer_RTOSBased.dir/Middlewares/Third_Party/FreeRTOS/Source/queue.c.obj
                0x20000b84                xQueueRegistry
 .bss.pxCurrentTCB
                0x20000bc4        0x4 CMakeFiles/FreeRTOS_10_SWTimer_RTOSBased.dir/Middlewares/Third_Party/FreeRTOS/Source/tasks.c.obj
                0x20000bc4                pxCurrentTCB
 .bss.pxReadyTasksLists
                0x20000bc8       0x8c CMakeFiles/FreeRTOS_10_SWTimer_RTOSBased.dir/Middlewares/Third_Party/FreeRTOS/Source/tasks.c.obj
 .bss.xDelayedTaskList1
                0x20000c54       0x14 CMakeFiles/FreeRTOS_10_SWTimer_RTOSBased.dir/Middlewares/Third_Party/FreeRTOS/Source/tasks.c.obj
 .bss.xDelayedTaskList2
                0x20000c68       0x14 CMakeFiles/FreeRTOS_10_SWTimer_RTOSBased.dir/Middlewares/Third_Party/FreeRTOS/Source/tasks.c.obj
 .bss.pxDelayedTaskList
                0x20000c7c        0x4 CMakeFiles/FreeRTOS_10_SWTimer_RTOSBased.dir/Middlewares/Third_Party/FreeRTOS/Source/tasks.c.obj
 .bss.pxOverflowDelayedTaskList
                0x20000c80        0x4 CMakeFiles/FreeRTOS_10_SWTimer_RTOSBased.dir/Middlewares/Third_Party/FreeRTOS/Source/tasks.c.obj
 .bss.xPendingReadyList
                0x20000c84       0x14 CMakeFiles/FreeRTOS_10_SWTimer_RTOSBased.dir/Middlewares/Third_Party/FreeRTOS/Source/tasks.c.obj
 .bss.xTasksWaitingTermination
                0x20000c98       0x14 CMakeFiles/FreeRTOS_10_SWTimer_RTOSBased.dir/Middlewares/Third_Party/FreeRTOS/Source/tasks.c.obj
 .bss.uxDeletedTasksWaitingCleanUp
                0x20000cac        0x4 CMakeFiles/FreeRTOS_10_SWTimer_RTOSBased.dir/Middlewares/Third_Party/FreeRTOS/Source/tasks.c.obj
 .bss.xSuspendedTaskList
                0x20000cb0       0x14 CMakeFiles/FreeRTOS_10_SWTimer_RTOSBased.dir/Middlewares/Third_Party/FreeRTOS/Source/tasks.c.obj
 .bss.uxCurrentNumberOfTasks
                0x20000cc4        0x4 CMakeFiles/FreeRTOS_10_SWTimer_RTOSBased.dir/Middlewares/Third_Party/FreeRTOS/Source/tasks.c.obj
 .bss.xTickCount
                0x20000cc8        0x4 CMakeFiles/FreeRTOS_10_SWTimer_RTOSBased.dir/Middlewares/Third_Party/FreeRTOS/Source/tasks.c.obj
 .bss.uxTopReadyPriority
                0x20000ccc        0x4 CMakeFiles/FreeRTOS_10_SWTimer_RTOSBased.dir/Middlewares/Third_Party/FreeRTOS/Source/tasks.c.obj
 .bss.xSchedulerRunning
                0x20000cd0        0x4 CMakeFiles/FreeRTOS_10_SWTimer_RTOSBased.dir/Middlewares/Third_Party/FreeRTOS/Source/tasks.c.obj
 .bss.uxPendedTicks
                0x20000cd4        0x4 CMakeFiles/FreeRTOS_10_SWTimer_RTOSBased.dir/Middlewares/Third_Party/FreeRTOS/Source/tasks.c.obj
 .bss.xYieldPending
                0x20000cd8        0x4 CMakeFiles/FreeRTOS_10_SWTimer_RTOSBased.dir/Middlewares/Third_Party/FreeRTOS/Source/tasks.c.obj
 .bss.xNumOfOverflows
                0x20000cdc        0x4 CMakeFiles/FreeRTOS_10_SWTimer_RTOSBased.dir/Middlewares/Third_Party/FreeRTOS/Source/tasks.c.obj
 .bss.uxTaskNumber
                0x20000ce0        0x4 CMakeFiles/FreeRTOS_10_SWTimer_RTOSBased.dir/Middlewares/Third_Party/FreeRTOS/Source/tasks.c.obj
 .bss.xNextTaskUnblockTime
                0x20000ce4        0x4 CMakeFiles/FreeRTOS_10_SWTimer_RTOSBased.dir/Middlewares/Third_Party/FreeRTOS/Source/tasks.c.obj
 .bss.xIdleTaskHandle
                0x20000ce8        0x4 CMakeFiles/FreeRTOS_10_SWTimer_RTOSBased.dir/Middlewares/Third_Party/FreeRTOS/Source/tasks.c.obj
 .bss.uxSchedulerSuspended
                0x20000cec        0x4 CMakeFiles/FreeRTOS_10_SWTimer_RTOSBased.dir/Middlewares/Third_Party/FreeRTOS/Source/tasks.c.obj
 .bss.xActiveTimerList1
                0x20000cf0       0x14 CMakeFiles/FreeRTOS_10_SWTimer_RTOSBased.dir/Middlewares/Third_Party/FreeRTOS/Source/timers.c.obj
 .bss.xActiveTimerList2
                0x20000d04       0x14 CMakeFiles/FreeRTOS_10_SWTimer_RTOSBased.dir/Middlewares/Third_Party/FreeRTOS/Source/timers.c.obj
 .bss.pxCurrentTimerList
                0x20000d18        0x4 CMakeFiles/FreeRTOS_10_SWTimer_RTOSBased.dir/Middlewares/Third_Party/FreeRTOS/Source/timers.c.obj
 .bss.pxOverflowTimerList
                0x20000d1c        0x4 CMakeFiles/FreeRTOS_10_SWTimer_RTOSBased.dir/Middlewares/Third_Party/FreeRTOS/Source/timers.c.obj
 .bss.xTimerQueue
                0x20000d20        0x4 CMakeFiles/FreeRTOS_10_SWTimer_RTOSBased.dir/Middlewares/Third_Party/FreeRTOS/Source/timers.c.obj
 .bss.xTimerTaskHandle
                0x20000d24        0x4 CMakeFiles/FreeRTOS_10_SWTimer_RTOSBased.dir/Middlewares/Third_Party/FreeRTOS/Source/timers.c.obj
 .bss.xLastTime.2
                0x20000d28        0x4 CMakeFiles/FreeRTOS_10_SWTimer_RTOSBased.dir/Middlewares/Third_Party/FreeRTOS/Source/timers.c.obj
 .bss.ucStaticTimerQueueStorage.1
                0x20000d2c       0x78 CMakeFiles/FreeRTOS_10_SWTimer_RTOSBased.dir/Middlewares/Third_Party/FreeRTOS/Source/timers.c.obj
 .bss.xStaticTimerQueue.0
                0x20000da4       0x48 CMakeFiles/FreeRTOS_10_SWTimer_RTOSBased.dir/Middlewares/Third_Party/FreeRTOS/Source/timers.c.obj
 .bss.ucHeap    0x20000dec     0x3c00 CMakeFiles/FreeRTOS_10_SWTimer_RTOSBased.dir/Middlewares/Third_Party/FreeRTOS/Source/portable/MemMang/heap_4.c.obj
 .bss.xStart    0x200049ec        0x8 CMakeFiles/FreeRTOS_10_SWTimer_RTOSBased.dir/Middlewares/Third_Party/FreeRTOS/Source/portable/MemMang/heap_4.c.obj
 .bss.pxEnd     0x200049f4        0x4 CMakeFiles/FreeRTOS_10_SWTimer_RTOSBased.dir/Middlewares/Third_Party/FreeRTOS/Source/portable/MemMang/heap_4.c.obj
 .bss.xFreeBytesRemaining
                0x200049f8        0x4 CMakeFiles/FreeRTOS_10_SWTimer_RTOSBased.dir/Middlewares/Third_Party/FreeRTOS/Source/portable/MemMang/heap_4.c.obj
 .bss.xMinimumEverFreeBytesRemaining
                0x200049fc        0x4 CMakeFiles/FreeRTOS_10_SWTimer_RTOSBased.dir/Middlewares/Third_Party/FreeRTOS/Source/portable/MemMang/heap_4.c.obj
 .bss.xBlockAllocatedBit
                0x20004a00        0x4 CMakeFiles/FreeRTOS_10_SWTimer_RTOSBased.dir/Middlewares/Third_Party/FreeRTOS/Source/portable/MemMang/heap_4.c.obj
 .bss.ucMaxSysCallPriority
                0x20004a04        0x1 CMakeFiles/FreeRTOS_10_SWTimer_RTOSBased.dir/Middlewares/Third_Party/FreeRTOS/Source/portable/GCC/ARM_CM7/r0p1/port.c.obj
 *fill*         0x20004a05        0x3 
 .bss.ulMaxPRIGROUPValue
                0x20004a08        0x4 CMakeFiles/FreeRTOS_10_SWTimer_RTOSBased.dir/Middlewares/Third_Party/FreeRTOS/Source/portable/GCC/ARM_CM7/r0p1/port.c.obj
 *(COMMON)
                0x20004a0c                        . = ALIGN (0x4)
                0x20004a0c                        _ebss = .
                0x20004a0c                        __bss_end__ = _ebss

._user_heap_stack
                0x20004a0c      0x604 load address 0x08006540
                0x20004a10                        . = ALIGN (0x8)
 *fill*         0x20004a0c        0x4 
                [!provide]                        PROVIDE (end = .)
                0x20004a10                        PROVIDE (_end = .)
                0x20004c10                        . = (. + _Min_Heap_Size)
 *fill*         0x20004a10      0x200 
                0x20005010                        . = (. + _Min_Stack_Size)
 *fill*         0x20004c10      0x400 
                0x20005010                        . = ALIGN (0x8)

/DISCARD/
 libc.a(*)
 libm.a(*)
 libgcc.a(*)

.ARM.attributes
                0x00000000       0x2e
 *(.ARM.attributes)
 .ARM.attributes
                0x00000000       0x20 /home/arvliv/st/stm32cubeclt_1.16.0/GNU-tools-for-STM32/bin/../lib/gcc/arm-none-eabi/12.3.1/thumb/v7e-m+dp/hard/crti.o
 .ARM.attributes
                0x00000020       0x32 /home/arvliv/st/stm32cubeclt_1.16.0/GNU-tools-for-STM32/bin/../lib/gcc/arm-none-eabi/12.3.1/thumb/v7e-m+dp/hard/crtbegin.o
 .ARM.attributes
                0x00000052       0x32 /home/arvliv/st/stm32cubeclt_1.16.0/GNU-tools-for-STM32/bin/../lib/gcc/arm-none-eabi/12.3.1/../../../../arm-none-eabi/lib/thumb/v7e-m+dp/hard/libc_nano.a(libc_a-findfp.o)
 .ARM.attributes
                0x00000084       0x32 /home/arvliv/st/stm32cubeclt_1.16.0/GNU-tools-for-STM32/bin/../lib/gcc/arm-none-eabi/12.3.1/../../../../arm-none-eabi/lib/thumb/v7e-m+dp/hard/libc_nano.a(libc_a-memset.o)
 .ARM.attributes
                0x000000b6       0x32 /home/arvliv/st/stm32cubeclt_1.16.0/GNU-tools-for-STM32/bin/../lib/gcc/arm-none-eabi/12.3.1/../../../../arm-none-eabi/lib/thumb/v7e-m+dp/hard/libc_nano.a(libc_a-reent.o)
 .ARM.attributes
                0x000000e8       0x32 /home/arvliv/st/stm32cubeclt_1.16.0/GNU-tools-for-STM32/bin/../lib/gcc/arm-none-eabi/12.3.1/../../../../arm-none-eabi/lib/thumb/v7e-m+dp/hard/libc_nano.a(libc_a-impure.o)
 .ARM.attributes
                0x0000011a       0x32 /home/arvliv/st/stm32cubeclt_1.16.0/GNU-tools-for-STM32/bin/../lib/gcc/arm-none-eabi/12.3.1/../../../../arm-none-eabi/lib/thumb/v7e-m+dp/hard/libc_nano.a(libc_a-init.o)
 .ARM.attributes
                0x0000014c       0x32 /home/arvliv/st/stm32cubeclt_1.16.0/GNU-tools-for-STM32/bin/../lib/gcc/arm-none-eabi/12.3.1/../../../../arm-none-eabi/lib/thumb/v7e-m+dp/hard/libc_nano.a(libc_a-lock.o)
 .ARM.attributes
                0x0000017e       0x32 /home/arvliv/st/stm32cubeclt_1.16.0/GNU-tools-for-STM32/bin/../lib/gcc/arm-none-eabi/12.3.1/../../../../arm-none-eabi/lib/thumb/v7e-m+dp/hard/libc_nano.a(libc_a-freer.o)
 .ARM.attributes
                0x000001b0       0x32 /home/arvliv/st/stm32cubeclt_1.16.0/GNU-tools-for-STM32/bin/../lib/gcc/arm-none-eabi/12.3.1/../../../../arm-none-eabi/lib/thumb/v7e-m+dp/hard/libc_nano.a(libc_a-mallocr.o)
 .ARM.attributes
                0x000001e2       0x32 /home/arvliv/st/stm32cubeclt_1.16.0/GNU-tools-for-STM32/bin/../lib/gcc/arm-none-eabi/12.3.1/../../../../arm-none-eabi/lib/thumb/v7e-m+dp/hard/libc_nano.a(libc_a-mlock.o)
 .ARM.attributes
                0x00000214       0x32 CMakeFiles/FreeRTOS_10_SWTimer_RTOSBased.dir/Core/Src/main.c.obj
 .ARM.attributes
                0x00000246       0x32 CMakeFiles/FreeRTOS_10_SWTimer_RTOSBased.dir/Core/Src/freertos.c.obj
 .ARM.attributes
                0x00000278       0x32 CMakeFiles/FreeRTOS_10_SWTimer_RTOSBased.dir/Core/Src/stm32f7xx_it.c.obj
 .ARM.attributes
                0x000002aa       0x32 CMakeFiles/FreeRTOS_10_SWTimer_RTOSBased.dir/Core/Src/stm32f7xx_hal_msp.c.obj
 .ARM.attributes
                0x000002dc       0x32 CMakeFiles/FreeRTOS_10_SWTimer_RTOSBased.dir/Core/Src/stm32f7xx_hal_timebase_tim.c.obj
 .ARM.attributes
                0x0000030e       0x32 CMakeFiles/FreeRTOS_10_SWTimer_RTOSBased.dir/Drivers/STM32F7xx_HAL_Driver/Src/stm32f7xx_hal_cortex.c.obj
 .ARM.attributes
                0x00000340       0x32 CMakeFiles/FreeRTOS_10_SWTimer_RTOSBased.dir/Drivers/STM32F7xx_HAL_Driver/Src/stm32f7xx_hal_rcc.c.obj
 .ARM.attributes
                0x00000372       0x32 CMakeFiles/FreeRTOS_10_SWTimer_RTOSBased.dir/Drivers/STM32F7xx_HAL_Driver/Src/stm32f7xx_hal_rcc_ex.c.obj
 .ARM.attributes
                0x000003a4       0x32 CMakeFiles/FreeRTOS_10_SWTimer_RTOSBased.dir/Drivers/STM32F7xx_HAL_Driver/Src/stm32f7xx_hal_gpio.c.obj
 .ARM.attributes
                0x000003d6       0x32 CMakeFiles/FreeRTOS_10_SWTimer_RTOSBased.dir/Drivers/STM32F7xx_HAL_Driver/Src/stm32f7xx_hal_dma.c.obj
 .ARM.attributes
                0x00000408       0x32 CMakeFiles/FreeRTOS_10_SWTimer_RTOSBased.dir/Drivers/STM32F7xx_HAL_Driver/Src/stm32f7xx_hal_pwr_ex.c.obj
 .ARM.attributes
                0x0000043a       0x32 CMakeFiles/FreeRTOS_10_SWTimer_RTOSBased.dir/Drivers/STM32F7xx_HAL_Driver/Src/stm32f7xx_hal.c.obj
 .ARM.attributes
                0x0000046c       0x32 CMakeFiles/FreeRTOS_10_SWTimer_RTOSBased.dir/Drivers/STM32F7xx_HAL_Driver/Src/stm32f7xx_hal_tim.c.obj
 .ARM.attributes
                0x0000049e       0x32 CMakeFiles/FreeRTOS_10_SWTimer_RTOSBased.dir/Drivers/STM32F7xx_HAL_Driver/Src/stm32f7xx_hal_tim_ex.c.obj
 .ARM.attributes
                0x000004d0       0x32 CMakeFiles/FreeRTOS_10_SWTimer_RTOSBased.dir/Drivers/STM32F7xx_HAL_Driver/Src/stm32f7xx_hal_uart.c.obj
 .ARM.attributes
                0x00000502       0x32 CMakeFiles/FreeRTOS_10_SWTimer_RTOSBased.dir/Core/Src/system_stm32f7xx.c.obj
 .ARM.attributes
                0x00000534       0x32 CMakeFiles/FreeRTOS_10_SWTimer_RTOSBased.dir/Middlewares/Third_Party/FreeRTOS/Source/list.c.obj
 .ARM.attributes
                0x00000566       0x32 CMakeFiles/FreeRTOS_10_SWTimer_RTOSBased.dir/Middlewares/Third_Party/FreeRTOS/Source/queue.c.obj
 .ARM.attributes
                0x00000598       0x32 CMakeFiles/FreeRTOS_10_SWTimer_RTOSBased.dir/Middlewares/Third_Party/FreeRTOS/Source/tasks.c.obj
 .ARM.attributes
                0x000005ca       0x32 CMakeFiles/FreeRTOS_10_SWTimer_RTOSBased.dir/Middlewares/Third_Party/FreeRTOS/Source/timers.c.obj
 .ARM.attributes
                0x000005fc       0x32 CMakeFiles/FreeRTOS_10_SWTimer_RTOSBased.dir/Middlewares/Third_Party/FreeRTOS/Source/portable/MemMang/heap_4.c.obj
 .ARM.attributes
                0x0000062e       0x32 CMakeFiles/FreeRTOS_10_SWTimer_RTOSBased.dir/Middlewares/Third_Party/FreeRTOS/Source/portable/GCC/ARM_CM7/r0p1/port.c.obj
 .ARM.attributes
                0x00000660       0x21 CMakeFiles/FreeRTOS_10_SWTimer_RTOSBased.dir/startup_stm32f767xx.s.obj
 .ARM.attributes
                0x00000681       0x20 /home/arvliv/st/stm32cubeclt_1.16.0/GNU-tools-for-STM32/bin/../lib/gcc/arm-none-eabi/12.3.1/thumb/v7e-m+dp/hard/libgcc.a(_aeabi_uldivmod.o)
 .ARM.attributes
                0x000006a1       0x32 /home/arvliv/st/stm32cubeclt_1.16.0/GNU-tools-for-STM32/bin/../lib/gcc/arm-none-eabi/12.3.1/thumb/v7e-m+dp/hard/libgcc.a(_udivmoddi4.o)
 .ARM.attributes
                0x000006d3       0x20 /home/arvliv/st/stm32cubeclt_1.16.0/GNU-tools-for-STM32/bin/../lib/gcc/arm-none-eabi/12.3.1/thumb/v7e-m+dp/hard/libgcc.a(_dvmd_tls.o)
 .ARM.attributes
                0x000006f3       0x32 /home/arvliv/st/stm32cubeclt_1.16.0/GNU-tools-for-STM32/bin/../lib/gcc/arm-none-eabi/12.3.1/../../../../arm-none-eabi/lib/thumb/v7e-m+dp/hard/libg_nano.a(libc_a-memcpy-stub.o)
 .ARM.attributes
                0x00000725       0x17 /home/arvliv/st/stm32cubeclt_1.16.0/GNU-tools-for-STM32/bin/../lib/gcc/arm-none-eabi/12.3.1/../../../../arm-none-eabi/lib/thumb/v7e-m+dp/hard/libg_nano.a(libc_a-strlen.o)
 .ARM.attributes
                0x0000073c       0x20 /home/arvliv/st/stm32cubeclt_1.16.0/GNU-tools-for-STM32/bin/../lib/gcc/arm-none-eabi/12.3.1/thumb/v7e-m+dp/hard/crtn.o
OUTPUT(FreeRTOS_10_SWTimer_RTOSBased.elf elf32-littlearm)
LOAD linker stubs
LOAD /home/arvliv/st/stm32cubeclt_1.16.0/GNU-tools-for-STM32/bin/../lib/gcc/arm-none-eabi/12.3.1/../../../../arm-none-eabi/lib/thumb/v7e-m+dp/hard/libc.a
LOAD /home/arvliv/st/stm32cubeclt_1.16.0/GNU-tools-for-STM32/bin/../lib/gcc/arm-none-eabi/12.3.1/../../../../arm-none-eabi/lib/thumb/v7e-m+dp/hard/libm.a
LOAD /home/arvliv/st/stm32cubeclt_1.16.0/GNU-tools-for-STM32/bin/../lib/gcc/arm-none-eabi/12.3.1/thumb/v7e-m+dp/hard/libgcc.a

.debug_frame    0x00000000     0x4d0c
 .debug_frame   0x00000000      0x144 /home/arvliv/st/stm32cubeclt_1.16.0/GNU-tools-for-STM32/bin/../lib/gcc/arm-none-eabi/12.3.1/../../../../arm-none-eabi/lib/thumb/v7e-m+dp/hard/libc_nano.a(libc_a-findfp.o)
 .debug_frame   0x00000144       0x20 /home/arvliv/st/stm32cubeclt_1.16.0/GNU-tools-for-STM32/bin/../lib/gcc/arm-none-eabi/12.3.1/../../../../arm-none-eabi/lib/thumb/v7e-m+dp/hard/libc_nano.a(libc_a-memset.o)
 .debug_frame   0x00000164       0x38 /home/arvliv/st/stm32cubeclt_1.16.0/GNU-tools-for-STM32/bin/../lib/gcc/arm-none-eabi/12.3.1/../../../../arm-none-eabi/lib/thumb/v7e-m+dp/hard/libc_nano.a(libc_a-reent.o)
 .debug_frame   0x0000019c       0x2c /home/arvliv/st/stm32cubeclt_1.16.0/GNU-tools-for-STM32/bin/../lib/gcc/arm-none-eabi/12.3.1/../../../../arm-none-eabi/lib/thumb/v7e-m+dp/hard/libc_nano.a(libc_a-init.o)
 .debug_frame   0x000001c8       0xb0 /home/arvliv/st/stm32cubeclt_1.16.0/GNU-tools-for-STM32/bin/../lib/gcc/arm-none-eabi/12.3.1/../../../../arm-none-eabi/lib/thumb/v7e-m+dp/hard/libc_nano.a(libc_a-lock.o)
 .debug_frame   0x00000278       0x38 /home/arvliv/st/stm32cubeclt_1.16.0/GNU-tools-for-STM32/bin/../lib/gcc/arm-none-eabi/12.3.1/../../../../arm-none-eabi/lib/thumb/v7e-m+dp/hard/libc_nano.a(libc_a-freer.o)
 .debug_frame   0x000002b0       0x50 /home/arvliv/st/stm32cubeclt_1.16.0/GNU-tools-for-STM32/bin/../lib/gcc/arm-none-eabi/12.3.1/../../../../arm-none-eabi/lib/thumb/v7e-m+dp/hard/libc_nano.a(libc_a-mallocr.o)
 .debug_frame   0x00000300       0x30 /home/arvliv/st/stm32cubeclt_1.16.0/GNU-tools-for-STM32/bin/../lib/gcc/arm-none-eabi/12.3.1/../../../../arm-none-eabi/lib/thumb/v7e-m+dp/hard/libc_nano.a(libc_a-mlock.o)
 .debug_frame   0x00000330      0x1d8 CMakeFiles/FreeRTOS_10_SWTimer_RTOSBased.dir/Core/Src/main.c.obj
 .debug_frame   0x00000508       0x60 CMakeFiles/FreeRTOS_10_SWTimer_RTOSBased.dir/Core/Src/freertos.c.obj
 .debug_frame   0x00000568       0xe0 CMakeFiles/FreeRTOS_10_SWTimer_RTOSBased.dir/Core/Src/stm32f7xx_it.c.obj
 .debug_frame   0x00000648       0x80 CMakeFiles/FreeRTOS_10_SWTimer_RTOSBased.dir/Core/Src/stm32f7xx_hal_msp.c.obj
 .debug_frame   0x000006c8       0x74 CMakeFiles/FreeRTOS_10_SWTimer_RTOSBased.dir/Core/Src/stm32f7xx_hal_timebase_tim.c.obj
 .debug_frame   0x0000073c      0x498 CMakeFiles/FreeRTOS_10_SWTimer_RTOSBased.dir/Drivers/STM32F7xx_HAL_Driver/Src/stm32f7xx_hal_cortex.c.obj
 .debug_frame   0x00000bd4      0x1f8 CMakeFiles/FreeRTOS_10_SWTimer_RTOSBased.dir/Drivers/STM32F7xx_HAL_Driver/Src/stm32f7xx_hal_rcc.c.obj
 .debug_frame   0x00000dcc      0x118 CMakeFiles/FreeRTOS_10_SWTimer_RTOSBased.dir/Drivers/STM32F7xx_HAL_Driver/Src/stm32f7xx_hal_rcc_ex.c.obj
 .debug_frame   0x00000ee4      0x14c CMakeFiles/FreeRTOS_10_SWTimer_RTOSBased.dir/Drivers/STM32F7xx_HAL_Driver/Src/stm32f7xx_hal_gpio.c.obj
 .debug_frame   0x00001030      0x250 CMakeFiles/FreeRTOS_10_SWTimer_RTOSBased.dir/Drivers/STM32F7xx_HAL_Driver/Src/stm32f7xx_hal_dma.c.obj
 .debug_frame   0x00001280      0x1c8 CMakeFiles/FreeRTOS_10_SWTimer_RTOSBased.dir/Drivers/STM32F7xx_HAL_Driver/Src/stm32f7xx_hal_pwr_ex.c.obj
 .debug_frame   0x00001448      0x3f4 CMakeFiles/FreeRTOS_10_SWTimer_RTOSBased.dir/Drivers/STM32F7xx_HAL_Driver/Src/stm32f7xx_hal.c.obj
 .debug_frame   0x0000183c     0x1144 CMakeFiles/FreeRTOS_10_SWTimer_RTOSBased.dir/Drivers/STM32F7xx_HAL_Driver/Src/stm32f7xx_hal_tim.c.obj
 .debug_frame   0x00002980      0x638 CMakeFiles/FreeRTOS_10_SWTimer_RTOSBased.dir/Drivers/STM32F7xx_HAL_Driver/Src/stm32f7xx_hal_tim_ex.c.obj
 .debug_frame   0x00002fb8      0x998 CMakeFiles/FreeRTOS_10_SWTimer_RTOSBased.dir/Drivers/STM32F7xx_HAL_Driver/Src/stm32f7xx_hal_uart.c.obj
 .debug_frame   0x00003950       0x58 CMakeFiles/FreeRTOS_10_SWTimer_RTOSBased.dir/Core/Src/system_stm32f7xx.c.obj
 .debug_frame   0x000039a8       0xd8 CMakeFiles/FreeRTOS_10_SWTimer_RTOSBased.dir/Middlewares/Third_Party/FreeRTOS/Source/list.c.obj
 .debug_frame   0x00003a80      0x494 CMakeFiles/FreeRTOS_10_SWTimer_RTOSBased.dir/Middlewares/Third_Party/FreeRTOS/Source/queue.c.obj
 .debug_frame   0x00003f14      0x77c CMakeFiles/FreeRTOS_10_SWTimer_RTOSBased.dir/Middlewares/Third_Party/FreeRTOS/Source/tasks.c.obj
 .debug_frame   0x00004690      0x344 CMakeFiles/FreeRTOS_10_SWTimer_RTOSBased.dir/Middlewares/Third_Party/FreeRTOS/Source/timers.c.obj
 .debug_frame   0x000049d4      0x108 CMakeFiles/FreeRTOS_10_SWTimer_RTOSBased.dir/Middlewares/Third_Party/FreeRTOS/Source/portable/MemMang/heap_4.c.obj
 .debug_frame   0x00004adc      0x1a8 CMakeFiles/FreeRTOS_10_SWTimer_RTOSBased.dir/Middlewares/Third_Party/FreeRTOS/Source/portable/GCC/ARM_CM7/r0p1/port.c.obj
 .debug_frame   0x00004c84       0x2c /home/arvliv/st/stm32cubeclt_1.16.0/GNU-tools-for-STM32/bin/../lib/gcc/arm-none-eabi/12.3.1/thumb/v7e-m+dp/hard/libgcc.a(_aeabi_uldivmod.o)
 .debug_frame   0x00004cb0       0x34 /home/arvliv/st/stm32cubeclt_1.16.0/GNU-tools-for-STM32/bin/../lib/gcc/arm-none-eabi/12.3.1/thumb/v7e-m+dp/hard/libgcc.a(_udivmoddi4.o)
 .debug_frame   0x00004ce4       0x28 /home/arvliv/st/stm32cubeclt_1.16.0/GNU-tools-for-STM32/bin/../lib/gcc/arm-none-eabi/12.3.1/../../../../arm-none-eabi/lib/thumb/v7e-m+dp/hard/libg_nano.a(libc_a-memcpy-stub.o)

.debug_info     0x00000000    0x13cb0
 .debug_info    0x00000000     0x132c CMakeFiles/FreeRTOS_10_SWTimer_RTOSBased.dir/Core/Src/main.c.obj
 .debug_info    0x0000132c      0x9a2 CMakeFiles/FreeRTOS_10_SWTimer_RTOSBased.dir/Core/Src/freertos.c.obj
 .debug_info    0x00001cce      0x9a3 CMakeFiles/FreeRTOS_10_SWTimer_RTOSBased.dir/Core/Src/stm32f7xx_it.c.obj
 .debug_info    0x00002671      0xf4e CMakeFiles/FreeRTOS_10_SWTimer_RTOSBased.dir/Core/Src/stm32f7xx_hal_msp.c.obj
 .debug_info    0x000035bf      0xc6b CMakeFiles/FreeRTOS_10_SWTimer_RTOSBased.dir/Core/Src/stm32f7xx_hal_timebase_tim.c.obj
 .debug_info    0x0000422a      0xf8b CMakeFiles/FreeRTOS_10_SWTimer_RTOSBased.dir/Drivers/STM32F7xx_HAL_Driver/Src/stm32f7xx_hal_cortex.c.obj
 .debug_info    0x000051b5      0x937 CMakeFiles/FreeRTOS_10_SWTimer_RTOSBased.dir/Drivers/STM32F7xx_HAL_Driver/Src/stm32f7xx_hal_rcc.c.obj
 .debug_info    0x00005aec      0x6e1 CMakeFiles/FreeRTOS_10_SWTimer_RTOSBased.dir/Drivers/STM32F7xx_HAL_Driver/Src/stm32f7xx_hal_rcc_ex.c.obj
 .debug_info    0x000061cd      0x6e4 CMakeFiles/FreeRTOS_10_SWTimer_RTOSBased.dir/Drivers/STM32F7xx_HAL_Driver/Src/stm32f7xx_hal_gpio.c.obj
 .debug_info    0x000068b1      0x8e7 CMakeFiles/FreeRTOS_10_SWTimer_RTOSBased.dir/Drivers/STM32F7xx_HAL_Driver/Src/stm32f7xx_hal_dma.c.obj
 .debug_info    0x00007198      0x8cd CMakeFiles/FreeRTOS_10_SWTimer_RTOSBased.dir/Drivers/STM32F7xx_HAL_Driver/Src/stm32f7xx_hal_pwr_ex.c.obj
 .debug_info    0x00007a65      0xa4c CMakeFiles/FreeRTOS_10_SWTimer_RTOSBased.dir/Drivers/STM32F7xx_HAL_Driver/Src/stm32f7xx_hal.c.obj
 .debug_info    0x000084b1     0x256a CMakeFiles/FreeRTOS_10_SWTimer_RTOSBased.dir/Drivers/STM32F7xx_HAL_Driver/Src/stm32f7xx_hal_tim.c.obj
 .debug_info    0x0000aa1b     0x1345 CMakeFiles/FreeRTOS_10_SWTimer_RTOSBased.dir/Drivers/STM32F7xx_HAL_Driver/Src/stm32f7xx_hal_tim_ex.c.obj
 .debug_info    0x0000bd60     0x16a3 CMakeFiles/FreeRTOS_10_SWTimer_RTOSBased.dir/Drivers/STM32F7xx_HAL_Driver/Src/stm32f7xx_hal_uart.c.obj
 .debug_info    0x0000d403      0x6ed CMakeFiles/FreeRTOS_10_SWTimer_RTOSBased.dir/Core/Src/system_stm32f7xx.c.obj
 .debug_info    0x0000daf0      0x2af CMakeFiles/FreeRTOS_10_SWTimer_RTOSBased.dir/Middlewares/Third_Party/FreeRTOS/Source/list.c.obj
 .debug_info    0x0000dd9f     0x182a CMakeFiles/FreeRTOS_10_SWTimer_RTOSBased.dir/Middlewares/Third_Party/FreeRTOS/Source/queue.c.obj
 .debug_info    0x0000f5c9     0x244c CMakeFiles/FreeRTOS_10_SWTimer_RTOSBased.dir/Middlewares/Third_Party/FreeRTOS/Source/tasks.c.obj
 .debug_info    0x00011a15     0x18af CMakeFiles/FreeRTOS_10_SWTimer_RTOSBased.dir/Middlewares/Third_Party/FreeRTOS/Source/timers.c.obj
 .debug_info    0x000132c4      0x3c3 CMakeFiles/FreeRTOS_10_SWTimer_RTOSBased.dir/Middlewares/Third_Party/FreeRTOS/Source/portable/MemMang/heap_4.c.obj
 .debug_info    0x00013687      0x4a7 CMakeFiles/FreeRTOS_10_SWTimer_RTOSBased.dir/Middlewares/Third_Party/FreeRTOS/Source/portable/GCC/ARM_CM7/r0p1/port.c.obj
 .debug_info    0x00013b2e       0x30 CMakeFiles/FreeRTOS_10_SWTimer_RTOSBased.dir/startup_stm32f767xx.s.obj
 .debug_info    0x00013b5e      0x121 /home/arvliv/st/stm32cubeclt_1.16.0/GNU-tools-for-STM32/bin/../lib/gcc/arm-none-eabi/12.3.1/../../../../arm-none-eabi/lib/thumb/v7e-m+dp/hard/libg_nano.a(libc_a-memcpy-stub.o)
 .debug_info    0x00013c7f       0x31 /home/arvliv/st/stm32cubeclt_1.16.0/GNU-tools-for-STM32/bin/../lib/gcc/arm-none-eabi/12.3.1/../../../../arm-none-eabi/lib/thumb/v7e-m+dp/hard/libg_nano.a(libc_a-strlen.o)

.debug_abbrev   0x00000000     0x3478
 .debug_abbrev  0x00000000      0x314 CMakeFiles/FreeRTOS_10_SWTimer_RTOSBased.dir/Core/Src/main.c.obj
 .debug_abbrev  0x00000314      0x1c6 CMakeFiles/FreeRTOS_10_SWTimer_RTOSBased.dir/Core/Src/freertos.c.obj
 .debug_abbrev  0x000004da      0x182 CMakeFiles/FreeRTOS_10_SWTimer_RTOSBased.dir/Core/Src/stm32f7xx_it.c.obj
 .debug_abbrev  0x0000065c      0x1ef CMakeFiles/FreeRTOS_10_SWTimer_RTOSBased.dir/Core/Src/stm32f7xx_hal_msp.c.obj
 .debug_abbrev  0x0000084b      0x1f4 CMakeFiles/FreeRTOS_10_SWTimer_RTOSBased.dir/Core/Src/stm32f7xx_hal_timebase_tim.c.obj
 .debug_abbrev  0x00000a3f      0x329 CMakeFiles/FreeRTOS_10_SWTimer_RTOSBased.dir/Drivers/STM32F7xx_HAL_Driver/Src/stm32f7xx_hal_cortex.c.obj
 .debug_abbrev  0x00000d68      0x2de CMakeFiles/FreeRTOS_10_SWTimer_RTOSBased.dir/Drivers/STM32F7xx_HAL_Driver/Src/stm32f7xx_hal_rcc.c.obj
 .debug_abbrev  0x00001046      0x1c9 CMakeFiles/FreeRTOS_10_SWTimer_RTOSBased.dir/Drivers/STM32F7xx_HAL_Driver/Src/stm32f7xx_hal_rcc_ex.c.obj
 .debug_abbrev  0x0000120f      0x1d4 CMakeFiles/FreeRTOS_10_SWTimer_RTOSBased.dir/Drivers/STM32F7xx_HAL_Driver/Src/stm32f7xx_hal_gpio.c.obj
 .debug_abbrev  0x000013e3      0x264 CMakeFiles/FreeRTOS_10_SWTimer_RTOSBased.dir/Drivers/STM32F7xx_HAL_Driver/Src/stm32f7xx_hal_dma.c.obj
 .debug_abbrev  0x00001647      0x1d5 CMakeFiles/FreeRTOS_10_SWTimer_RTOSBased.dir/Drivers/STM32F7xx_HAL_Driver/Src/stm32f7xx_hal_pwr_ex.c.obj
 .debug_abbrev  0x0000181c      0x213 CMakeFiles/FreeRTOS_10_SWTimer_RTOSBased.dir/Drivers/STM32F7xx_HAL_Driver/Src/stm32f7xx_hal.c.obj
 .debug_abbrev  0x00001a2f      0x271 CMakeFiles/FreeRTOS_10_SWTimer_RTOSBased.dir/Drivers/STM32F7xx_HAL_Driver/Src/stm32f7xx_hal_tim.c.obj
 .debug_abbrev  0x00001ca0      0x261 CMakeFiles/FreeRTOS_10_SWTimer_RTOSBased.dir/Drivers/STM32F7xx_HAL_Driver/Src/stm32f7xx_hal_tim_ex.c.obj
 .debug_abbrev  0x00001f01      0x25e CMakeFiles/FreeRTOS_10_SWTimer_RTOSBased.dir/Drivers/STM32F7xx_HAL_Driver/Src/stm32f7xx_hal_uart.c.obj
 .debug_abbrev  0x0000215f      0x13b CMakeFiles/FreeRTOS_10_SWTimer_RTOSBased.dir/Core/Src/system_stm32f7xx.c.obj
 .debug_abbrev  0x0000229a       0xf5 CMakeFiles/FreeRTOS_10_SWTimer_RTOSBased.dir/Middlewares/Third_Party/FreeRTOS/Source/list.c.obj
 .debug_abbrev  0x0000238f      0x3b6 CMakeFiles/FreeRTOS_10_SWTimer_RTOSBased.dir/Middlewares/Third_Party/FreeRTOS/Source/queue.c.obj
 .debug_abbrev  0x00002745      0x435 CMakeFiles/FreeRTOS_10_SWTimer_RTOSBased.dir/Middlewares/Third_Party/FreeRTOS/Source/tasks.c.obj
 .debug_abbrev  0x00002b7a      0x37d CMakeFiles/FreeRTOS_10_SWTimer_RTOSBased.dir/Middlewares/Third_Party/FreeRTOS/Source/timers.c.obj
 .debug_abbrev  0x00002ef7      0x205 CMakeFiles/FreeRTOS_10_SWTimer_RTOSBased.dir/Middlewares/Third_Party/FreeRTOS/Source/portable/MemMang/heap_4.c.obj
 .debug_abbrev  0x000030fc      0x26f CMakeFiles/FreeRTOS_10_SWTimer_RTOSBased.dir/Middlewares/Third_Party/FreeRTOS/Source/portable/GCC/ARM_CM7/r0p1/port.c.obj
 .debug_abbrev  0x0000336b       0x24 CMakeFiles/FreeRTOS_10_SWTimer_RTOSBased.dir/startup_stm32f767xx.s.obj
 .debug_abbrev  0x0000338f       0xc1 /home/arvliv/st/stm32cubeclt_1.16.0/GNU-tools-for-STM32/bin/../lib/gcc/arm-none-eabi/12.3.1/../../../../arm-none-eabi/lib/thumb/v7e-m+dp/hard/libg_nano.a(libc_a-memcpy-stub.o)
 .debug_abbrev  0x00003450       0x28 /home/arvliv/st/stm32cubeclt_1.16.0/GNU-tools-for-STM32/bin/../lib/gcc/arm-none-eabi/12.3.1/../../../../arm-none-eabi/lib/thumb/v7e-m+dp/hard/libg_nano.a(libc_a-strlen.o)

.debug_aranges  0x00000000     0x1230
 .debug_aranges
                0x00000000       0x80 CMakeFiles/FreeRTOS_10_SWTimer_RTOSBased.dir/Core/Src/main.c.obj
 .debug_aranges
                0x00000080       0x28 CMakeFiles/FreeRTOS_10_SWTimer_RTOSBased.dir/Core/Src/freertos.c.obj
 .debug_aranges
                0x000000a8       0x58 CMakeFiles/FreeRTOS_10_SWTimer_RTOSBased.dir/Core/Src/stm32f7xx_it.c.obj
 .debug_aranges
                0x00000100       0x30 CMakeFiles/FreeRTOS_10_SWTimer_RTOSBased.dir/Core/Src/stm32f7xx_hal_msp.c.obj
 .debug_aranges
                0x00000130       0x30 CMakeFiles/FreeRTOS_10_SWTimer_RTOSBased.dir/Core/Src/stm32f7xx_hal_timebase_tim.c.obj
 .debug_aranges
                0x00000160      0x118 CMakeFiles/FreeRTOS_10_SWTimer_RTOSBased.dir/Drivers/STM32F7xx_HAL_Driver/Src/stm32f7xx_hal_cortex.c.obj
 .debug_aranges
                0x00000278       0x88 CMakeFiles/FreeRTOS_10_SWTimer_RTOSBased.dir/Drivers/STM32F7xx_HAL_Driver/Src/stm32f7xx_hal_rcc.c.obj
 .debug_aranges
                0x00000300       0x50 CMakeFiles/FreeRTOS_10_SWTimer_RTOSBased.dir/Drivers/STM32F7xx_HAL_Driver/Src/stm32f7xx_hal_rcc_ex.c.obj
 .debug_aranges
                0x00000350       0x58 CMakeFiles/FreeRTOS_10_SWTimer_RTOSBased.dir/Drivers/STM32F7xx_HAL_Driver/Src/stm32f7xx_hal_gpio.c.obj
 .debug_aranges
                0x000003a8       0x90 CMakeFiles/FreeRTOS_10_SWTimer_RTOSBased.dir/Drivers/STM32F7xx_HAL_Driver/Src/stm32f7xx_hal_dma.c.obj
 .debug_aranges
                0x00000438       0x80 CMakeFiles/FreeRTOS_10_SWTimer_RTOSBased.dir/Drivers/STM32F7xx_HAL_Driver/Src/stm32f7xx_hal_pwr_ex.c.obj
 .debug_aranges
                0x000004b8      0x110 CMakeFiles/FreeRTOS_10_SWTimer_RTOSBased.dir/Drivers/STM32F7xx_HAL_Driver/Src/stm32f7xx_hal.c.obj
 .debug_aranges
                0x000005c8      0x3b8 CMakeFiles/FreeRTOS_10_SWTimer_RTOSBased.dir/Drivers/STM32F7xx_HAL_Driver/Src/stm32f7xx_hal_tim.c.obj
 .debug_aranges
                0x00000980      0x168 CMakeFiles/FreeRTOS_10_SWTimer_RTOSBased.dir/Drivers/STM32F7xx_HAL_Driver/Src/stm32f7xx_hal_tim_ex.c.obj
 .debug_aranges
                0x00000ae8      0x218 CMakeFiles/FreeRTOS_10_SWTimer_RTOSBased.dir/Drivers/STM32F7xx_HAL_Driver/Src/stm32f7xx_hal_uart.c.obj
 .debug_aranges
                0x00000d00       0x28 CMakeFiles/FreeRTOS_10_SWTimer_RTOSBased.dir/Core/Src/system_stm32f7xx.c.obj
 .debug_aranges
                0x00000d28       0x40 CMakeFiles/FreeRTOS_10_SWTimer_RTOSBased.dir/Middlewares/Third_Party/FreeRTOS/Source/list.c.obj
 .debug_aranges
                0x00000d68      0x110 CMakeFiles/FreeRTOS_10_SWTimer_RTOSBased.dir/Middlewares/Third_Party/FreeRTOS/Source/queue.c.obj
 .debug_aranges
                0x00000e78      0x1b8 CMakeFiles/FreeRTOS_10_SWTimer_RTOSBased.dir/Middlewares/Third_Party/FreeRTOS/Source/tasks.c.obj
 .debug_aranges
                0x00001030       0xc8 CMakeFiles/FreeRTOS_10_SWTimer_RTOSBased.dir/Middlewares/Third_Party/FreeRTOS/Source/timers.c.obj
 .debug_aranges
                0x000010f8       0x50 CMakeFiles/FreeRTOS_10_SWTimer_RTOSBased.dir/Middlewares/Third_Party/FreeRTOS/Source/portable/MemMang/heap_4.c.obj
 .debug_aranges
                0x00001148       0x80 CMakeFiles/FreeRTOS_10_SWTimer_RTOSBased.dir/Middlewares/Third_Party/FreeRTOS/Source/portable/GCC/ARM_CM7/r0p1/port.c.obj
 .debug_aranges
                0x000011c8       0x28 CMakeFiles/FreeRTOS_10_SWTimer_RTOSBased.dir/startup_stm32f767xx.s.obj
 .debug_aranges
                0x000011f0       0x20 /home/arvliv/st/stm32cubeclt_1.16.0/GNU-tools-for-STM32/bin/../lib/gcc/arm-none-eabi/12.3.1/../../../../arm-none-eabi/lib/thumb/v7e-m+dp/hard/libg_nano.a(libc_a-memcpy-stub.o)
 .debug_aranges
                0x00001210       0x20 /home/arvliv/st/stm32cubeclt_1.16.0/GNU-tools-for-STM32/bin/../lib/gcc/arm-none-eabi/12.3.1/../../../../arm-none-eabi/lib/thumb/v7e-m+dp/hard/libg_nano.a(libc_a-strlen.o)

.debug_rnglists
                0x00000000      0xdcc
 .debug_rnglists
                0x00000000       0x5e CMakeFiles/FreeRTOS_10_SWTimer_RTOSBased.dir/Core/Src/main.c.obj
 .debug_rnglists
                0x0000005e       0x19 CMakeFiles/FreeRTOS_10_SWTimer_RTOSBased.dir/Core/Src/freertos.c.obj
 .debug_rnglists
                0x00000077       0x3d CMakeFiles/FreeRTOS_10_SWTimer_RTOSBased.dir/Core/Src/stm32f7xx_it.c.obj
 .debug_rnglists
                0x000000b4       0x20 CMakeFiles/FreeRTOS_10_SWTimer_RTOSBased.dir/Core/Src/stm32f7xx_hal_msp.c.obj
 .debug_rnglists
                0x000000d4       0x20 CMakeFiles/FreeRTOS_10_SWTimer_RTOSBased.dir/Core/Src/stm32f7xx_hal_timebase_tim.c.obj
 .debug_rnglists
                0x000000f4       0xce CMakeFiles/FreeRTOS_10_SWTimer_RTOSBased.dir/Drivers/STM32F7xx_HAL_Driver/Src/stm32f7xx_hal_cortex.c.obj
 .debug_rnglists
                0x000001c2       0x67 CMakeFiles/FreeRTOS_10_SWTimer_RTOSBased.dir/Drivers/STM32F7xx_HAL_Driver/Src/stm32f7xx_hal_rcc.c.obj
 .debug_rnglists
                0x00000229       0x3c CMakeFiles/FreeRTOS_10_SWTimer_RTOSBased.dir/Drivers/STM32F7xx_HAL_Driver/Src/stm32f7xx_hal_rcc_ex.c.obj
 .debug_rnglists
                0x00000265       0x3f CMakeFiles/FreeRTOS_10_SWTimer_RTOSBased.dir/Drivers/STM32F7xx_HAL_Driver/Src/stm32f7xx_hal_gpio.c.obj
 .debug_rnglists
                0x000002a4       0x70 CMakeFiles/FreeRTOS_10_SWTimer_RTOSBased.dir/Drivers/STM32F7xx_HAL_Driver/Src/stm32f7xx_hal_dma.c.obj
 .debug_rnglists
                0x00000314       0x5f CMakeFiles/FreeRTOS_10_SWTimer_RTOSBased.dir/Drivers/STM32F7xx_HAL_Driver/Src/stm32f7xx_hal_pwr_ex.c.obj
 .debug_rnglists
                0x00000373       0xc7 CMakeFiles/FreeRTOS_10_SWTimer_RTOSBased.dir/Drivers/STM32F7xx_HAL_Driver/Src/stm32f7xx_hal.c.obj
 .debug_rnglists
                0x0000043a      0x2f6 CMakeFiles/FreeRTOS_10_SWTimer_RTOSBased.dir/Drivers/STM32F7xx_HAL_Driver/Src/stm32f7xx_hal_tim.c.obj
 .debug_rnglists
                0x00000730      0x11d CMakeFiles/FreeRTOS_10_SWTimer_RTOSBased.dir/Drivers/STM32F7xx_HAL_Driver/Src/stm32f7xx_hal_tim_ex.c.obj
 .debug_rnglists
                0x0000084d      0x1a7 CMakeFiles/FreeRTOS_10_SWTimer_RTOSBased.dir/Drivers/STM32F7xx_HAL_Driver/Src/stm32f7xx_hal_uart.c.obj
 .debug_rnglists
                0x000009f4       0x1a CMakeFiles/FreeRTOS_10_SWTimer_RTOSBased.dir/Core/Src/system_stm32f7xx.c.obj
 .debug_rnglists
                0x00000a0e       0x2b CMakeFiles/FreeRTOS_10_SWTimer_RTOSBased.dir/Middlewares/Third_Party/FreeRTOS/Source/list.c.obj
 .debug_rnglists
                0x00000a39       0xd4 CMakeFiles/FreeRTOS_10_SWTimer_RTOSBased.dir/Middlewares/Third_Party/FreeRTOS/Source/queue.c.obj
 .debug_rnglists
                0x00000b0d      0x161 CMakeFiles/FreeRTOS_10_SWTimer_RTOSBased.dir/Middlewares/Third_Party/FreeRTOS/Source/tasks.c.obj
 .debug_rnglists
                0x00000c6e       0x9a CMakeFiles/FreeRTOS_10_SWTimer_RTOSBased.dir/Middlewares/Third_Party/FreeRTOS/Source/timers.c.obj
 .debug_rnglists
                0x00000d08       0x3b CMakeFiles/FreeRTOS_10_SWTimer_RTOSBased.dir/Middlewares/Third_Party/FreeRTOS/Source/portable/MemMang/heap_4.c.obj
 .debug_rnglists
                0x00000d43       0x5d CMakeFiles/FreeRTOS_10_SWTimer_RTOSBased.dir/Middlewares/Third_Party/FreeRTOS/Source/portable/GCC/ARM_CM7/r0p1/port.c.obj
 .debug_rnglists
                0x00000da0       0x19 CMakeFiles/FreeRTOS_10_SWTimer_RTOSBased.dir/startup_stm32f767xx.s.obj
 .debug_rnglists
                0x00000db9       0x13 /home/arvliv/st/stm32cubeclt_1.16.0/GNU-tools-for-STM32/bin/../lib/gcc/arm-none-eabi/12.3.1/../../../../arm-none-eabi/lib/thumb/v7e-m+dp/hard/libg_nano.a(libc_a-memcpy-stub.o)

.debug_macro    0x00000000    0x29817
 .debug_macro   0x00000000      0x3d6 CMakeFiles/FreeRTOS_10_SWTimer_RTOSBased.dir/Core/Src/main.c.obj
 .debug_macro   0x000003d6      0xacc CMakeFiles/FreeRTOS_10_SWTimer_RTOSBased.dir/Core/Src/main.c.obj
 .debug_macro   0x00000ea2      0x293 CMakeFiles/FreeRTOS_10_SWTimer_RTOSBased.dir/Core/Src/main.c.obj
 .debug_macro   0x00001135       0x2e CMakeFiles/FreeRTOS_10_SWTimer_RTOSBased.dir/Core/Src/main.c.obj
 .debug_macro   0x00001163       0x3b CMakeFiles/FreeRTOS_10_SWTimer_RTOSBased.dir/Core/Src/main.c.obj
 .debug_macro   0x0000119e       0x22 CMakeFiles/FreeRTOS_10_SWTimer_RTOSBased.dir/Core/Src/main.c.obj
 .debug_macro   0x000011c0       0x8e CMakeFiles/FreeRTOS_10_SWTimer_RTOSBased.dir/Core/Src/main.c.obj
 .debug_macro   0x0000124e       0x51 CMakeFiles/FreeRTOS_10_SWTimer_RTOSBased.dir/Core/Src/main.c.obj
 .debug_macro   0x0000129f      0x103 CMakeFiles/FreeRTOS_10_SWTimer_RTOSBased.dir/Core/Src/main.c.obj
 .debug_macro   0x000013a2       0x6a CMakeFiles/FreeRTOS_10_SWTimer_RTOSBased.dir/Core/Src/main.c.obj
 .debug_macro   0x0000140c      0x1df CMakeFiles/FreeRTOS_10_SWTimer_RTOSBased.dir/Core/Src/main.c.obj
 .debug_macro   0x000015eb       0x1c CMakeFiles/FreeRTOS_10_SWTimer_RTOSBased.dir/Core/Src/main.c.obj
 .debug_macro   0x00001607       0x22 CMakeFiles/FreeRTOS_10_SWTimer_RTOSBased.dir/Core/Src/main.c.obj
 .debug_macro   0x00001629       0xd9 CMakeFiles/FreeRTOS_10_SWTimer_RTOSBased.dir/Core/Src/main.c.obj
 .debug_macro   0x00001702     0x12cd CMakeFiles/FreeRTOS_10_SWTimer_RTOSBased.dir/Core/Src/main.c.obj
 .debug_macro   0x000029cf      0x11f CMakeFiles/FreeRTOS_10_SWTimer_RTOSBased.dir/Core/Src/main.c.obj
 .debug_macro   0x00002aee       0x19 CMakeFiles/FreeRTOS_10_SWTimer_RTOSBased.dir/Core/Src/main.c.obj
 .debug_macro   0x00002b07    0x1a9b4 CMakeFiles/FreeRTOS_10_SWTimer_RTOSBased.dir/Core/Src/main.c.obj
 .debug_macro   0x0001d4bb       0x43 CMakeFiles/FreeRTOS_10_SWTimer_RTOSBased.dir/Core/Src/main.c.obj
 .debug_macro   0x0001d4fe     0x36b4 CMakeFiles/FreeRTOS_10_SWTimer_RTOSBased.dir/Core/Src/main.c.obj
 .debug_macro   0x00020bb2      0x189 CMakeFiles/FreeRTOS_10_SWTimer_RTOSBased.dir/Core/Src/main.c.obj
 .debug_macro   0x00020d3b       0x61 CMakeFiles/FreeRTOS_10_SWTimer_RTOSBased.dir/Core/Src/main.c.obj
 .debug_macro   0x00020d9c     0x1add CMakeFiles/FreeRTOS_10_SWTimer_RTOSBased.dir/Core/Src/main.c.obj
 .debug_macro   0x00022879      0x6c4 CMakeFiles/FreeRTOS_10_SWTimer_RTOSBased.dir/Core/Src/main.c.obj
 .debug_macro   0x00022f3d      0x18b CMakeFiles/FreeRTOS_10_SWTimer_RTOSBased.dir/Core/Src/main.c.obj
 .debug_macro   0x000230c8      0x117 CMakeFiles/FreeRTOS_10_SWTimer_RTOSBased.dir/Core/Src/main.c.obj
 .debug_macro   0x000231df      0x26f CMakeFiles/FreeRTOS_10_SWTimer_RTOSBased.dir/Core/Src/main.c.obj
 .debug_macro   0x0002344e       0x27 CMakeFiles/FreeRTOS_10_SWTimer_RTOSBased.dir/Core/Src/main.c.obj