Archive member included to satisfy reference by file (symbol)

/home/arvliv/st/stm32cubeclt_1.16.0/GNU-tools-for-STM32/bin/../lib/gcc/arm-none-eabi/12.3.1/../../../../arm-none-eabi/lib/thumb/v7e-m+dp/hard/libc_nano.a(libc_a-exit.o)
                              /home/arvliv/st/stm32cubeclt_1.16.0/GNU-tools-for-STM32/bin/../lib/gcc/arm-none-eabi/12.3.1/../../../../arm-none-eabi/lib/thumb/v7e-m+dp/hard/crt0.o (exit)
/home/arvliv/st/stm32cubeclt_1.16.0/GNU-tools-for-STM32/bin/../lib/gcc/arm-none-eabi/12.3.1/../../../../arm-none-eabi/lib/thumb/v7e-m+dp/hard/libc_nano.a(libc_a-findfp.o)
                              /home/arvliv/st/stm32cubeclt_1.16.0/GNU-tools-for-STM32/bin/../lib/gcc/arm-none-eabi/12.3.1/../../../../arm-none-eabi/lib/thumb/v7e-m+dp/hard/libc_nano.a(libc_a-exit.o) (__stdio_exit_handler)
/home/arvliv/st/stm32cubeclt_1.16.0/GNU-tools-for-STM32/bin/../lib/gcc/arm-none-eabi/12.3.1/../../../../arm-none-eabi/lib/thumb/v7e-m+dp/hard/libc_nano.a(libc_a-fwalk.o)
                              /home/arvliv/st/stm32cubeclt_1.16.0/GNU-tools-for-STM32/bin/../lib/gcc/arm-none-eabi/12.3.1/../../../../arm-none-eabi/lib/thumb/v7e-m+dp/hard/libc_nano.a(libc_a-findfp.o) (_fwalk_sglue)
/home/arvliv/st/stm32cubeclt_1.16.0/GNU-tools-for-STM32/bin/../lib/gcc/arm-none-eabi/12.3.1/../../../../arm-none-eabi/lib/thumb/v7e-m+dp/hard/libc_nano.a(libc_a-stdio.o)
                              /home/arvliv/st/stm32cubeclt_1.16.0/GNU-tools-for-STM32/bin/../lib/gcc/arm-none-eabi/12.3.1/../../../../arm-none-eabi/lib/thumb/v7e-m+dp/hard/libc_nano.a(libc_a-findfp.o) (__sread)
/home/arvliv/st/stm32cubeclt_1.16.0/GNU-tools-for-STM32/bin/../lib/gcc/arm-none-eabi/12.3.1/../../../../arm-none-eabi/lib/thumb/v7e-m+dp/hard/libc_nano.a(libc_a-memset.o)
                              /home/arvliv/st/stm32cubeclt_1.16.0/GNU-tools-for-STM32/bin/../lib/gcc/arm-none-eabi/12.3.1/../../../../arm-none-eabi/lib/thumb/v7e-m+dp/hard/crt0.o (memset)
/home/arvliv/st/stm32cubeclt_1.16.0/GNU-tools-for-STM32/bin/../lib/gcc/arm-none-eabi/12.3.1/../../../../arm-none-eabi/lib/thumb/v7e-m+dp/hard/libc_nano.a(libc_a-closer.o)
                              /home/arvliv/st/stm32cubeclt_1.16.0/GNU-tools-for-STM32/bin/../lib/gcc/arm-none-eabi/12.3.1/../../../../arm-none-eabi/lib/thumb/v7e-m+dp/hard/libc_nano.a(libc_a-stdio.o) (_close_r)
/home/arvliv/st/stm32cubeclt_1.16.0/GNU-tools-for-STM32/bin/../lib/gcc/arm-none-eabi/12.3.1/../../../../arm-none-eabi/lib/thumb/v7e-m+dp/hard/libc_nano.a(libc_a-reent.o)
                              /home/arvliv/st/stm32cubeclt_1.16.0/GNU-tools-for-STM32/bin/../lib/gcc/arm-none-eabi/12.3.1/../../../../arm-none-eabi/lib/thumb/v7e-m+dp/hard/libc_nano.a(libc_a-closer.o) (errno)
/home/arvliv/st/stm32cubeclt_1.16.0/GNU-tools-for-STM32/bin/../lib/gcc/arm-none-eabi/12.3.1/../../../../arm-none-eabi/lib/thumb/v7e-m+dp/hard/libc_nano.a(libc_a-impure.o)
                              /home/arvliv/st/stm32cubeclt_1.16.0/GNU-tools-for-STM32/bin/../lib/gcc/arm-none-eabi/12.3.1/../../../../arm-none-eabi/lib/thumb/v7e-m+dp/hard/libc_nano.a(libc_a-reent.o) (_impure_ptr)
/home/arvliv/st/stm32cubeclt_1.16.0/GNU-tools-for-STM32/bin/../lib/gcc/arm-none-eabi/12.3.1/../../../../arm-none-eabi/lib/thumb/v7e-m+dp/hard/libc_nano.a(libc_a-lseekr.o)
                              /home/arvliv/st/stm32cubeclt_1.16.0/GNU-tools-for-STM32/bin/../lib/gcc/arm-none-eabi/12.3.1/../../../../arm-none-eabi/lib/thumb/v7e-m+dp/hard/libc_nano.a(libc_a-stdio.o) (_lseek_r)
/home/arvliv/st/stm32cubeclt_1.16.0/GNU-tools-for-STM32/bin/../lib/gcc/arm-none-eabi/12.3.1/../../../../arm-none-eabi/lib/thumb/v7e-m+dp/hard/libc_nano.a(libc_a-readr.o)
                              /home/arvliv/st/stm32cubeclt_1.16.0/GNU-tools-for-STM32/bin/../lib/gcc/arm-none-eabi/12.3.1/../../../../arm-none-eabi/lib/thumb/v7e-m+dp/hard/libc_nano.a(libc_a-stdio.o) (_read_r)
/home/arvliv/st/stm32cubeclt_1.16.0/GNU-tools-for-STM32/bin/../lib/gcc/arm-none-eabi/12.3.1/../../../../arm-none-eabi/lib/thumb/v7e-m+dp/hard/libc_nano.a(libc_a-writer.o)
                              /home/arvliv/st/stm32cubeclt_1.16.0/GNU-tools-for-STM32/bin/../lib/gcc/arm-none-eabi/12.3.1/../../../../arm-none-eabi/lib/thumb/v7e-m+dp/hard/libc_nano.a(libc_a-stdio.o) (_write_r)
/home/arvliv/st/stm32cubeclt_1.16.0/GNU-tools-for-STM32/bin/../lib/gcc/arm-none-eabi/12.3.1/../../../../arm-none-eabi/lib/thumb/v7e-m+dp/hard/libc_nano.a(libc_a-init.o)
                              /home/arvliv/st/stm32cubeclt_1.16.0/GNU-tools-for-STM32/bin/../lib/gcc/arm-none-eabi/12.3.1/../../../../arm-none-eabi/lib/thumb/v7e-m+dp/hard/crt0.o (__libc_init_array)
/home/arvliv/st/stm32cubeclt_1.16.0/GNU-tools-for-STM32/bin/../lib/gcc/arm-none-eabi/12.3.1/../../../../arm-none-eabi/lib/thumb/v7e-m+dp/hard/libc_nano.a(libc_a-lock.o)
                              /home/arvliv/st/stm32cubeclt_1.16.0/GNU-tools-for-STM32/bin/../lib/gcc/arm-none-eabi/12.3.1/../../../../arm-none-eabi/lib/thumb/v7e-m+dp/hard/libc_nano.a(libc_a-findfp.o) (__retarget_lock_init_recursive)
[...]
Memory Configuration

Name             Origin             Length             Attributes
RAM              0x20000000         0x00080000         xrw
FLASH            0x08000000         0x00200000         xr
*default*        0x00000000         0xffffffff

Linker script and memory map

LOAD /home/arvliv/st/stm32cubeclt_1.16.0/GNU-tools-for-STM32/bin/../lib/gcc/arm-none-eabi/12.3.1/thumb/v7e-m+dp/hard/crti.o
LOAD /home/arvliv/st/stm32cubeclt_1.16.0/GNU-tools-for-STM32/bin/../lib/gcc/arm-none-eabi/12.3.1/thumb/v7e-m+dp/hard/crtbegin.o
LOAD /home/arvliv/st/stm32cubeclt_1.16.0/GNU-tools-for-STM32/bin/../lib/gcc/arm-none-eabi/12.3.1/../../../../arm-none-eabi/lib/thumb/v7e-m+dp/hard/crt0.o
START GROUP
LOAD /home/arvliv/st/stm32cubeclt_1.16.0/GNU-tools-for-STM32/bin/../lib/gcc/arm-none-eabi/12.3.1/../../../../arm-none-eabi/lib/thumb/v7e-m+dp/hard/libc_nano.a
LOAD /home/arvliv/st/stm32cubeclt_1.16.0/GNU-tools-for-STM32/bin/../lib/gcc/arm-none-eabi/12.3.1/../../../../arm-none-eabi/lib/thumb/v7e-m+dp/hard/libm.a
END GROUP
LOAD CMakeFiles/FreeRTOS_5_Queue_simple_noCMSIS.dir/Core/Src/main.c.obj
LOAD CMakeFiles/FreeRTOS_5_Queue_simple_noCMSIS.dir/Core/Src/freertos.c.obj
LOAD CMakeFiles/FreeRTOS_5_Queue_simple_noCMSIS.dir/Core/Src/stm32f7xx_it.c.obj
LOAD CMakeFiles/FreeRTOS_5_Queue_simple_noCMSIS.dir/Core/Src/stm32f7xx_hal_msp.c.obj
LOAD CMakeFiles/FreeRTOS_5_Queue_simple_noCMSIS.dir/Core/Src/stm32f7xx_hal_timebase_tim.c.obj
LOAD CMakeFiles/FreeRTOS_5_Queue_simple_noCMSIS.dir/Drivers/STM32F7xx_HAL_Driver/Src/stm32f7xx_hal_cortex.c.obj
LOAD CMakeFiles/FreeRTOS_5_Queue_simple_noCMSIS.dir/Drivers/STM32F7xx_HAL_Driver/Src/stm32f7xx_hal_rcc.c.obj
LOAD CMakeFiles/FreeRTOS_5_Queue_simple_noCMSIS.dir/Drivers/STM32F7xx_HAL_Driver/Src/stm32f7xx_hal_rcc_ex.c.obj
LOAD CMakeFiles/FreeRTOS_5_Queue_simple_noCMSIS.dir/Drivers/STM32F7xx_HAL_Driver/Src/stm32f7xx_hal_flash.c.obj
LOAD CMakeFiles/FreeRTOS_5_Queue_simple_noCMSIS.dir/Drivers/STM32F7xx_HAL_Driver/Src/stm32f7xx_hal_flash_ex.c.obj
LOAD CMakeFiles/FreeRTOS_5_Queue_simple_noCMSIS.dir/Drivers/STM32F7xx_HAL_Driver/Src/stm32f7xx_hal_gpio.c.obj
LOAD CMakeFiles/FreeRTOS_5_Queue_simple_noCMSIS.dir/Drivers/STM32F7xx_HAL_Driver/Src/stm32f7xx_hal_dma.c.obj
LOAD CMakeFiles/FreeRTOS_5_Queue_simple_noCMSIS.dir/Drivers/STM32F7xx_HAL_Driver/Src/stm32f7xx_hal_dma_ex.c.obj
LOAD CMakeFiles/FreeRTOS_5_Queue_simple_noCMSIS.dir/Drivers/STM32F7xx_HAL_Driver/Src/stm32f7xx_hal_pwr.c.obj
LOAD CMakeFiles/FreeRTOS_5_Queue_simple_noCMSIS.dir/Drivers/STM32F7xx_HAL_Driver/Src/stm32f7xx_hal_pwr_ex.c.obj
LOAD CMakeFiles/FreeRTOS_5_Queue_simple_noCMSIS.dir/Drivers/STM32F7xx_HAL_Driver/Src/stm32f7xx_hal.c.obj
LOAD CMakeFiles/FreeRTOS_5_Queue_simple_noCMSIS.dir/Drivers/STM32F7xx_HAL_Driver/Src/stm32f7xx_hal_i2c.c.obj
LOAD CMakeFiles/FreeRTOS_5_Queue_simple_noCMSIS.dir/Drivers/STM32F7xx_HAL_Driver/Src/stm32f7xx_hal_i2c_ex.c.obj
LOAD CMakeFiles/FreeRTOS_5_Queue_simple_noCMSIS.dir/Drivers/STM32F7xx_HAL_Driver/Src/stm32f7xx_hal_exti.c.obj
LOAD CMakeFiles/FreeRTOS_5_Queue_simple_noCMSIS.dir/Drivers/STM32F7xx_HAL_Driver/Src/stm32f7xx_hal_tim.c.obj
LOAD CMakeFiles/FreeRTOS_5_Queue_simple_noCMSIS.dir/Drivers/STM32F7xx_HAL_Driver/Src/stm32f7xx_hal_tim_ex.c.obj
LOAD CMakeFiles/FreeRTOS_5_Queue_simple_noCMSIS.dir/Drivers/STM32F7xx_HAL_Driver/Src/stm32f7xx_hal_uart.c.obj
LOAD CMakeFiles/FreeRTOS_5_Queue_simple_noCMSIS.dir/Drivers/STM32F7xx_HAL_Driver/Src/stm32f7xx_hal_uart_ex.c.obj
LOAD CMakeFiles/FreeRTOS_5_Queue_simple_noCMSIS.dir/Core/Src/system_stm32f7xx.c.obj
LOAD CMakeFiles/FreeRTOS_5_Queue_simple_noCMSIS.dir/Middlewares/Third_Party/FreeRTOS/Source/croutine.c.obj
LOAD CMakeFiles/FreeRTOS_5_Queue_simple_noCMSIS.dir/Middlewares/Third_Party/FreeRTOS/Source/event_groups.c.obj
LOAD CMakeFiles/FreeRTOS_5_Queue_simple_noCMSIS.dir/Middlewares/Third_Party/FreeRTOS/Source/list.c.obj
LOAD CMakeFiles/FreeRTOS_5_Queue_simple_noCMSIS.dir/Middlewares/Third_Party/FreeRTOS/Source/queue.c.obj
LOAD CMakeFiles/FreeRTOS_5_Queue_simple_noCMSIS.dir/Middlewares/Third_Party/FreeRTOS/Source/stream_buffer.c.obj
LOAD CMakeFiles/FreeRTOS_5_Queue_simple_noCMSIS.dir/Middlewares/Third_Party/FreeRTOS/Source/tasks.c.obj
LOAD CMakeFiles/FreeRTOS_5_Queue_simple_noCMSIS.dir/Middlewares/Third_Party/FreeRTOS/Source/timers.c.obj
LOAD CMakeFiles/FreeRTOS_5_Queue_simple_noCMSIS.dir/Middlewares/Third_Party/FreeRTOS/Source/CMSIS_RTOS/cmsis_os.c.obj
LOAD CMakeFiles/FreeRTOS_5_Queue_simple_noCMSIS.dir/Middlewares/Third_Party/FreeRTOS/Source/portable/MemMang/heap_4.c.obj
LOAD CMakeFiles/FreeRTOS_5_Queue_simple_noCMSIS.dir/Middlewares/Third_Party/FreeRTOS/Source/portable/GCC/ARM_CM7/r0p1/port.c.obj
LOAD CMakeFiles/FreeRTOS_5_Queue_simple_noCMSIS.dir/Core/Src/sysmem.c.obj
LOAD CMakeFiles/FreeRTOS_5_Queue_simple_noCMSIS.dir/Core/Src/syscalls.c.obj
LOAD CMakeFiles/FreeRTOS_5_Queue_simple_noCMSIS.dir/startup_stm32f767xx.s.obj
START GROUP
LOAD /home/arvliv/st/stm32cubeclt_1.16.0/GNU-tools-for-STM32/bin/../lib/gcc/arm-none-eabi/12.3.1/thumb/v7e-m+dp/hard/libgcc.a
LOAD /home/arvliv/st/stm32cubeclt_1.16.0/GNU-tools-for-STM32/bin/../lib/gcc/arm-none-eabi/12.3.1/../../../../arm-none-eabi/lib/thumb/v7e-m+dp/hard/libg_nano.a
LOAD /home/arvliv/st/stm32cubeclt_1.16.0/GNU-tools-for-STM32/bin/../lib/gcc/arm-none-eabi/12.3.1/../../../../arm-none-eabi/lib/thumb/v7e-m+dp/hard/libc_nano.a
END GROUP
START GROUP
LOAD /home/arvliv/st/stm32cubeclt_1.16.0/GNU-tools-for-STM32/bin/../lib/gcc/arm-none-eabi/12.3.1/thumb/v7e-m+dp/hard/libgcc.a
LOAD /home/arvliv/st/stm32cubeclt_1.16.0/GNU-tools-for-STM32/bin/../lib/gcc/arm-none-eabi/12.3.1/../../../../arm-none-eabi/lib/thumb/v7e-m+dp/hard/libc_nano.a
END GROUP
LOAD /home/arvliv/st/stm32cubeclt_1.16.0/GNU-tools-for-STM32/bin/../lib/gcc/arm-none-eabi/12.3.1/thumb/v7e-m+dp/hard/crtend.o
LOAD /home/arvliv/st/stm32cubeclt_1.16.0/GNU-tools-for-STM32/bin/../lib/gcc/arm-none-eabi/12.3.1/thumb/v7e-m+dp/hard/crtn.o
                0x20080000                        _estack = (ORIGIN (RAM) + LENGTH (RAM))
                0x00000200                        _Min_Heap_Size = 0x200
                0x00000400                        _Min_Stack_Size = 0x400

.isr_vector     0x08000000      0x1f8
                0x08000000                        . = ALIGN (0x4)
 *(.isr_vector)
 .isr_vector    0x08000000      0x1f8 CMakeFiles/FreeRTOS_5_Queue_simple_noCMSIS.dir/startup_stm32f767xx.s.obj
                0x08000000                g_pfnVectors
                0x080001f8                        . = ALIGN (0x4)

.text           0x08000200     0x65e4
                0x08000200                        . = ALIGN (0x4)
 *(.text)
 .text          0x08000200       0x40 /home/arvliv/st/stm32cubeclt_1.16.0/GNU-tools-for-STM32/bin/../lib/gcc/arm-none-eabi/12.3.1/thumb/v7e-m+dp/hard/crtbegin.o
 .text          0x08000240       0x30 /home/arvliv/st/stm32cubeclt_1.16.0/GNU-tools-for-STM32/bin/../lib/gcc/arm-none-eabi/12.3.1/thumb/v7e-m+dp/hard/libgcc.a(_aeabi_uldivmod.o)
                0x08000240                __aeabi_uldivmod
 .text          0x08000270      0x2bc /home/arvliv/st/stm32cubeclt_1.16.0/GNU-tools-for-STM32/bin/../lib/gcc/arm-none-eabi/12.3.1/thumb/v7e-m+dp/hard/libgcc.a(_udivmoddi4.o)
                0x08000270                __udivmoddi4
 .text          0x0800052c        0x4 /home/arvliv/st/stm32cubeclt_1.16.0/GNU-tools-for-STM32/bin/../lib/gcc/arm-none-eabi/12.3.1/thumb/v7e-m+dp/hard/libgcc.a(_dvmd_tls.o)
                0x0800052c                __aeabi_ldiv0
                0x0800052c                __aeabi_idiv0
 .text          0x08000530       0x10 /home/arvliv/st/stm32cubeclt_1.16.0/GNU-tools-for-STM32/bin/../lib/gcc/arm-none-eabi/12.3.1/../../../../arm-none-eabi/lib/thumb/v7e-m+dp/hard/libg_nano.a(libc_a-strlen.o)
                0x08000530                strlen
 .text          0x08000540       0xa0 /home/arvliv/st/stm32cubeclt_1.16.0/GNU-tools-for-STM32/bin/../lib/gcc/arm-none-eabi/12.3.1/../../../../arm-none-eabi/lib/thumb/v7e-m+dp/hard/libg_nano.a(libc_a-memchr.o)
                0x08000540                memchr
 *(.text*)
 .text.memset   0x080005e0       0x10 /home/arvliv/st/stm32cubeclt_1.16.0/GNU-tools-for-STM32/bin/../lib/gcc/arm-none-eabi/12.3.1/../../../../arm-none-eabi/lib/thumb/v7e-m+dp/hard/libc_nano.a(libc_a-memset.o)
                0x080005e0                memset
 .text._reclaim_reent
                0x080005f0       0xac /home/arvliv/st/stm32cubeclt_1.16.0/GNU-tools-for-STM32/bin/../lib/gcc/arm-none-eabi/12.3.1/../../../../arm-none-eabi/lib/thumb/v7e-m+dp/hard/libc_nano.a(libc_a-reent.o)
                0x080005f0                _reclaim_reent
 .text.__libc_init_array
                0x0800069c       0x48 /home/arvliv/st/stm32cubeclt_1.16.0/GNU-tools-for-STM32/bin/../lib/gcc/arm-none-eabi/12.3.1/../../../../arm-none-eabi/lib/thumb/v7e-m+dp/hard/libc_nano.a(libc_a-init.o)
                0x0800069c                __libc_init_array
 .text.__retarget_lock_acquire_recursive
                0x080006e4        0x2 /home/arvliv/st/stm32cubeclt_1.16.0/GNU-tools-for-STM32/bin/../lib/gcc/arm-none-eabi/12.3.1/../../../../arm-none-eabi/lib/thumb/v7e-m+dp/hard/libc_nano.a(libc_a-lock.o)
                0x080006e4                __retarget_lock_acquire_recursive
 .text.__retarget_lock_release_recursive
                0x080006e6        0x2 /home/arvliv/st/stm32cubeclt_1.16.0/GNU-tools-for-STM32/bin/../lib/gcc/arm-none-eabi/12.3.1/../../../../arm-none-eabi/lib/thumb/v7e-m+dp/hard/libc_nano.a(libc_a-lock.o)
                0x080006e6                __retarget_lock_release_recursive
 .text._free_r  0x080006e8       0x94 /home/arvliv/st/stm32cubeclt_1.16.0/GNU-tools-for-STM32/bin/../lib/gcc/arm-none-eabi/12.3.1/../../../../arm-none-eabi/lib/thumb/v7e-m+dp/hard/libc_nano.a(libc_a-freer.o)
                0x080006e8                _free_r
 .text.sbrk_aligned
                0x0800077c       0x44 /home/arvliv/st/stm32cubeclt_1.16.0/GNU-tools-for-STM32/bin/../lib/gcc/arm-none-eabi/12.3.1/../../../../arm-none-eabi/lib/thumb/v7e-m+dp/hard/libc_nano.a(libc_a-mallocr.o)
 .text._malloc_r
                0x080007c0      0x100 /home/arvliv/st/stm32cubeclt_1.16.0/GNU-tools-for-STM32/bin/../lib/gcc/arm-none-eabi/12.3.1/../../../../arm-none-eabi/lib/thumb/v7e-m+dp/hard/libc_nano.a(libc_a-mallocr.o)
                0x080007c0                _malloc_r
 .text.__malloc_lock
                0x080008c0        0xc /home/arvliv/st/stm32cubeclt_1.16.0/GNU-tools-for-STM32/bin/../lib/gcc/arm-none-eabi/12.3.1/../../../../arm-none-eabi/lib/thumb/v7e-m+dp/hard/libc_nano.a(libc_a-mlock.o)
                0x080008c0                __malloc_lock
 .text.__malloc_unlock
                0x080008cc        0xc /home/arvliv/st/stm32cubeclt_1.16.0/GNU-tools-for-STM32/bin/../lib/gcc/arm-none-eabi/12.3.1/../../../../arm-none-eabi/lib/thumb/v7e-m+dp/hard/libc_nano.a(libc_a-mlock.o)
                0x080008cc                __malloc_unlock
 .text._sbrk_r  0x080008d8       0x20 /home/arvliv/st/stm32cubeclt_1.16.0/GNU-tools-for-STM32/bin/../lib/gcc/arm-none-eabi/12.3.1/../../../../arm-none-eabi/lib/thumb/v7e-m+dp/hard/libc_nano.a(libc_a-sbrkr.o)
                0x080008d8                _sbrk_r
 .text.main     0x080008f8      0x11c CMakeFiles/FreeRTOS_5_Queue_simple_noCMSIS.dir/Core/Src/main.c.obj
                0x080008f8                main
 .text.SystemClock_Config
                0x08000a14       0xdc CMakeFiles/FreeRTOS_5_Queue_simple_noCMSIS.dir/Core/Src/main.c.obj
                0x08000a14                SystemClock_Config
 .text.MX_USART3_UART_Init
                0x08000af0       0x60 CMakeFiles/FreeRTOS_5_Queue_simple_noCMSIS.dir/Core/Src/main.c.obj
 .text.MX_GPIO_Init
                0x08000b50       0x94 CMakeFiles/FreeRTOS_5_Queue_simple_noCMSIS.dir/Core/Src/main.c.obj
 .text.Sender_HPT_Task
                0x08000be4       0x78 CMakeFiles/FreeRTOS_5_Queue_simple_noCMSIS.dir/Core/Src/main.c.obj
                0x08000be4                Sender_HPT_Task
 .text.Sender_LPT_Task
                0x08000c5c       0x74 CMakeFiles/FreeRTOS_5_Queue_simple_noCMSIS.dir/Core/Src/main.c.obj
                0x08000c5c                Sender_LPT_Task
 .text.Receiver_Task
                0x08000cd0       0xb0 CMakeFiles/FreeRTOS_5_Queue_simple_noCMSIS.dir/Core/Src/main.c.obj
                0x08000cd0                Receiver_Task
 .text.HAL_UART_RxCpltCallback
                0x08000d80       0xa8 CMakeFiles/FreeRTOS_5_Queue_simple_noCMSIS.dir/Core/Src/main.c.obj
                0x08000d80                HAL_UART_RxCpltCallback
 .text.HAL_TIM_PeriodElapsedCallback
                0x08000e28       0x24 CMakeFiles/FreeRTOS_5_Queue_simple_noCMSIS.dir/Core/Src/main.c.obj
                0x08000e28                HAL_TIM_PeriodElapsedCallback
 .text.Error_Handler
                0x08000e4c        0xc CMakeFiles/FreeRTOS_5_Queue_simple_noCMSIS.dir/Core/Src/main.c.obj
                0x08000e4c                Error_Handler
 .text.vApplicationGetIdleTaskMemory
                0x08000e58       0x34 CMakeFiles/FreeRTOS_5_Queue_simple_noCMSIS.dir/Core/Src/freertos.c.obj
                0x08000e58                vApplicationGetIdleTaskMemory
 .text.NMI_Handler
                0x08000e8c        0x8 CMakeFiles/FreeRTOS_5_Queue_simple_noCMSIS.dir/Core/Src/stm32f7xx_it.c.obj
                0x08000e8c                NMI_Handler
 .text.HardFault_Handler
                0x08000e94        0x8 CMakeFiles/FreeRTOS_5_Queue_simple_noCMSIS.dir/Core/Src/stm32f7xx_it.c.obj
                0x08000e94                HardFault_Handler
 .text.MemManage_Handler
                0x08000e9c        0x8 CMakeFiles/FreeRTOS_5_Queue_simple_noCMSIS.dir/Core/Src/stm32f7xx_it.c.obj
                0x08000e9c                MemManage_Handler
 .text.BusFault_Handler
                0x08000ea4        0x8 CMakeFiles/FreeRTOS_5_Queue_simple_noCMSIS.dir/Core/Src/stm32f7xx_it.c.obj
                0x08000ea4                BusFault_Handler
 .text.UsageFault_Handler
                0x08000eac        0x8 CMakeFiles/FreeRTOS_5_Queue_simple_noCMSIS.dir/Core/Src/stm32f7xx_it.c.obj
                0x08000eac                UsageFault_Handler
 .text.DebugMon_Handler
                0x08000eb4        0xe CMakeFiles/FreeRTOS_5_Queue_simple_noCMSIS.dir/Core/Src/stm32f7xx_it.c.obj
                0x08000eb4                DebugMon_Handler
 *fill*         0x08000ec2        0x2 
 .text.USART3_IRQHandler
                0x08000ec4       0x14 CMakeFiles/FreeRTOS_5_Queue_simple_noCMSIS.dir/Core/Src/stm32f7xx_it.c.obj
                0x08000ec4                USART3_IRQHandler
 .text.TIM6_DAC_IRQHandler
                0x08000ed8       0x14 CMakeFiles/FreeRTOS_5_Queue_simple_noCMSIS.dir/Core/Src/stm32f7xx_it.c.obj
                0x08000ed8                TIM6_DAC_IRQHandler
 .text.HAL_MspInit
                0x08000eec       0x50 CMakeFiles/FreeRTOS_5_Queue_simple_noCMSIS.dir/Core/Src/stm32f7xx_hal_msp.c.obj
                0x08000eec                HAL_MspInit
 .text.HAL_UART_MspInit
                0x08000f3c       0xd0 CMakeFiles/FreeRTOS_5_Queue_simple_noCMSIS.dir/Core/Src/stm32f7xx_hal_msp.c.obj
                0x08000f3c                HAL_UART_MspInit
 .text.HAL_InitTick
                0x0800100c       0xf4 CMakeFiles/FreeRTOS_5_Queue_simple_noCMSIS.dir/Core/Src/stm32f7xx_hal_timebase_tim.c.obj
                0x0800100c                HAL_InitTick
 .text.__NVIC_SetPriorityGrouping
                0x08001100       0x48 CMakeFiles/FreeRTOS_5_Queue_simple_noCMSIS.dir/Drivers/STM32F7xx_HAL_Driver/Src/stm32f7xx_hal_cortex.c.obj
 .text.__NVIC_GetPriorityGrouping
                0x08001148       0x1c CMakeFiles/FreeRTOS_5_Queue_simple_noCMSIS.dir/Drivers/STM32F7xx_HAL_Driver/Src/stm32f7xx_hal_cortex.c.obj
 .text.__NVIC_EnableIRQ
                0x08001164       0x3c CMakeFiles/FreeRTOS_5_Queue_simple_noCMSIS.dir/Drivers/STM32F7xx_HAL_Driver/Src/stm32f7xx_hal_cortex.c.obj
 .text.__NVIC_SetPriority
                0x080011a0       0x54 CMakeFiles/FreeRTOS_5_Queue_simple_noCMSIS.dir/Drivers/STM32F7xx_HAL_Driver/Src/stm32f7xx_hal_cortex.c.obj
 .text.NVIC_EncodePriority
                0x080011f4       0x66 CMakeFiles/FreeRTOS_5_Queue_simple_noCMSIS.dir/Drivers/STM32F7xx_HAL_Driver/Src/stm32f7xx_hal_cortex.c.obj
 .text.HAL_NVIC_SetPriorityGrouping
                0x0800125a       0x16 CMakeFiles/FreeRTOS_5_Queue_simple_noCMSIS.dir/Drivers/STM32F7xx_HAL_Driver/Src/stm32f7xx_hal_cortex.c.obj
                0x0800125a                HAL_NVIC_SetPriorityGrouping
 .text.HAL_NVIC_SetPriority
                0x08001270       0x38 CMakeFiles/FreeRTOS_5_Queue_simple_noCMSIS.dir/Drivers/STM32F7xx_HAL_Driver/Src/stm32f7xx_hal_cortex.c.obj
                0x08001270                HAL_NVIC_SetPriority
 .text.HAL_NVIC_EnableIRQ
                0x080012a8       0x1c CMakeFiles/FreeRTOS_5_Queue_simple_noCMSIS.dir/Drivers/STM32F7xx_HAL_Driver/Src/stm32f7xx_hal_cortex.c.obj
                0x080012a8                HAL_NVIC_EnableIRQ
 .text.HAL_RCC_OscConfig
                0x080012c4      0x55c CMakeFiles/FreeRTOS_5_Queue_simple_noCMSIS.dir/Drivers/STM32F7xx_HAL_Driver/Src/stm32f7xx_hal_rcc.c.obj
                0x080012c4                HAL_RCC_OscConfig
 .text.HAL_RCC_ClockConfig
                0x08001820      0x1d8 CMakeFiles/FreeRTOS_5_Queue_simple_noCMSIS.dir/Drivers/STM32F7xx_HAL_Driver/Src/stm32f7xx_hal_rcc.c.obj
                0x08001820                HAL_RCC_ClockConfig
 .text.HAL_RCC_GetSysClockFreq
                0x080019f8      0x20c CMakeFiles/FreeRTOS_5_Queue_simple_noCMSIS.dir/Drivers/STM32F7xx_HAL_Driver/Src/stm32f7xx_hal_rcc.c.obj
                0x080019f8                HAL_RCC_GetSysClockFreq
 .text.HAL_RCC_GetHCLKFreq
                0x08001c04       0x18 CMakeFiles/FreeRTOS_5_Queue_simple_noCMSIS.dir/Drivers/STM32F7xx_HAL_Driver/Src/stm32f7xx_hal_rcc.c.obj
                0x08001c04                HAL_RCC_GetHCLKFreq
 .text.HAL_RCC_GetPCLK1Freq
                0x08001c1c       0x28 CMakeFiles/FreeRTOS_5_Queue_simple_noCMSIS.dir/Drivers/STM32F7xx_HAL_Driver/Src/stm32f7xx_hal_rcc.c.obj
                0x08001c1c                HAL_RCC_GetPCLK1Freq
 .text.HAL_RCC_GetPCLK2Freq
                0x08001c44       0x28 CMakeFiles/FreeRTOS_5_Queue_simple_noCMSIS.dir/Drivers/STM32F7xx_HAL_Driver/Src/stm32f7xx_hal_rcc.c.obj
                0x08001c44                HAL_RCC_GetPCLK2Freq
 .text.HAL_RCC_GetClockConfig
                0x08001c6c       0x64 CMakeFiles/FreeRTOS_5_Queue_simple_noCMSIS.dir/Drivers/STM32F7xx_HAL_Driver/Src/stm32f7xx_hal_rcc.c.obj
                0x08001c6c                HAL_RCC_GetClockConfig
 .text.HAL_RCCEx_PeriphCLKConfig
                0x08001cd0      0x84c CMakeFiles/FreeRTOS_5_Queue_simple_noCMSIS.dir/Drivers/STM32F7xx_HAL_Driver/Src/stm32f7xx_hal_rcc_ex.c.obj
                0x08001cd0                HAL_RCCEx_PeriphCLKConfig
 .text.HAL_GPIO_Init
                0x0800251c      0x358 CMakeFiles/FreeRTOS_5_Queue_simple_noCMSIS.dir/Drivers/STM32F7xx_HAL_Driver/Src/stm32f7xx_hal_gpio.c.obj
                0x0800251c                HAL_GPIO_Init
 .text.HAL_GPIO_WritePin
                0x08002874       0x32 CMakeFiles/FreeRTOS_5_Queue_simple_noCMSIS.dir/Drivers/STM32F7xx_HAL_Driver/Src/stm32f7xx_hal_gpio.c.obj
                0x08002874                HAL_GPIO_WritePin
 .text.HAL_GPIO_TogglePin
                0x080028a6       0x34 CMakeFiles/FreeRTOS_5_Queue_simple_noCMSIS.dir/Drivers/STM32F7xx_HAL_Driver/Src/stm32f7xx_hal_gpio.c.obj
                0x080028a6                HAL_GPIO_TogglePin
 .text.HAL_DMA_Abort_IT
                0x080028da       0x44 CMakeFiles/FreeRTOS_5_Queue_simple_noCMSIS.dir/Drivers/STM32F7xx_HAL_Driver/Src/stm32f7xx_hal_dma.c.obj
                0x080028da                HAL_DMA_Abort_IT
 *fill*         0x0800291e        0x2 
 .text.HAL_PWREx_EnableOverDrive
                0x08002920       0xa0 CMakeFiles/FreeRTOS_5_Queue_simple_noCMSIS.dir/Drivers/STM32F7xx_HAL_Driver/Src/stm32f7xx_hal_pwr_ex.c.obj
                0x08002920                HAL_PWREx_EnableOverDrive
 .text.HAL_Init
                0x080029c0       0x1a CMakeFiles/FreeRTOS_5_Queue_simple_noCMSIS.dir/Drivers/STM32F7xx_HAL_Driver/Src/stm32f7xx_hal.c.obj
                0x080029c0                HAL_Init
 *fill*         0x080029da        0x2 
 .text.HAL_IncTick
                0x080029dc       0x28 CMakeFiles/FreeRTOS_5_Queue_simple_noCMSIS.dir/Drivers/STM32F7xx_HAL_Driver/Src/stm32f7xx_hal.c.obj
                0x080029dc                HAL_IncTick
 .text.HAL_GetTick
                0x08002a04       0x18 CMakeFiles/FreeRTOS_5_Queue_simple_noCMSIS.dir/Drivers/STM32F7xx_HAL_Driver/Src/stm32f7xx_hal.c.obj
                0x08002a04                HAL_GetTick
 .text.HAL_TIM_Base_Init
                0x08002a1c       0x56 CMakeFiles/FreeRTOS_5_Queue_simple_noCMSIS.dir/Drivers/STM32F7xx_HAL_Driver/Src/stm32f7xx_hal_tim.c.obj
                0x08002a1c                HAL_TIM_Base_Init
 .text.HAL_TIM_Base_MspInit
                0x08002a72       0x14 CMakeFiles/FreeRTOS_5_Queue_simple_noCMSIS.dir/Drivers/STM32F7xx_HAL_Driver/Src/stm32f7xx_hal_tim.c.obj
                0x08002a72                HAL_TIM_Base_MspInit
 *fill*         0x08002a86        0x2 
 .text.HAL_TIM_Base_Start_IT
                0x08002a88       0x54 CMakeFiles/FreeRTOS_5_Queue_simple_noCMSIS.dir/Drivers/STM32F7xx_HAL_Driver/Src/stm32f7xx_hal_tim.c.obj
                0x08002a88                HAL_TIM_Base_Start_IT
 .text.HAL_TIM_IRQHandler
                0x08002adc      0x23e CMakeFiles/FreeRTOS_5_Queue_simple_noCMSIS.dir/Drivers/STM32F7xx_HAL_Driver/Src/stm32f7xx_hal_tim.c.obj
                0x08002adc                HAL_TIM_IRQHandler
 .text.HAL_TIM_OC_DelayElapsedCallback
                0x08002d1a       0x14 CMakeFiles/FreeRTOS_5_Queue_simple_noCMSIS.dir/Drivers/STM32F7xx_HAL_Driver/Src/stm32f7xx_hal_tim.c.obj
                0x08002d1a                HAL_TIM_OC_DelayElapsedCallback
 .text.HAL_TIM_IC_CaptureCallback
                0x08002d2e       0x14 CMakeFiles/FreeRTOS_5_Queue_simple_noCMSIS.dir/Drivers/STM32F7xx_HAL_Driver/Src/stm32f7xx_hal_tim.c.obj
                0x08002d2e                HAL_TIM_IC_CaptureCallback
 .text.HAL_TIM_PWM_PulseFinishedCallback
                0x08002d42       0x14 CMakeFiles/FreeRTOS_5_Queue_simple_noCMSIS.dir/Drivers/STM32F7xx_HAL_Driver/Src/stm32f7xx_hal_tim.c.obj
                0x08002d42                HAL_TIM_PWM_PulseFinishedCallback
 .text.HAL_TIM_TriggerCallback
                0x08002d56       0x14 CMakeFiles/FreeRTOS_5_Queue_simple_noCMSIS.dir/Drivers/STM32F7xx_HAL_Driver/Src/stm32f7xx_hal_tim.c.obj
                0x08002d56                HAL_TIM_TriggerCallback
 *fill*         0x08002d6a        0x2 
 .text.TIM_Base_SetConfig
                0x08002d6c      0x140 CMakeFiles/FreeRTOS_5_Queue_simple_noCMSIS.dir/Drivers/STM32F7xx_HAL_Driver/Src/stm32f7xx_hal_tim.c.obj
                0x08002d6c                TIM_Base_SetConfig
 .text.HAL_TIMEx_CommutCallback
                0x08002eac       0x14 CMakeFiles/FreeRTOS_5_Queue_simple_noCMSIS.dir/Drivers/STM32F7xx_HAL_Driver/Src/stm32f7xx_hal_tim_ex.c.obj
                0x08002eac                HAL_TIMEx_CommutCallback
 .text.HAL_TIMEx_BreakCallback
                0x08002ec0       0x14 CMakeFiles/FreeRTOS_5_Queue_simple_noCMSIS.dir/Drivers/STM32F7xx_HAL_Driver/Src/stm32f7xx_hal_tim_ex.c.obj
                0x08002ec0                HAL_TIMEx_BreakCallback
 .text.HAL_TIMEx_Break2Callback
                0x08002ed4       0x14 CMakeFiles/FreeRTOS_5_Queue_simple_noCMSIS.dir/Drivers/STM32F7xx_HAL_Driver/Src/stm32f7xx_hal_tim_ex.c.obj
                0x08002ed4                HAL_TIMEx_Break2Callback
 .text.HAL_UART_Init
                0x08002ee8       0x9c CMakeFiles/FreeRTOS_5_Queue_simple_noCMSIS.dir/Drivers/STM32F7xx_HAL_Driver/Src/stm32f7xx_hal_uart.c.obj
                0x08002ee8                HAL_UART_Init
 .text.HAL_UART_Transmit
                0x08002f84      0x122 CMakeFiles/FreeRTOS_5_Queue_simple_noCMSIS.dir/Drivers/STM32F7xx_HAL_Driver/Src/stm32f7xx_hal_uart.c.obj
                0x08002f84                HAL_UART_Transmit
 *fill*         0x080030a6        0x2 
 .text.HAL_UART_Receive_IT
                0x080030a8      0x144 CMakeFiles/FreeRTOS_5_Queue_simple_noCMSIS.dir/Drivers/STM32F7xx_HAL_Driver/Src/stm32f7xx_hal_uart.c.obj
                0x080030a8                HAL_UART_Receive_IT
 .text.HAL_UART_IRQHandler
                0x080031ec      0x288 CMakeFiles/FreeRTOS_5_Queue_simple_noCMSIS.dir/Drivers/STM32F7xx_HAL_Driver/Src/stm32f7xx_hal_uart.c.obj
                0x080031ec                HAL_UART_IRQHandler
 .text.HAL_UART_TxCpltCallback
                0x08003474       0x14 CMakeFiles/FreeRTOS_5_Queue_simple_noCMSIS.dir/Drivers/STM32F7xx_HAL_Driver/Src/stm32f7xx_hal_uart.c.obj
                0x08003474                HAL_UART_TxCpltCallback
 .text.HAL_UART_ErrorCallback
                0x08003488       0x14 CMakeFiles/FreeRTOS_5_Queue_simple_noCMSIS.dir/Drivers/STM32F7xx_HAL_Driver/Src/stm32f7xx_hal_uart.c.obj
                0x08003488                HAL_UART_ErrorCallback
 .text.HAL_UARTEx_WakeupCallback
                0x0800349c       0x14 CMakeFiles/FreeRTOS_5_Queue_simple_noCMSIS.dir/Drivers/STM32F7xx_HAL_Driver/Src/stm32f7xx_hal_uart.c.obj
                0x0800349c                HAL_UARTEx_WakeupCallback
 .text.UART_SetConfig
                0x080034b0      0x55c CMakeFiles/FreeRTOS_5_Queue_simple_noCMSIS.dir/Drivers/STM32F7xx_HAL_Driver/Src/stm32f7xx_hal_uart.c.obj
                0x080034b0                UART_SetConfig
 .text.UART_AdvFeatureConfig
                0x08003a0c      0x144 CMakeFiles/FreeRTOS_5_Queue_simple_noCMSIS.dir/Drivers/STM32F7xx_HAL_Driver/Src/stm32f7xx_hal_uart.c.obj
                0x08003a0c                UART_AdvFeatureConfig
 .text.UART_CheckIdleState
                0x08003b50       0x8a CMakeFiles/FreeRTOS_5_Queue_simple_noCMSIS.dir/Drivers/STM32F7xx_HAL_Driver/Src/stm32f7xx_hal_uart.c.obj
                0x08003b50                UART_CheckIdleState
 .text.UART_WaitOnFlagUntilTimeout
                0x08003bda       0xf6 CMakeFiles/FreeRTOS_5_Queue_simple_noCMSIS.dir/Drivers/STM32F7xx_HAL_Driver/Src/stm32f7xx_hal_uart.c.obj
                0x08003bda                UART_WaitOnFlagUntilTimeout
 .text.UART_EndRxTransfer
                0x08003cd0       0x40 CMakeFiles/FreeRTOS_5_Queue_simple_noCMSIS.dir/Drivers/STM32F7xx_HAL_Driver/Src/stm32f7xx_hal_uart.c.obj
 .text.UART_DMAAbortOnError
                0x08003d10       0x2c CMakeFiles/FreeRTOS_5_Queue_simple_noCMSIS.dir/Drivers/STM32F7xx_HAL_Driver/Src/stm32f7xx_hal_uart.c.obj
 .text.UART_EndTransmit_IT
                0x08003d3c       0x32 CMakeFiles/FreeRTOS_5_Queue_simple_noCMSIS.dir/Drivers/STM32F7xx_HAL_Driver/Src/stm32f7xx_hal_uart.c.obj
 .text.UART_RxISR_8BIT
                0x08003d6e       0xa6 CMakeFiles/FreeRTOS_5_Queue_simple_noCMSIS.dir/Drivers/STM32F7xx_HAL_Driver/Src/stm32f7xx_hal_uart.c.obj
 .text.UART_RxISR_16BIT
                0x08003e14       0xa6 CMakeFiles/FreeRTOS_5_Queue_simple_noCMSIS.dir/Drivers/STM32F7xx_HAL_Driver/Src/stm32f7xx_hal_uart.c.obj
 *fill*         0x08003eba        0x2 
 .text.SystemInit
                0x08003ebc       0x24 CMakeFiles/FreeRTOS_5_Queue_simple_noCMSIS.dir/Core/Src/system_stm32f7xx.c.obj
                0x08003ebc                SystemInit
 .text.vListInitialise
                0x08003ee0       0x40 CMakeFiles/FreeRTOS_5_Queue_simple_noCMSIS.dir/Middlewares/Third_Party/FreeRTOS/Source/list.c.obj
                0x08003ee0                vListInitialise
 .text.vListInitialiseItem
                0x08003f20       0x1a CMakeFiles/FreeRTOS_5_Queue_simple_noCMSIS.dir/Middlewares/Third_Party/FreeRTOS/Source/list.c.obj
                0x08003f20                vListInitialiseItem
 .text.vListInsertEnd
                0x08003f3a       0x48 CMakeFiles/FreeRTOS_5_Queue_simple_noCMSIS.dir/Middlewares/Third_Party/FreeRTOS/Source/list.c.obj
                0x08003f3a                vListInsertEnd
 .text.vListInsert
                0x08003f82       0x72 CMakeFiles/FreeRTOS_5_Queue_simple_noCMSIS.dir/Middlewares/Third_Party/FreeRTOS/Source/list.c.obj
                0x08003f82                vListInsert
 .text.uxListRemove
                0x08003ff4       0x54 CMakeFiles/FreeRTOS_5_Queue_simple_noCMSIS.dir/Middlewares/Third_Party/FreeRTOS/Source/list.c.obj
                0x08003ff4                uxListRemove
 .text.xQueueGenericReset
                0x08004048       0xd8 CMakeFiles/FreeRTOS_5_Queue_simple_noCMSIS.dir/Middlewares/Third_Party/FreeRTOS/Source/queue.c.obj
                0x08004048                xQueueGenericReset
 .text.xQueueGenericCreate
                0x08004120       0x86 CMakeFiles/FreeRTOS_5_Queue_simple_noCMSIS.dir/Middlewares/Third_Party/FreeRTOS/Source/queue.c.obj
                0x08004120                xQueueGenericCreate
 .text.prvInitialiseNewQueue
                0x080041a6       0x3e CMakeFiles/FreeRTOS_5_Queue_simple_noCMSIS.dir/Middlewares/Third_Party/FreeRTOS/Source/queue.c.obj
 .text.xQueueGenericSend
                0x080041e4      0x214 CMakeFiles/FreeRTOS_5_Queue_simple_noCMSIS.dir/Middlewares/Third_Party/FreeRTOS/Source/queue.c.obj
                0x080041e4                xQueueGenericSend
 .text.xQueueGenericSendFromISR
                0x080043f8      0x146 CMakeFiles/FreeRTOS_5_Queue_simple_noCMSIS.dir/Middlewares/Third_Party/FreeRTOS/Source/queue.c.obj
                0x080043f8                xQueueGenericSendFromISR
 *fill*         0x0800453e        0x2 
 .text.xQueueReceive
                0x08004540      0x1d0 CMakeFiles/FreeRTOS_5_Queue_simple_noCMSIS.dir/Middlewares/Third_Party/FreeRTOS/Source/queue.c.obj
                0x08004540                xQueueReceive
 .text.prvCopyDataToQueue
                0x08004710       0xd4 CMakeFiles/FreeRTOS_5_Queue_simple_noCMSIS.dir/Middlewares/Third_Party/FreeRTOS/Source/queue.c.obj
 .text.prvCopyDataFromQueue
                0x080047e4       0x4c CMakeFiles/FreeRTOS_5_Queue_simple_noCMSIS.dir/Middlewares/Third_Party/FreeRTOS/Source/queue.c.obj
 .text.prvUnlockQueue
                0x08004830       0xa4 CMakeFiles/FreeRTOS_5_Queue_simple_noCMSIS.dir/Middlewares/Third_Party/FreeRTOS/Source/queue.c.obj
 .text.prvIsQueueEmpty
                0x080048d4       0x2c CMakeFiles/FreeRTOS_5_Queue_simple_noCMSIS.dir/Middlewares/Third_Party/FreeRTOS/Source/queue.c.obj
 .text.prvIsQueueFull
                0x08004900       0x30 CMakeFiles/FreeRTOS_5_Queue_simple_noCMSIS.dir/Middlewares/Third_Party/FreeRTOS/Source/queue.c.obj
 .text.xTaskCreateStatic
                0x08004930       0xd0 CMakeFiles/FreeRTOS_5_Queue_simple_noCMSIS.dir/Middlewares/Third_Party/FreeRTOS/Source/tasks.c.obj
                0x08004930                xTaskCreateStatic
 .text.xTaskCreate
                0x08004a00       0x8c CMakeFiles/FreeRTOS_5_Queue_simple_noCMSIS.dir/Middlewares/Third_Party/FreeRTOS/Source/tasks.c.obj
                0x08004a00                xTaskCreate
 .text.prvInitialiseNewTask
                0x08004a8c      0x194 CMakeFiles/FreeRTOS_5_Queue_simple_noCMSIS.dir/Middlewares/Third_Party/FreeRTOS/Source/tasks.c.obj
 .text.prvAddNewTaskToReadyList
                0x08004c20       0xd4 CMakeFiles/FreeRTOS_5_Queue_simple_noCMSIS.dir/Middlewares/Third_Party/FreeRTOS/Source/tasks.c.obj
 .text.vTaskDelay
                0x08004cf4       0x70 CMakeFiles/FreeRTOS_5_Queue_simple_noCMSIS.dir/Middlewares/Third_Party/FreeRTOS/Source/tasks.c.obj
                0x08004cf4                vTaskDelay
 .text.vTaskStartScheduler
                0x08004d64       0xdc CMakeFiles/FreeRTOS_5_Queue_simple_noCMSIS.dir/Middlewares/Third_Party/FreeRTOS/Source/tasks.c.obj
                0x08004d64                vTaskStartScheduler
 .text.vTaskSuspendAll
                0x08004e40       0x1c CMakeFiles/FreeRTOS_5_Queue_simple_noCMSIS.dir/Middlewares/Third_Party/FreeRTOS/Source/tasks.c.obj
                0x08004e40                vTaskSuspendAll
 .text.xTaskResumeAll
                0x08004e5c      0x140 CMakeFiles/FreeRTOS_5_Queue_simple_noCMSIS.dir/Middlewares/Third_Party/FreeRTOS/Source/tasks.c.obj
                0x08004e5c                xTaskResumeAll
 .text.xTaskIncrementTick
                0x08004f9c      0x178 CMakeFiles/FreeRTOS_5_Queue_simple_noCMSIS.dir/Middlewares/Third_Party/FreeRTOS/Source/tasks.c.obj
                0x08004f9c                xTaskIncrementTick
 .text.vTaskSwitchContext
                0x08005114       0xcc CMakeFiles/FreeRTOS_5_Queue_simple_noCMSIS.dir/Middlewares/Third_Party/FreeRTOS/Source/tasks.c.obj
                0x08005114                vTaskSwitchContext
 .text.vTaskPlaceOnEventList
                0x080051e0       0x50 CMakeFiles/FreeRTOS_5_Queue_simple_noCMSIS.dir/Middlewares/Third_Party/FreeRTOS/Source/tasks.c.obj
                0x080051e0                vTaskPlaceOnEventList
 .text.xTaskRemoveFromEventList
                0x08005230       0xcc CMakeFiles/FreeRTOS_5_Queue_simple_noCMSIS.dir/Middlewares/Third_Party/FreeRTOS/Source/tasks.c.obj
                0x08005230                xTaskRemoveFromEventList
 .text.vTaskInternalSetTimeOutState
                0x080052fc       0x2c CMakeFiles/FreeRTOS_5_Queue_simple_noCMSIS.dir/Middlewares/Third_Party/FreeRTOS/Source/tasks.c.obj
                0x080052fc                vTaskInternalSetTimeOutState
 .text.xTaskCheckForTimeOut
                0x08005328       0xd0 CMakeFiles/FreeRTOS_5_Queue_simple_noCMSIS.dir/Middlewares/Third_Party/FreeRTOS/Source/tasks.c.obj
                0x08005328                xTaskCheckForTimeOut
 .text.vTaskMissedYield
                0x080053f8       0x18 CMakeFiles/FreeRTOS_5_Queue_simple_noCMSIS.dir/Middlewares/Third_Party/FreeRTOS/Source/tasks.c.obj
                0x080053f8                vTaskMissedYield
 .text.prvIdleTask
                0x08005410       0x30 CMakeFiles/FreeRTOS_5_Queue_simple_noCMSIS.dir/Middlewares/Third_Party/FreeRTOS/Source/tasks.c.obj
 .text.prvInitialiseTaskLists
                0x08005440       0x80 CMakeFiles/FreeRTOS_5_Queue_simple_noCMSIS.dir/Middlewares/Third_Party/FreeRTOS/Source/tasks.c.obj
 .text.prvCheckTasksWaitingTermination
                0x080054c0       0x5c CMakeFiles/FreeRTOS_5_Queue_simple_noCMSIS.dir/Middlewares/Third_Party/FreeRTOS/Source/tasks.c.obj
 .text.prvDeleteTCB
                0x0800551c       0x6e CMakeFiles/FreeRTOS_5_Queue_simple_noCMSIS.dir/Middlewares/Third_Party/FreeRTOS/Source/tasks.c.obj
 *fill*         0x0800558a        0x2 
 .text.prvResetNextTaskUnblockTime
                0x0800558c       0x40 CMakeFiles/FreeRTOS_5_Queue_simple_noCMSIS.dir/Middlewares/Third_Party/FreeRTOS/Source/tasks.c.obj
 .text.xTaskGetSchedulerState
                0x080055cc       0x3c CMakeFiles/FreeRTOS_5_Queue_simple_noCMSIS.dir/Middlewares/Third_Party/FreeRTOS/Source/tasks.c.obj
                0x080055cc                xTaskGetSchedulerState
 .text.xTaskPriorityDisinherit
                0x08005608      0x118 CMakeFiles/FreeRTOS_5_Queue_simple_noCMSIS.dir/Middlewares/Third_Party/FreeRTOS/Source/tasks.c.obj
                0x08005608                xTaskPriorityDisinherit
 .text.prvAddCurrentTaskToDelayedList
                0x08005720       0xcc CMakeFiles/FreeRTOS_5_Queue_simple_noCMSIS.dir/Middlewares/Third_Party/FreeRTOS/Source/tasks.c.obj
 .text.pvPortMalloc
                0x080057ec      0x19c CMakeFiles/FreeRTOS_5_Queue_simple_noCMSIS.dir/Middlewares/Third_Party/FreeRTOS/Source/portable/MemMang/heap_4.c.obj
                0x080057ec                pvPortMalloc
 .text.vPortFree
                0x08005988       0xc0 CMakeFiles/FreeRTOS_5_Queue_simple_noCMSIS.dir/Middlewares/Third_Party/FreeRTOS/Source/portable/MemMang/heap_4.c.obj
                0x08005988                vPortFree
 .text.prvHeapInit
                0x08005a48       0xc4 CMakeFiles/FreeRTOS_5_Queue_simple_noCMSIS.dir/Middlewares/Third_Party/FreeRTOS/Source/portable/MemMang/heap_4.c.obj
 .text.prvInsertBlockIntoFreeList
                0x08005b0c       0xb4 CMakeFiles/FreeRTOS_5_Queue_simple_noCMSIS.dir/Middlewares/Third_Party/FreeRTOS/Source/portable/MemMang/heap_4.c.obj
 .text.pxPortInitialiseStack
                0x08005bc0       0x68 CMakeFiles/FreeRTOS_5_Queue_simple_noCMSIS.dir/Middlewares/Third_Party/FreeRTOS/Source/portable/GCC/ARM_CM7/r0p1/port.c.obj
                0x08005bc0                pxPortInitialiseStack
 .text.prvTaskExitError
                0x08005c28       0x64 CMakeFiles/FreeRTOS_5_Queue_simple_noCMSIS.dir/Middlewares/Third_Party/FreeRTOS/Source/portable/GCC/ARM_CM7/r0p1/port.c.obj
 *fill*         0x08005c8c        0x4 
 .text.SVC_Handler
                0x08005c90       0x28 CMakeFiles/FreeRTOS_5_Queue_simple_noCMSIS.dir/Middlewares/Third_Party/FreeRTOS/Source/portable/GCC/ARM_CM7/r0p1/port.c.obj
                0x08005c90                SVC_Handler
 .text.prvPortStartFirstTask
                0x08005cb8       0x28 CMakeFiles/FreeRTOS_5_Queue_simple_noCMSIS.dir/Middlewares/Third_Party/FreeRTOS/Source/portable/GCC/ARM_CM7/r0p1/port.c.obj
 .text.xPortStartScheduler
                0x08005ce0       0xfc CMakeFiles/FreeRTOS_5_Queue_simple_noCMSIS.dir/Middlewares/Third_Party/FreeRTOS/Source/portable/GCC/ARM_CM7/r0p1/port.c.obj
                0x08005ce0                xPortStartScheduler
 .text.vPortEnterCritical
                0x08005ddc       0x6c CMakeFiles/FreeRTOS_5_Queue_simple_noCMSIS.dir/Middlewares/Third_Party/FreeRTOS/Source/portable/GCC/ARM_CM7/r0p1/port.c.obj
                0x08005ddc                vPortEnterCritical
 .text.vPortExitCritical
                0x08005e48       0x58 CMakeFiles/FreeRTOS_5_Queue_simple_noCMSIS.dir/Middlewares/Third_Party/FreeRTOS/Source/portable/GCC/ARM_CM7/r0p1/port.c.obj
                0x08005e48                vPortExitCritical
 .text.PendSV_Handler
                0x08005ea0       0x68 CMakeFiles/FreeRTOS_5_Queue_simple_noCMSIS.dir/Middlewares/Third_Party/FreeRTOS/Source/portable/GCC/ARM_CM7/r0p1/port.c.obj
                0x08005ea0                PendSV_Handler
 .text.SysTick_Handler
                0x08005f08       0x48 CMakeFiles/FreeRTOS_5_Queue_simple_noCMSIS.dir/Middlewares/Third_Party/FreeRTOS/Source/portable/GCC/ARM_CM7/r0p1/port.c.obj
                0x08005f08                SysTick_Handler
 .text.vPortSetupTimerInterrupt
                0x08005f50       0x48 CMakeFiles/FreeRTOS_5_Queue_simple_noCMSIS.dir/Middlewares/Third_Party/FreeRTOS/Source/portable/GCC/ARM_CM7/r0p1/port.c.obj
                0x08005f50                vPortSetupTimerInterrupt
 .text.vPortEnableVFP
                0x08005f98       0x14 CMakeFiles/FreeRTOS_5_Queue_simple_noCMSIS.dir/Middlewares/Third_Party/FreeRTOS/Source/portable/GCC/ARM_CM7/r0p1/port.c.obj
 .text.vPortValidateInterruptPriority
                0x08005fac       0x8c CMakeFiles/FreeRTOS_5_Queue_simple_noCMSIS.dir/Middlewares/Third_Party/FreeRTOS/Source/portable/GCC/ARM_CM7/r0p1/port.c.obj
                0x08005fac                vPortValidateInterruptPriority
 .text._sbrk    0x08006038       0x6c CMakeFiles/FreeRTOS_5_Queue_simple_noCMSIS.dir/Core/Src/sysmem.c.obj
                0x08006038                _sbrk
 .text.Reset_Handler
                0x080060a4       0x50 CMakeFiles/FreeRTOS_5_Queue_simple_noCMSIS.dir/startup_stm32f767xx.s.obj
                0x080060a4                Reset_Handler
 .text.Default_Handler
                0x080060f4        0x2 CMakeFiles/FreeRTOS_5_Queue_simple_noCMSIS.dir/startup_stm32f767xx.s.obj
                0x080060f4                RTC_Alarm_IRQHandler
                0x080060f4                EXTI2_IRQHandler
                0x080060f4                TIM8_CC_IRQHandler
                0x080060f4                UART8_IRQHandler
                0x080060f4                SPI4_IRQHandler
                0x080060f4                TIM1_CC_IRQHandler
                0x080060f4                DMA2_Stream5_IRQHandler
                0x080060f4                JPEG_IRQHandler
                0x080060f4                DMA1_Stream5_IRQHandler
                0x080060f4                CAN3_RX1_IRQHandler
                0x080060f4                PVD_IRQHandler
                0x080060f4                TAMP_STAMP_IRQHandler
                0x080060f4                CAN2_RX1_IRQHandler
                0x080060f4                EXTI3_IRQHandler
                0x080060f4                TIM8_TRG_COM_TIM14_IRQHandler
                0x080060f4                DFSDM1_FLT1_IRQHandler
                0x080060f4                TIM1_UP_TIM10_IRQHandler
                0x080060f4                TIM8_UP_TIM13_IRQHandler
                0x080060f4                I2C3_ER_IRQHandler
                0x080060f4                DFSDM1_FLT2_IRQHandler
                0x080060f4                EXTI0_IRQHandler
                0x080060f4                I2C2_EV_IRQHandler
                0x080060f4                DMA1_Stream2_IRQHandler
                0x080060f4                CAN1_RX0_IRQHandler
                0x080060f4                FPU_IRQHandler
                0x080060f4                OTG_HS_WKUP_IRQHandler
                0x080060f4                CAN3_SCE_IRQHandler
                0x080060f4                LTDC_ER_IRQHandler
                0x080060f4                CAN2_SCE_IRQHandler
                0x080060f4                DMA2_Stream2_IRQHandler
                0x080060f4                SPI1_IRQHandler
                0x080060f4                TIM1_BRK_TIM9_IRQHandler
                0x080060f4                DCMI_IRQHandler
                0x080060f4                CAN2_RX0_IRQHandler
                0x080060f4                DMA2_Stream3_IRQHandler
                0x080060f4                SAI2_IRQHandler
                0x080060f4                DFSDM1_FLT3_IRQHandler
                0x080060f4                USART6_IRQHandler
                0x080060f4                CAN3_RX0_IRQHandler
                0x080060f4                CAN1_RX1_IRQHandler
                0x080060f4                UART5_IRQHandler
                0x080060f4                DMA2_Stream0_IRQHandler
                0x080060f4                TIM4_IRQHandler
                0x080060f4                QUADSPI_IRQHandler
                0x080060f4                I2C1_EV_IRQHandler
                0x080060f4                DMA1_Stream6_IRQHandler
                0x080060f4                DMA1_Stream1_IRQHandler
                0x080060f4                UART4_IRQHandler
                0x080060f4                TIM3_IRQHandler
                0x080060f4                RCC_IRQHandler
                0x080060f4                TIM8_BRK_TIM12_IRQHandler
                0x080060f4                Default_Handler
                0x080060f4                CEC_IRQHandler
                0x080060f4                EXTI15_10_IRQHandler
                0x080060f4                ADC_IRQHandler
                0x080060f4                DMA1_Stream7_IRQHandler
                0x080060f4                SPI5_IRQHandler
                0x080060f4                TIM7_IRQHandler
                0x080060f4                SDMMC1_IRQHandler
                0x080060f4                CAN2_TX_IRQHandler
                0x080060f4                TIM5_IRQHandler
                0x080060f4                DMA2_Stream7_IRQHandler
                0x080060f4                I2C3_EV_IRQHandler
                0x080060f4                EXTI9_5_IRQHandler
                0x080060f4                RTC_WKUP_IRQHandler
                0x080060f4                LTDC_IRQHandler
                0x080060f4                ETH_WKUP_IRQHandler
                0x080060f4                SPDIF_RX_IRQHandler
                0x080060f4                SPI2_IRQHandler
                0x080060f4                OTG_HS_EP1_IN_IRQHandler
                0x080060f4                DMA1_Stream0_IRQHandler
                0x080060f4                CAN1_TX_IRQHandler
                0x080060f4                EXTI4_IRQHandler
                0x080060f4                RNG_IRQHandler
                0x080060f4                ETH_IRQHandler
                0x080060f4                OTG_HS_EP1_OUT_IRQHandler
                0x080060f4                WWDG_IRQHandler
                0x080060f4                SPI6_IRQHandler
                0x080060f4                MDIOS_IRQHandler
                0x080060f4                I2C4_EV_IRQHandler
                0x080060f4                CAN3_TX_IRQHandler
                0x080060f4                TIM2_IRQHandler
                0x080060f4                OTG_FS_WKUP_IRQHandler
                0x080060f4                TIM1_TRG_COM_TIM11_IRQHandler
                0x080060f4                OTG_HS_IRQHandler
                0x080060f4                DMA2D_IRQHandler
                0x080060f4                EXTI1_IRQHandler
                0x080060f4                SDMMC2_IRQHandler
                0x080060f4                UART7_IRQHandler
                0x080060f4                USART2_IRQHandler
                0x080060f4                DFSDM1_FLT0_IRQHandler
                0x080060f4                I2C2_ER_IRQHandler
                0x080060f4                DMA2_Stream1_IRQHandler
                0x080060f4                CAN1_SCE_IRQHandler
                0x080060f4                FLASH_IRQHandler
                0x080060f4                DMA2_Stream4_IRQHandler
                0x080060f4                USART1_IRQHandler
                0x080060f4                OTG_FS_IRQHandler
                0x080060f4                SPI3_IRQHandler
                0x080060f4                DMA1_Stream4_IRQHandler
                0x080060f4                I2C1_ER_IRQHandler
                0x080060f4                FMC_IRQHandler
                0x080060f4                LPTIM1_IRQHandler
                0x080060f4                I2C4_ER_IRQHandler
                0x080060f4                DMA2_Stream6_IRQHandler
                0x080060f4                SAI1_IRQHandler
                0x080060f4                DMA1_Stream3_IRQHandler
 *fill*         0x080060f6        0x2 
 .text.sprintf  0x080060f8       0x40 /home/arvliv/st/stm32cubeclt_1.16.0/GNU-tools-for-STM32/bin/../lib/gcc/arm-none-eabi/12.3.1/../../../../arm-none-eabi/lib/thumb/v7e-m+dp/hard/libg_nano.a(libc_a-sprintf.o)
                0x080060f8                sprintf
                0x080060f8                siprintf
 .text.__errno  0x08006138        0xc /home/arvliv/st/stm32cubeclt_1.16.0/GNU-tools-for-STM32/bin/../lib/gcc/arm-none-eabi/12.3.1/../../../../arm-none-eabi/lib/thumb/v7e-m+dp/hard/libg_nano.a(libc_a-errno.o)
                0x08006138                __errno
 .text.memcpy   0x08006144       0x1c /home/arvliv/st/stm32cubeclt_1.16.0/GNU-tools-for-STM32/bin/../lib/gcc/arm-none-eabi/12.3.1/../../../../arm-none-eabi/lib/thumb/v7e-m+dp/hard/libg_nano.a(libc_a-memcpy-stub.o)
                0x08006144                memcpy
 .text.__ssputs_r
                0x08006160       0xb6 /home/arvliv/st/stm32cubeclt_1.16.0/GNU-tools-for-STM32/bin/../lib/gcc/arm-none-eabi/12.3.1/../../../../arm-none-eabi/lib/thumb/v7e-m+dp/hard/libg_nano.a(libc_a-nano-svfprintf.o)
                0x08006160                __ssputs_r
 *fill*         0x08006216        0x2 
 .text._svfprintf_r
                0x08006218      0x1f8 /home/arvliv/st/stm32cubeclt_1.16.0/GNU-tools-for-STM32/bin/../lib/gcc/arm-none-eabi/12.3.1/../../../../arm-none-eabi/lib/thumb/v7e-m+dp/hard/libg_nano.a(libc_a-nano-svfprintf.o)
                0x08006218                _svfprintf_r
                0x08006218                _svfiprintf_r
 .text._printf_common
                0x08006410       0xda /home/arvliv/st/stm32cubeclt_1.16.0/GNU-tools-for-STM32/bin/../lib/gcc/arm-none-eabi/12.3.1/../../../../arm-none-eabi/lib/thumb/v7e-m+dp/hard/libg_nano.a(libc_a-nano-vfprintf_i.o)
                0x08006410                _printf_common
 *fill*         0x080064ea        0x2 
 .text._printf_i
                0x080064ec      0x240 /home/arvliv/st/stm32cubeclt_1.16.0/GNU-tools-for-STM32/bin/../lib/gcc/arm-none-eabi/12.3.1/../../../../arm-none-eabi/lib/thumb/v7e-m+dp/hard/libg_nano.a(libc_a-nano-vfprintf_i.o)
                0x080064ec                _printf_i
 .text.memmove  0x0800672c       0x34 /home/arvliv/st/stm32cubeclt_1.16.0/GNU-tools-for-STM32/bin/../lib/gcc/arm-none-eabi/12.3.1/../../../../arm-none-eabi/lib/thumb/v7e-m+dp/hard/libg_nano.a(libc_a-memmove.o)
                0x0800672c                memmove
 .text._realloc_r
                0x08006760       0x5c /home/arvliv/st/stm32cubeclt_1.16.0/GNU-tools-for-STM32/bin/../lib/gcc/arm-none-eabi/12.3.1/../../../../arm-none-eabi/lib/thumb/v7e-m+dp/hard/libg_nano.a(libc_a-reallocr.o)
                0x08006760                _realloc_r
 .text._malloc_usable_size_r
                0x080067bc       0x10 /home/arvliv/st/stm32cubeclt_1.16.0/GNU-tools-for-STM32/bin/../lib/gcc/arm-none-eabi/12.3.1/../../../../arm-none-eabi/lib/thumb/v7e-m+dp/hard/libg_nano.a(libc_a-msizer.o)
                0x080067bc                _malloc_usable_size_r
 *(.glue_7)
 .glue_7        0x080067cc        0x0 linker stubs
 *(.glue_7t)
 .glue_7t       0x080067cc        0x0 linker stubs
 *(.eh_frame)
 .eh_frame      0x080067cc        0x0 /home/arvliv/st/stm32cubeclt_1.16.0/GNU-tools-for-STM32/bin/../lib/gcc/arm-none-eabi/12.3.1/thumb/v7e-m+dp/hard/crtbegin.o
 *(.init)
 .init          0x080067cc        0x4 /home/arvliv/st/stm32cubeclt_1.16.0/GNU-tools-for-STM32/bin/../lib/gcc/arm-none-eabi/12.3.1/thumb/v7e-m+dp/hard/crti.o
                0x080067cc                _init
 .init          0x080067d0        0x8 /home/arvliv/st/stm32cubeclt_1.16.0/GNU-tools-for-STM32/bin/../lib/gcc/arm-none-eabi/12.3.1/thumb/v7e-m+dp/hard/crtn.o
 *(.fini)
 .fini          0x080067d8        0x4 /home/arvliv/st/stm32cubeclt_1.16.0/GNU-tools-for-STM32/bin/../lib/gcc/arm-none-eabi/12.3.1/thumb/v7e-m+dp/hard/crti.o
                0x080067d8                _fini
 .fini          0x080067dc        0x8 /home/arvliv/st/stm32cubeclt_1.16.0/GNU-tools-for-STM32/bin/../lib/gcc/arm-none-eabi/12.3.1/thumb/v7e-m+dp/hard/crtn.o
                0x080067e4                        . = ALIGN (0x4)
                0x080067e4                        _etext = .

.vfp11_veneer   0x080067e4        0x0
 .vfp11_veneer  0x080067e4        0x0 linker stubs

.v4_bx          0x080067e4        0x0
 .v4_bx         0x080067e4        0x0 linker stubs

.iplt           0x080067e4        0x0
 .iplt          0x080067e4        0x0 /home/arvliv/st/stm32cubeclt_1.16.0/GNU-tools-for-STM32/bin/../lib/gcc/arm-none-eabi/12.3.1/thumb/v7e-m+dp/hard/crtbegin.o

.rodata         0x080067e4      0x2d0
                0x080067e4                        . = ALIGN (0x4)
 *(.rodata)
 .rodata        0x080067e4      0x27c CMakeFiles/FreeRTOS_5_Queue_simple_noCMSIS.dir/Core/Src/main.c.obj
 .rodata        0x08006a60        0x5 CMakeFiles/FreeRTOS_5_Queue_simple_noCMSIS.dir/Middlewares/Third_Party/FreeRTOS/Source/tasks.c.obj
 *(.rodata*)
 *fill*         0x08006a65        0x3 
 .rodata.AHBPrescTable
                0x08006a68       0x10 CMakeFiles/FreeRTOS_5_Queue_simple_noCMSIS.dir/Core/Src/system_stm32f7xx.c.obj
                0x08006a68                AHBPrescTable
 .rodata.APBPrescTable
                0x08006a78        0x8 CMakeFiles/FreeRTOS_5_Queue_simple_noCMSIS.dir/Core/Src/system_stm32f7xx.c.obj
                0x08006a78                APBPrescTable
 .rodata._svfprintf_r.str1.1
                0x08006a80       0x11 /home/arvliv/st/stm32cubeclt_1.16.0/GNU-tools-for-STM32/bin/../lib/gcc/arm-none-eabi/12.3.1/../../../../arm-none-eabi/lib/thumb/v7e-m+dp/hard/libg_nano.a(libc_a-nano-svfprintf.o)
 .rodata._printf_i.str1.1
                0x08006a91       0x22 /home/arvliv/st/stm32cubeclt_1.16.0/GNU-tools-for-STM32/bin/../lib/gcc/arm-none-eabi/12.3.1/../../../../arm-none-eabi/lib/thumb/v7e-m+dp/hard/libg_nano.a(libc_a-nano-vfprintf_i.o)
                0x08006ab4                        . = ALIGN (0x4)
 *fill*         0x08006ab3        0x1 

.ARM.extab
 *(.ARM.extab* .gnu.linkonce.armextab.*)

.ARM            0x08006ab4        0x8
                0x08006ab4                        __exidx_start = .
 *(.ARM.exidx*)
 .ARM.exidx     0x08006ab4        0x8 /home/arvliv/st/stm32cubeclt_1.16.0/GNU-tools-for-STM32/bin/../lib/gcc/arm-none-eabi/12.3.1/thumb/v7e-m+dp/hard/libgcc.a(_udivmoddi4.o)
 .ARM.exidx     0x08006abc        0x0 /home/arvliv/st/stm32cubeclt_1.16.0/GNU-tools-for-STM32/bin/../lib/gcc/arm-none-eabi/12.3.1/../../../../arm-none-eabi/lib/thumb/v7e-m+dp/hard/libg_nano.a(libc_a-strlen.o)
                                  0x8 (size before relaxing)
 .ARM.exidx     0x08006abc        0x0 /home/arvliv/st/stm32cubeclt_1.16.0/GNU-tools-for-STM32/bin/../lib/gcc/arm-none-eabi/12.3.1/../../../../arm-none-eabi/lib/thumb/v7e-m+dp/hard/libg_nano.a(libc_a-memchr.o)
                                  0x8 (size before relaxing)
                0x08006abc                        __exidx_end = .

.rel.dyn        0x08006abc        0x0
 .rel.iplt      0x08006abc        0x0 /home/arvliv/st/stm32cubeclt_1.16.0/GNU-tools-for-STM32/bin/../lib/gcc/arm-none-eabi/12.3.1/thumb/v7e-m+dp/hard/crtbegin.o

.preinit_array  0x08006abc        0x0
                0x08006abc                        PROVIDE (__preinit_array_start = .)
 *(.preinit_array*)
                0x08006abc                        PROVIDE (__preinit_array_end = .)

.init_array     0x08006abc        0x4
                0x08006abc                        PROVIDE (__init_array_start = .)
 *(SORT_BY_NAME(.init_array.*))
 *(.init_array*)
 .init_array    0x08006abc        0x4 /home/arvliv/st/stm32cubeclt_1.16.0/GNU-tools-for-STM32/bin/../lib/gcc/arm-none-eabi/12.3.1/thumb/v7e-m+dp/hard/crtbegin.o
                0x08006ac0                        PROVIDE (__init_array_end = .)

.fini_array     0x08006ac0        0x4
                [!provide]                        PROVIDE (__fini_array_start = .)
 *(SORT_BY_NAME(.fini_array.*))
 *(.fini_array*)
 .fini_array    0x08006ac0        0x4 /home/arvliv/st/stm32cubeclt_1.16.0/GNU-tools-for-STM32/bin/../lib/gcc/arm-none-eabi/12.3.1/thumb/v7e-m+dp/hard/crtbegin.o
                [!provide]                        PROVIDE (__fini_array_end = .)
                0x08006ac4                        _sidata = LOADADDR (.data)

.data           0x20000000       0x60 load address 0x08006ac4
                0x20000000                        . = ALIGN (0x4)
                0x20000000                        _sdata = .
 *(.data)
 *(.data*)
 .data._impure_ptr
                0x20000000        0x4 /home/arvliv/st/stm32cubeclt_1.16.0/GNU-tools-for-STM32/bin/../lib/gcc/arm-none-eabi/12.3.1/../../../../arm-none-eabi/lib/thumb/v7e-m+dp/hard/libc_nano.a(libc_a-impure.o)
                0x20000000                _impure_ptr
 .data._impure_data
                0x20000004       0x4c /home/arvliv/st/stm32cubeclt_1.16.0/GNU-tools-for-STM32/bin/../lib/gcc/arm-none-eabi/12.3.1/../../../../arm-none-eabi/lib/thumb/v7e-m+dp/hard/libc_nano.a(libc_a-impure.o)
                0x20000004                _impure_data
 .data.uwTickPrio
                0x20000050        0x4 CMakeFiles/FreeRTOS_5_Queue_simple_noCMSIS.dir/Drivers/STM32F7xx_HAL_Driver/Src/stm32f7xx_hal.c.obj
                0x20000050                uwTickPrio
 .data.uwTickFreq
                0x20000054        0x1 CMakeFiles/FreeRTOS_5_Queue_simple_noCMSIS.dir/Drivers/STM32F7xx_HAL_Driver/Src/stm32f7xx_hal.c.obj
                0x20000054                uwTickFreq
 *fill*         0x20000055        0x3 
 .data.SystemCoreClock
                0x20000058        0x4 CMakeFiles/FreeRTOS_5_Queue_simple_noCMSIS.dir/Core/Src/system_stm32f7xx.c.obj
                0x20000058                SystemCoreClock
 .data.uxCriticalNesting
                0x2000005c        0x4 CMakeFiles/FreeRTOS_5_Queue_simple_noCMSIS.dir/Middlewares/Third_Party/FreeRTOS/Source/portable/GCC/ARM_CM7/r0p1/port.c.obj
                0x20000060                        . = ALIGN (0x4)
                0x20000060                        _edata = .

.igot.plt       0x20000060        0x0 load address 0x08006b24
 .igot.plt      0x20000060        0x0 /home/arvliv/st/stm32cubeclt_1.16.0/GNU-tools-for-STM32/bin/../lib/gcc/arm-none-eabi/12.3.1/thumb/v7e-m+dp/hard/crtbegin.o
                0x20000060                        . = ALIGN (0x4)

.bss            0x20000060     0x4304 load address 0x08006b24
                0x20000060                        _sbss = .
                0x20000060                        __bss_start__ = _sbss
 *(.bss)
 .bss           0x20000060       0x1c /home/arvliv/st/stm32cubeclt_1.16.0/GNU-tools-for-STM32/bin/../lib/gcc/arm-none-eabi/12.3.1/thumb/v7e-m+dp/hard/crtbegin.o
 *(.bss*)
 .bss.__sf      0x2000007c      0x138 /home/arvliv/st/stm32cubeclt_1.16.0/GNU-tools-for-STM32/bin/../lib/gcc/arm-none-eabi/12.3.1/../../../../arm-none-eabi/lib/thumb/v7e-m+dp/hard/libc_nano.a(libc_a-findfp.o)
                0x2000007c                __sf
 .bss.errno     0x200001b4        0x4 /home/arvliv/st/stm32cubeclt_1.16.0/GNU-tools-for-STM32/bin/../lib/gcc/arm-none-eabi/12.3.1/../../../../arm-none-eabi/lib/thumb/v7e-m+dp/hard/libc_nano.a(libc_a-reent.o)
                0x200001b4                errno
 .bss.__lock___malloc_recursive_mutex
                0x200001b8        0x1 /home/arvliv/st/stm32cubeclt_1.16.0/GNU-tools-for-STM32/bin/../lib/gcc/arm-none-eabi/12.3.1/../../../../arm-none-eabi/lib/thumb/v7e-m+dp/hard/libc_nano.a(libc_a-lock.o)
                0x200001b8                __lock___malloc_recursive_mutex
 *fill*         0x200001b9        0x3 
 .bss.__malloc_sbrk_start
                0x200001bc        0x4 /home/arvliv/st/stm32cubeclt_1.16.0/GNU-tools-for-STM32/bin/../lib/gcc/arm-none-eabi/12.3.1/../../../../arm-none-eabi/lib/thumb/v7e-m+dp/hard/libc_nano.a(libc_a-mallocr.o)
                0x200001bc                __malloc_sbrk_start
 .bss.__malloc_free_list
                0x200001c0        0x4 /home/arvliv/st/stm32cubeclt_1.16.0/GNU-tools-for-STM32/bin/../lib/gcc/arm-none-eabi/12.3.1/../../../../arm-none-eabi/lib/thumb/v7e-m+dp/hard/libc_nano.a(libc_a-mallocr.o)
                0x200001c0                __malloc_free_list
 .bss.huart3    0x200001c4       0x80 CMakeFiles/FreeRTOS_5_Queue_simple_noCMSIS.dir/Core/Src/main.c.obj
                0x200001c4                huart3
 .bss.Sender_HPT_Handler
                0x20000244        0x4 CMakeFiles/FreeRTOS_5_Queue_simple_noCMSIS.dir/Core/Src/main.c.obj
                0x20000244                Sender_HPT_Handler
 .bss.Sender_LPT_Handler
                0x20000248        0x4 CMakeFiles/FreeRTOS_5_Queue_simple_noCMSIS.dir/Core/Src/main.c.obj
                0x20000248                Sender_LPT_Handler
 .bss.Receiver_Handler
                0x2000024c        0x4 CMakeFiles/FreeRTOS_5_Queue_simple_noCMSIS.dir/Core/Src/main.c.obj
                0x2000024c                Receiver_Handler
 .bss.simpleQueue
                0x20000250        0x4 CMakeFiles/FreeRTOS_5_Queue_simple_noCMSIS.dir/Core/Src/main.c.obj
                0x20000250                simpleQueue
 .bss.Rx_data   0x20000254        0x1 CMakeFiles/FreeRTOS_5_Queue_simple_noCMSIS.dir/Core/Src/main.c.obj
                0x20000254                Rx_data
 *fill*         0x20000255        0x3 
 .bss.xIdleTaskTCBBuffer
                0x20000258      0x178 CMakeFiles/FreeRTOS_5_Queue_simple_noCMSIS.dir/Core/Src/freertos.c.obj
 .bss.xIdleStack
                0x200003d0      0x200 CMakeFiles/FreeRTOS_5_Queue_simple_noCMSIS.dir/Core/Src/freertos.c.obj
 .bss.htim6     0x200005d0       0x40 CMakeFiles/FreeRTOS_5_Queue_simple_noCMSIS.dir/Core/Src/stm32f7xx_hal_timebase_tim.c.obj
                0x200005d0                htim6
 .bss.uwTick    0x20000610        0x4 CMakeFiles/FreeRTOS_5_Queue_simple_noCMSIS.dir/Drivers/STM32F7xx_HAL_Driver/Src/stm32f7xx_hal.c.obj
                0x20000610                uwTick
 .bss.pxCurrentTCB
                0x20000614        0x4 CMakeFiles/FreeRTOS_5_Queue_simple_noCMSIS.dir/Middlewares/Third_Party/FreeRTOS/Source/tasks.c.obj
                0x20000614                pxCurrentTCB
 .bss.pxReadyTasksLists
                0x20000618       0x8c CMakeFiles/FreeRTOS_5_Queue_simple_noCMSIS.dir/Middlewares/Third_Party/FreeRTOS/Source/tasks.c.obj
 .bss.xDelayedTaskList1
                0x200006a4       0x14 CMakeFiles/FreeRTOS_5_Queue_simple_noCMSIS.dir/Middlewares/Third_Party/FreeRTOS/Source/tasks.c.obj
 .bss.xDelayedTaskList2
                0x200006b8       0x14 CMakeFiles/FreeRTOS_5_Queue_simple_noCMSIS.dir/Middlewares/Third_Party/FreeRTOS/Source/tasks.c.obj
 .bss.pxDelayedTaskList
                0x200006cc        0x4 CMakeFiles/FreeRTOS_5_Queue_simple_noCMSIS.dir/Middlewares/Third_Party/FreeRTOS/Source/tasks.c.obj
 .bss.pxOverflowDelayedTaskList
                0x200006d0        0x4 CMakeFiles/FreeRTOS_5_Queue_simple_noCMSIS.dir/Middlewares/Third_Party/FreeRTOS/Source/tasks.c.obj
 .bss.xPendingReadyList
                0x200006d4       0x14 CMakeFiles/FreeRTOS_5_Queue_simple_noCMSIS.dir/Middlewares/Third_Party/FreeRTOS/Source/tasks.c.obj
 .bss.xTasksWaitingTermination
                0x200006e8       0x14 CMakeFiles/FreeRTOS_5_Queue_simple_noCMSIS.dir/Middlewares/Third_Party/FreeRTOS/Source/tasks.c.obj
 .bss.uxDeletedTasksWaitingCleanUp
                0x200006fc        0x4 CMakeFiles/FreeRTOS_5_Queue_simple_noCMSIS.dir/Middlewares/Third_Party/FreeRTOS/Source/tasks.c.obj
 .bss.xSuspendedTaskList
                0x20000700       0x14 CMakeFiles/FreeRTOS_5_Queue_simple_noCMSIS.dir/Middlewares/Third_Party/FreeRTOS/Source/tasks.c.obj
 .bss.uxCurrentNumberOfTasks
                0x20000714        0x4 CMakeFiles/FreeRTOS_5_Queue_simple_noCMSIS.dir/Middlewares/Third_Party/FreeRTOS/Source/tasks.c.obj
 .bss.xTickCount
                0x20000718        0x4 CMakeFiles/FreeRTOS_5_Queue_simple_noCMSIS.dir/Middlewares/Third_Party/FreeRTOS/Source/tasks.c.obj
 .bss.uxTopReadyPriority
                0x2000071c        0x4 CMakeFiles/FreeRTOS_5_Queue_simple_noCMSIS.dir/Middlewares/Third_Party/FreeRTOS/Source/tasks.c.obj
 .bss.xSchedulerRunning
                0x20000720        0x4 CMakeFiles/FreeRTOS_5_Queue_simple_noCMSIS.dir/Middlewares/Third_Party/FreeRTOS/Source/tasks.c.obj
 .bss.uxPendedTicks
                0x20000724        0x4 CMakeFiles/FreeRTOS_5_Queue_simple_noCMSIS.dir/Middlewares/Third_Party/FreeRTOS/Source/tasks.c.obj
 .bss.xYieldPending
                0x20000728        0x4 CMakeFiles/FreeRTOS_5_Queue_simple_noCMSIS.dir/Middlewares/Third_Party/FreeRTOS/Source/tasks.c.obj
 .bss.xNumOfOverflows
                0x2000072c        0x4 CMakeFiles/FreeRTOS_5_Queue_simple_noCMSIS.dir/Middlewares/Third_Party/FreeRTOS/Source/tasks.c.obj
 .bss.uxTaskNumber
                0x20000730        0x4 CMakeFiles/FreeRTOS_5_Queue_simple_noCMSIS.dir/Middlewares/Third_Party/FreeRTOS/Source/tasks.c.obj
 .bss.xNextTaskUnblockTime
                0x20000734        0x4 CMakeFiles/FreeRTOS_5_Queue_simple_noCMSIS.dir/Middlewares/Third_Party/FreeRTOS/Source/tasks.c.obj
 .bss.xIdleTaskHandle
                0x20000738        0x4 CMakeFiles/FreeRTOS_5_Queue_simple_noCMSIS.dir/Middlewares/Third_Party/FreeRTOS/Source/tasks.c.obj
 .bss.uxSchedulerSuspended
                0x2000073c        0x4 CMakeFiles/FreeRTOS_5_Queue_simple_noCMSIS.dir/Middlewares/Third_Party/FreeRTOS/Source/tasks.c.obj
 .bss.ucHeap    0x20000740     0x3c00 CMakeFiles/FreeRTOS_5_Queue_simple_noCMSIS.dir/Middlewares/Third_Party/FreeRTOS/Source/portable/MemMang/heap_4.c.obj
 .bss.xStart    0x20004340        0x8 CMakeFiles/FreeRTOS_5_Queue_simple_noCMSIS.dir/Middlewares/Third_Party/FreeRTOS/Source/portable/MemMang/heap_4.c.obj
 .bss.pxEnd     0x20004348        0x4 CMakeFiles/FreeRTOS_5_Queue_simple_noCMSIS.dir/Middlewares/Third_Party/FreeRTOS/Source/portable/MemMang/heap_4.c.obj
 .bss.xFreeBytesRemaining
                0x2000434c        0x4 CMakeFiles/FreeRTOS_5_Queue_simple_noCMSIS.dir/Middlewares/Third_Party/FreeRTOS/Source/portable/MemMang/heap_4.c.obj
 .bss.xMinimumEverFreeBytesRemaining
                0x20004350        0x4 CMakeFiles/FreeRTOS_5_Queue_simple_noCMSIS.dir/Middlewares/Third_Party/FreeRTOS/Source/portable/MemMang/heap_4.c.obj
 .bss.xBlockAllocatedBit
                0x20004354        0x4 CMakeFiles/FreeRTOS_5_Queue_simple_noCMSIS.dir/Middlewares/Third_Party/FreeRTOS/Source/portable/MemMang/heap_4.c.obj
 .bss.ucMaxSysCallPriority
                0x20004358        0x1 CMakeFiles/FreeRTOS_5_Queue_simple_noCMSIS.dir/Middlewares/Third_Party/FreeRTOS/Source/portable/GCC/ARM_CM7/r0p1/port.c.obj
 *fill*         0x20004359        0x3 
 .bss.ulMaxPRIGROUPValue
                0x2000435c        0x4 CMakeFiles/FreeRTOS_5_Queue_simple_noCMSIS.dir/Middlewares/Third_Party/FreeRTOS/Source/portable/GCC/ARM_CM7/r0p1/port.c.obj
 .bss.__sbrk_heap_end
                0x20004360        0x4 CMakeFiles/FreeRTOS_5_Queue_simple_noCMSIS.dir/Core/Src/sysmem.c.obj
 *(COMMON)
                0x20004364                        . = ALIGN (0x4)
                0x20004364                        _ebss = .
                0x20004364                        __bss_end__ = _ebss

._user_heap_stack
                0x20004364      0x604 load address 0x08006b24
                0x20004368                        . = ALIGN (0x8)
 *fill*         0x20004364        0x4 
                [!provide]                        PROVIDE (end = .)
                0x20004368                        PROVIDE (_end = .)
                0x20004568                        . = (. + _Min_Heap_Size)
 *fill*         0x20004368      0x200 
                0x20004968                        . = (. + _Min_Stack_Size)
 *fill*         0x20004568      0x400 
                0x20004968                        . = ALIGN (0x8)

/DISCARD/
 libc.a(*)
 libm.a(*)
 libgcc.a(*)

.ARM.attributes
                0x00000000       0x2e
 *(.ARM.attributes)
 .ARM.attributes
                0x00000000       0x20 /home/arvliv/st/stm32cubeclt_1.16.0/GNU-tools-for-STM32/bin/../lib/gcc/arm-none-eabi/12.3.1/thumb/v7e-m+dp/hard/crti.o
 .ARM.attributes
                0x00000020       0x32 /home/arvliv/st/stm32cubeclt_1.16.0/GNU-tools-for-STM32/bin/../lib/gcc/arm-none-eabi/12.3.1/thumb/v7e-m+dp/hard/crtbegin.o
 .ARM.attributes
                0x00000052       0x32 /home/arvliv/st/stm32cubeclt_1.16.0/GNU-tools-for-STM32/bin/../lib/gcc/arm-none-eabi/12.3.1/../../../../arm-none-eabi/lib/thumb/v7e-m+dp/hard/libc_nano.a(libc_a-findfp.o)
 .ARM.attributes
                0x00000084       0x32 /home/arvliv/st/stm32cubeclt_1.16.0/GNU-tools-for-STM32/bin/../lib/gcc/arm-none-eabi/12.3.1/../../../../arm-none-eabi/lib/thumb/v7e-m+dp/hard/libc_nano.a(libc_a-memset.o)
 .ARM.attributes
                0x000000b6       0x32 /home/arvliv/st/stm32cubeclt_1.16.0/GNU-tools-for-STM32/bin/../lib/gcc/arm-none-eabi/12.3.1/../../../../arm-none-eabi/lib/thumb/v7e-m+dp/hard/libc_nano.a(libc_a-reent.o)
 .ARM.attributes
                0x000000e8       0x32 /home/arvliv/st/stm32cubeclt_1.16.0/GNU-tools-for-STM32/bin/../lib/gcc/arm-none-eabi/12.3.1/../../../../arm-none-eabi/lib/thumb/v7e-m+dp/hard/libc_nano.a(libc_a-impure.o)
 .ARM.attributes
                0x0000011a       0x32 /home/arvliv/st/stm32cubeclt_1.16.0/GNU-tools-for-STM32/bin/../lib/gcc/arm-none-eabi/12.3.1/../../../../arm-none-eabi/lib/thumb/v7e-m+dp/hard/libc_nano.a(libc_a-init.o)
 .ARM.attributes
                0x0000014c       0x32 /home/arvliv/st/stm32cubeclt_1.16.0/GNU-tools-for-STM32/bin/../lib/gcc/arm-none-eabi/12.3.1/../../../../arm-none-eabi/lib/thumb/v7e-m+dp/hard/libc_nano.a(libc_a-lock.o)
 .ARM.attributes
                0x0000017e       0x32 /home/arvliv/st/stm32cubeclt_1.16.0/GNU-tools-for-STM32/bin/../lib/gcc/arm-none-eabi/12.3.1/../../../../arm-none-eabi/lib/thumb/v7e-m+dp/hard/libc_nano.a(libc_a-freer.o)
 .ARM.attributes
                0x000001b0       0x32 /home/arvliv/st/stm32cubeclt_1.16.0/GNU-tools-for-STM32/bin/../lib/gcc/arm-none-eabi/12.3.1/../../../../arm-none-eabi/lib/thumb/v7e-m+dp/hard/libc_nano.a(libc_a-mallocr.o)
 .ARM.attributes
                0x000001e2       0x32 /home/arvliv/st/stm32cubeclt_1.16.0/GNU-tools-for-STM32/bin/../lib/gcc/arm-none-eabi/12.3.1/../../../../arm-none-eabi/lib/thumb/v7e-m+dp/hard/libc_nano.a(libc_a-mlock.o)
 .ARM.attributes
                0x00000214       0x32 /home/arvliv/st/stm32cubeclt_1.16.0/GNU-tools-for-STM32/bin/../lib/gcc/arm-none-eabi/12.3.1/../../../../arm-none-eabi/lib/thumb/v7e-m+dp/hard/libc_nano.a(libc_a-sbrkr.o)
 .ARM.attributes
                0x00000246       0x32 CMakeFiles/FreeRTOS_5_Queue_simple_noCMSIS.dir/Core/Src/main.c.obj
 .ARM.attributes
                0x00000278       0x32 CMakeFiles/FreeRTOS_5_Queue_simple_noCMSIS.dir/Core/Src/freertos.c.obj
 .ARM.attributes
                0x000002aa       0x32 CMakeFiles/FreeRTOS_5_Queue_simple_noCMSIS.dir/Core/Src/stm32f7xx_it.c.obj
 .ARM.attributes
                0x000002dc       0x32 CMakeFiles/FreeRTOS_5_Queue_simple_noCMSIS.dir/Core/Src/stm32f7xx_hal_msp.c.obj
 .ARM.attributes
                0x0000030e       0x32 CMakeFiles/FreeRTOS_5_Queue_simple_noCMSIS.dir/Core/Src/stm32f7xx_hal_timebase_tim.c.obj
 .ARM.attributes
                0x00000340       0x32 CMakeFiles/FreeRTOS_5_Queue_simple_noCMSIS.dir/Drivers/STM32F7xx_HAL_Driver/Src/stm32f7xx_hal_cortex.c.obj
 .ARM.attributes
                0x00000372       0x32 CMakeFiles/FreeRTOS_5_Queue_simple_noCMSIS.dir/Drivers/STM32F7xx_HAL_Driver/Src/stm32f7xx_hal_rcc.c.obj
 .ARM.attributes
                0x000003a4       0x32 CMakeFiles/FreeRTOS_5_Queue_simple_noCMSIS.dir/Drivers/STM32F7xx_HAL_Driver/Src/stm32f7xx_hal_rcc_ex.c.obj
 .ARM.attributes
                0x000003d6       0x32 CMakeFiles/FreeRTOS_5_Queue_simple_noCMSIS.dir/Drivers/STM32F7xx_HAL_Driver/Src/stm32f7xx_hal_gpio.c.obj
 .ARM.attributes
                0x00000408       0x32 CMakeFiles/FreeRTOS_5_Queue_simple_noCMSIS.dir/Drivers/STM32F7xx_HAL_Driver/Src/stm32f7xx_hal_dma.c.obj
 .ARM.attributes
                0x0000043a       0x32 CMakeFiles/FreeRTOS_5_Queue_simple_noCMSIS.dir/Drivers/STM32F7xx_HAL_Driver/Src/stm32f7xx_hal_pwr_ex.c.obj
 .ARM.attributes
                0x0000046c       0x32 CMakeFiles/FreeRTOS_5_Queue_simple_noCMSIS.dir/Drivers/STM32F7xx_HAL_Driver/Src/stm32f7xx_hal.c.obj
 .ARM.attributes
                0x0000049e       0x32 CMakeFiles/FreeRTOS_5_Queue_simple_noCMSIS.dir/Drivers/STM32F7xx_HAL_Driver/Src/stm32f7xx_hal_tim.c.obj
 .ARM.attributes
                0x000004d0       0x32 CMakeFiles/FreeRTOS_5_Queue_simple_noCMSIS.dir/Drivers/STM32F7xx_HAL_Driver/Src/stm32f7xx_hal_tim_ex.c.obj
 .ARM.attributes
                0x00000502       0x32 CMakeFiles/FreeRTOS_5_Queue_simple_noCMSIS.dir/Drivers/STM32F7xx_HAL_Driver/Src/stm32f7xx_hal_uart.c.obj
 .ARM.attributes
                0x00000534       0x32 CMakeFiles/FreeRTOS_5_Queue_simple_noCMSIS.dir/Core/Src/system_stm32f7xx.c.obj
 .ARM.attributes
                0x00000566       0x32 CMakeFiles/FreeRTOS_5_Queue_simple_noCMSIS.dir/Middlewares/Third_Party/FreeRTOS/Source/list.c.obj
 .ARM.attributes
                0x00000598       0x32 CMakeFiles/FreeRTOS_5_Queue_simple_noCMSIS.dir/Middlewares/Third_Party/FreeRTOS/Source/queue.c.obj
 .ARM.attributes
                0x000005ca       0x32 CMakeFiles/FreeRTOS_5_Queue_simple_noCMSIS.dir/Middlewares/Third_Party/FreeRTOS/Source/tasks.c.obj
 .ARM.attributes
                0x000005fc       0x32 CMakeFiles/FreeRTOS_5_Queue_simple_noCMSIS.dir/Middlewares/Third_Party/FreeRTOS/Source/portable/MemMang/heap_4.c.obj
 .ARM.attributes
                0x0000062e       0x32 CMakeFiles/FreeRTOS_5_Queue_simple_noCMSIS.dir/Middlewares/Third_Party/FreeRTOS/Source/portable/GCC/ARM_CM7/r0p1/port.c.obj
 .ARM.attributes
                0x00000660       0x32 CMakeFiles/FreeRTOS_5_Queue_simple_noCMSIS.dir/Core/Src/sysmem.c.obj
 .ARM.attributes
                0x00000692       0x21 CMakeFiles/FreeRTOS_5_Queue_simple_noCMSIS.dir/startup_stm32f767xx.s.obj
 .ARM.attributes
                0x000006b3       0x20 /home/arvliv/st/stm32cubeclt_1.16.0/GNU-tools-for-STM32/bin/../lib/gcc/arm-none-eabi/12.3.1/thumb/v7e-m+dp/hard/libgcc.a(_aeabi_uldivmod.o)
 .ARM.attributes
                0x000006d3       0x32 /home/arvliv/st/stm32cubeclt_1.16.0/GNU-tools-for-STM32/bin/../lib/gcc/arm-none-eabi/12.3.1/thumb/v7e-m+dp/hard/libgcc.a(_udivmoddi4.o)
 .ARM.attributes
                0x00000705       0x20 /home/arvliv/st/stm32cubeclt_1.16.0/GNU-tools-for-STM32/bin/../lib/gcc/arm-none-eabi/12.3.1/thumb/v7e-m+dp/hard/libgcc.a(_dvmd_tls.o)
 .ARM.attributes
                0x00000725       0x32 /home/arvliv/st/stm32cubeclt_1.16.0/GNU-tools-for-STM32/bin/../lib/gcc/arm-none-eabi/12.3.1/../../../../arm-none-eabi/lib/thumb/v7e-m+dp/hard/libg_nano.a(libc_a-sprintf.o)
 .ARM.attributes
                0x00000757       0x32 /home/arvliv/st/stm32cubeclt_1.16.0/GNU-tools-for-STM32/bin/../lib/gcc/arm-none-eabi/12.3.1/../../../../arm-none-eabi/lib/thumb/v7e-m+dp/hard/libg_nano.a(libc_a-errno.o)
 .ARM.attributes
                0x00000789       0x32 /home/arvliv/st/stm32cubeclt_1.16.0/GNU-tools-for-STM32/bin/../lib/gcc/arm-none-eabi/12.3.1/../../../../arm-none-eabi/lib/thumb/v7e-m+dp/hard/libg_nano.a(libc_a-memcpy-stub.o)
 .ARM.attributes
                0x000007bb       0x17 /home/arvliv/st/stm32cubeclt_1.16.0/GNU-tools-for-STM32/bin/../lib/gcc/arm-none-eabi/12.3.1/../../../../arm-none-eabi/lib/thumb/v7e-m+dp/hard/libg_nano.a(libc_a-strlen.o)
 .ARM.attributes
                0x000007d2       0x32 /home/arvliv/st/stm32cubeclt_1.16.0/GNU-tools-for-STM32/bin/../lib/gcc/arm-none-eabi/12.3.1/../../../../arm-none-eabi/lib/thumb/v7e-m+dp/hard/libg_nano.a(libc_a-nano-svfprintf.o)
 .ARM.attributes
                0x00000804       0x32 /home/arvliv/st/stm32cubeclt_1.16.0/GNU-tools-for-STM32/bin/../lib/gcc/arm-none-eabi/12.3.1/../../../../arm-none-eabi/lib/thumb/v7e-m+dp/hard/libg_nano.a(libc_a-nano-vfprintf_i.o)
 .ARM.attributes
                0x00000836       0x32 /home/arvliv/st/stm32cubeclt_1.16.0/GNU-tools-for-STM32/bin/../lib/gcc/arm-none-eabi/12.3.1/../../../../arm-none-eabi/lib/thumb/v7e-m+dp/hard/libg_nano.a(libc_a-memmove.o)
 .ARM.attributes
                0x00000868       0x1c /home/arvliv/st/stm32cubeclt_1.16.0/GNU-tools-for-STM32/bin/../lib/gcc/arm-none-eabi/12.3.1/../../../../arm-none-eabi/lib/thumb/v7e-m+dp/hard/libg_nano.a(libc_a-memchr.o)
 .ARM.attributes
                0x00000884       0x32 /home/arvliv/st/stm32cubeclt_1.16.0/GNU-tools-for-STM32/bin/../lib/gcc/arm-none-eabi/12.3.1/../../../../arm-none-eabi/lib/thumb/v7e-m+dp/hard/libg_nano.a(libc_a-reallocr.o)
 .ARM.attributes
                0x000008b6       0x32 /home/arvliv/st/stm32cubeclt_1.16.0/GNU-tools-for-STM32/bin/../lib/gcc/arm-none-eabi/12.3.1/../../../../arm-none-eabi/lib/thumb/v7e-m+dp/hard/libg_nano.a(libc_a-msizer.o)
 .ARM.attributes
                0x000008e8       0x20 /home/arvliv/st/stm32cubeclt_1.16.0/GNU-tools-for-STM32/bin/../lib/gcc/arm-none-eabi/12.3.1/thumb/v7e-m+dp/hard/crtn.o
OUTPUT(FreeRTOS_5_Queue_simple_noCMSIS.elf elf32-littlearm)
LOAD linker stubs
LOAD /home/arvliv/st/stm32cubeclt_1.16.0/GNU-tools-for-STM32/bin/../lib/gcc/arm-none-eabi/12.3.1/../../../../arm-none-eabi/lib/thumb/v7e-m+dp/hard/libc.a
LOAD /home/arvliv/st/stm32cubeclt_1.16.0/GNU-tools-for-STM32/bin/../lib/gcc/arm-none-eabi/12.3.1/../../../../arm-none-eabi/lib/thumb/v7e-m+dp/hard/libm.a
LOAD /home/arvliv/st/stm32cubeclt_1.16.0/GNU-tools-for-STM32/bin/../lib/gcc/arm-none-eabi/12.3.1/thumb/v7e-m+dp/hard/libgcc.a

.debug_frame    0x00000000     0x4b3c
 .debug_frame   0x00000000      0x144 /home/arvliv/st/stm32cubeclt_1.16.0/GNU-tools-for-STM32/bin/../lib/gcc/arm-none-eabi/12.3.1/../../../../arm-none-eabi/lib/thumb/v7e-m+dp/hard/libc_nano.a(libc_a-findfp.o)
 .debug_frame   0x00000144       0x20 /home/arvliv/st/stm32cubeclt_1.16.0/GNU-tools-for-STM32/bin/../lib/gcc/arm-none-eabi/12.3.1/../../../../arm-none-eabi/lib/thumb/v7e-m+dp/hard/libc_nano.a(libc_a-memset.o)
 .debug_frame   0x00000164       0x38 /home/arvliv/st/stm32cubeclt_1.16.0/GNU-tools-for-STM32/bin/../lib/gcc/arm-none-eabi/12.3.1/../../../../arm-none-eabi/lib/thumb/v7e-m+dp/hard/libc_nano.a(libc_a-reent.o)
 .debug_frame   0x0000019c       0x2c /home/arvliv/st/stm32cubeclt_1.16.0/GNU-tools-for-STM32/bin/../lib/gcc/arm-none-eabi/12.3.1/../../../../arm-none-eabi/lib/thumb/v7e-m+dp/hard/libc_nano.a(libc_a-init.o)
 .debug_frame   0x000001c8       0xb0 /home/arvliv/st/stm32cubeclt_1.16.0/GNU-tools-for-STM32/bin/../lib/gcc/arm-none-eabi/12.3.1/../../../../arm-none-eabi/lib/thumb/v7e-m+dp/hard/libc_nano.a(libc_a-lock.o)
 .debug_frame   0x00000278       0x38 /home/arvliv/st/stm32cubeclt_1.16.0/GNU-tools-for-STM32/bin/../lib/gcc/arm-none-eabi/12.3.1/../../../../arm-none-eabi/lib/thumb/v7e-m+dp/hard/libc_nano.a(libc_a-freer.o)
 .debug_frame   0x000002b0       0x50 /home/arvliv/st/stm32cubeclt_1.16.0/GNU-tools-for-STM32/bin/../lib/gcc/arm-none-eabi/12.3.1/../../../../arm-none-eabi/lib/thumb/v7e-m+dp/hard/libc_nano.a(libc_a-mallocr.o)
 .debug_frame   0x00000300       0x30 /home/arvliv/st/stm32cubeclt_1.16.0/GNU-tools-for-STM32/bin/../lib/gcc/arm-none-eabi/12.3.1/../../../../arm-none-eabi/lib/thumb/v7e-m+dp/hard/libc_nano.a(libc_a-mlock.o)
 .debug_frame   0x00000330       0x2c /home/arvliv/st/stm32cubeclt_1.16.0/GNU-tools-for-STM32/bin/../lib/gcc/arm-none-eabi/12.3.1/../../../../arm-none-eabi/lib/thumb/v7e-m+dp/hard/libc_nano.a(libc_a-sbrkr.o)
 .debug_frame   0x0000035c      0x15c CMakeFiles/FreeRTOS_5_Queue_simple_noCMSIS.dir/Core/Src/main.c.obj
 .debug_frame   0x000004b8       0x38 CMakeFiles/FreeRTOS_5_Queue_simple_noCMSIS.dir/Core/Src/freertos.c.obj
 .debug_frame   0x000004f0       0xe0 CMakeFiles/FreeRTOS_5_Queue_simple_noCMSIS.dir/Core/Src/stm32f7xx_it.c.obj
 .debug_frame   0x000005d0       0x80 CMakeFiles/FreeRTOS_5_Queue_simple_noCMSIS.dir/Core/Src/stm32f7xx_hal_msp.c.obj
 .debug_frame   0x00000650       0x74 CMakeFiles/FreeRTOS_5_Queue_simple_noCMSIS.dir/Core/Src/stm32f7xx_hal_timebase_tim.c.obj
 .debug_frame   0x000006c4      0x498 CMakeFiles/FreeRTOS_5_Queue_simple_noCMSIS.dir/Drivers/STM32F7xx_HAL_Driver/Src/stm32f7xx_hal_cortex.c.obj
 .debug_frame   0x00000b5c      0x1f8 CMakeFiles/FreeRTOS_5_Queue_simple_noCMSIS.dir/Drivers/STM32F7xx_HAL_Driver/Src/stm32f7xx_hal_rcc.c.obj
 .debug_frame   0x00000d54      0x118 CMakeFiles/FreeRTOS_5_Queue_simple_noCMSIS.dir/Drivers/STM32F7xx_HAL_Driver/Src/stm32f7xx_hal_rcc_ex.c.obj
 .debug_frame   0x00000e6c      0x14c CMakeFiles/FreeRTOS_5_Queue_simple_noCMSIS.dir/Drivers/STM32F7xx_HAL_Driver/Src/stm32f7xx_hal_gpio.c.obj
 .debug_frame   0x00000fb8      0x250 CMakeFiles/FreeRTOS_5_Queue_simple_noCMSIS.dir/Drivers/STM32F7xx_HAL_Driver/Src/stm32f7xx_hal_dma.c.obj
 .debug_frame   0x00001208      0x1c8 CMakeFiles/FreeRTOS_5_Queue_simple_noCMSIS.dir/Drivers/STM32F7xx_HAL_Driver/Src/stm32f7xx_hal_pwr_ex.c.obj
 .debug_frame   0x000013d0      0x3f4 CMakeFiles/FreeRTOS_5_Queue_simple_noCMSIS.dir/Drivers/STM32F7xx_HAL_Driver/Src/stm32f7xx_hal.c.obj
 .debug_frame   0x000017c4     0x1144 CMakeFiles/FreeRTOS_5_Queue_simple_noCMSIS.dir/Drivers/STM32F7xx_HAL_Driver/Src/stm32f7xx_hal_tim.c.obj
 .debug_frame   0x00002908      0x638 CMakeFiles/FreeRTOS_5_Queue_simple_noCMSIS.dir/Drivers/STM32F7xx_HAL_Driver/Src/stm32f7xx_hal_tim_ex.c.obj
 .debug_frame   0x00002f40      0x998 CMakeFiles/FreeRTOS_5_Queue_simple_noCMSIS.dir/Drivers/STM32F7xx_HAL_Driver/Src/stm32f7xx_hal_uart.c.obj
 .debug_frame   0x000038d8       0x58 CMakeFiles/FreeRTOS_5_Queue_simple_noCMSIS.dir/Core/Src/system_stm32f7xx.c.obj
 .debug_frame   0x00003930       0xd8 CMakeFiles/FreeRTOS_5_Queue_simple_noCMSIS.dir/Middlewares/Third_Party/FreeRTOS/Source/list.c.obj
 .debug_frame   0x00003a08      0x470 CMakeFiles/FreeRTOS_5_Queue_simple_noCMSIS.dir/Middlewares/Third_Party/FreeRTOS/Source/queue.c.obj
 .debug_frame   0x00003e78      0x758 CMakeFiles/FreeRTOS_5_Queue_simple_noCMSIS.dir/Middlewares/Third_Party/FreeRTOS/Source/tasks.c.obj
 .debug_frame   0x000045d0      0x108 CMakeFiles/FreeRTOS_5_Queue_simple_noCMSIS.dir/Middlewares/Third_Party/FreeRTOS/Source/portable/MemMang/heap_4.c.obj
 .debug_frame   0x000046d8      0x1a8 CMakeFiles/FreeRTOS_5_Queue_simple_noCMSIS.dir/Middlewares/Third_Party/FreeRTOS/Source/portable/GCC/ARM_CM7/r0p1/port.c.obj
 .debug_frame   0x00004880       0x34 CMakeFiles/FreeRTOS_5_Queue_simple_noCMSIS.dir/Core/Src/sysmem.c.obj
 .debug_frame   0x000048b4       0x2c /home/arvliv/st/stm32cubeclt_1.16.0/GNU-tools-for-STM32/bin/../lib/gcc/arm-none-eabi/12.3.1/thumb/v7e-m+dp/hard/libgcc.a(_aeabi_uldivmod.o)
 .debug_frame   0x000048e0       0x34 /home/arvliv/st/stm32cubeclt_1.16.0/GNU-tools-for-STM32/bin/../lib/gcc/arm-none-eabi/12.3.1/thumb/v7e-m+dp/hard/libgcc.a(_udivmoddi4.o)
 .debug_frame   0x00004914       0x6c /home/arvliv/st/stm32cubeclt_1.16.0/GNU-tools-for-STM32/bin/../lib/gcc/arm-none-eabi/12.3.1/../../../../arm-none-eabi/lib/thumb/v7e-m+dp/hard/libg_nano.a(libc_a-sprintf.o)
 .debug_frame   0x00004980       0x20 /home/arvliv/st/stm32cubeclt_1.16.0/GNU-tools-for-STM32/bin/../lib/gcc/arm-none-eabi/12.3.1/../../../../arm-none-eabi/lib/thumb/v7e-m+dp/hard/libg_nano.a(libc_a-errno.o)
 .debug_frame   0x000049a0       0x28 /home/arvliv/st/stm32cubeclt_1.16.0/GNU-tools-for-STM32/bin/../lib/gcc/arm-none-eabi/12.3.1/../../../../arm-none-eabi/lib/thumb/v7e-m+dp/hard/libg_nano.a(libc_a-memcpy-stub.o)
 .debug_frame   0x000049c8       0x90 /home/arvliv/st/stm32cubeclt_1.16.0/GNU-tools-for-STM32/bin/../lib/gcc/arm-none-eabi/12.3.1/../../../../arm-none-eabi/lib/thumb/v7e-m+dp/hard/libg_nano.a(libc_a-nano-svfprintf.o)
 .debug_frame   0x00004a58       0x60 /home/arvliv/st/stm32cubeclt_1.16.0/GNU-tools-for-STM32/bin/../lib/gcc/arm-none-eabi/12.3.1/../../../../arm-none-eabi/lib/thumb/v7e-m+dp/hard/libg_nano.a(libc_a-nano-vfprintf_i.o)
 .debug_frame   0x00004ab8       0x28 /home/arvliv/st/stm32cubeclt_1.16.0/GNU-tools-for-STM32/bin/../lib/gcc/arm-none-eabi/12.3.1/../../../../arm-none-eabi/lib/thumb/v7e-m+dp/hard/libg_nano.a(libc_a-memmove.o)
 .debug_frame   0x00004ae0       0x3c /home/arvliv/st/stm32cubeclt_1.16.0/GNU-tools-for-STM32/bin/../lib/gcc/arm-none-eabi/12.3.1/../../../../arm-none-eabi/lib/thumb/v7e-m+dp/hard/libg_nano.a(libc_a-reallocr.o)
 .debug_frame   0x00004b1c       0x20 /home/arvliv/st/stm32cubeclt_1.16.0/GNU-tools-for-STM32/bin/../lib/gcc/arm-none-eabi/12.3.1/../../../../arm-none-eabi/lib/thumb/v7e-m+dp/hard/libg_nano.a(libc_a-msizer.o)

.debug_info     0x00000000    0x164fb
 .debug_info    0x00000000     0x1456 CMakeFiles/FreeRTOS_5_Queue_simple_noCMSIS.dir/Core/Src/main.c.obj
 .debug_info    0x00001456      0x930 CMakeFiles/FreeRTOS_5_Queue_simple_noCMSIS.dir/Core/Src/freertos.c.obj
 .debug_info    0x00001d86      0x9a3 CMakeFiles/FreeRTOS_5_Queue_simple_noCMSIS.dir/Core/Src/stm32f7xx_it.c.obj
 .debug_info    0x00002729      0xf4e CMakeFiles/FreeRTOS_5_Queue_simple_noCMSIS.dir/Core/Src/stm32f7xx_hal_msp.c.obj
 .debug_info    0x00003677      0xc6b CMakeFiles/FreeRTOS_5_Queue_simple_noCMSIS.dir/Core/Src/stm32f7xx_hal_timebase_tim.c.obj
 .debug_info    0x000042e2      0xf8b CMakeFiles/FreeRTOS_5_Queue_simple_noCMSIS.dir/Drivers/STM32F7xx_HAL_Driver/Src/stm32f7xx_hal_cortex.c.obj
 .debug_info    0x0000526d      0x937 CMakeFiles/FreeRTOS_5_Queue_simple_noCMSIS.dir/Drivers/STM32F7xx_HAL_Driver/Src/stm32f7xx_hal_rcc.c.obj
 .debug_info    0x00005ba4      0x6e1 CMakeFiles/FreeRTOS_5_Queue_simple_noCMSIS.dir/Drivers/STM32F7xx_HAL_Driver/Src/stm32f7xx_hal_rcc_ex.c.obj
 .debug_info    0x00006285      0x6e4 CMakeFiles/FreeRTOS_5_Queue_simple_noCMSIS.dir/Drivers/STM32F7xx_HAL_Driver/Src/stm32f7xx_hal_gpio.c.obj
 .debug_info    0x00006969      0x8e7 CMakeFiles/FreeRTOS_5_Queue_simple_noCMSIS.dir/Drivers/STM32F7xx_HAL_Driver/Src/stm32f7xx_hal_dma.c.obj
 .debug_info    0x00007250      0x8cd CMakeFiles/FreeRTOS_5_Queue_simple_noCMSIS.dir/Drivers/STM32F7xx_HAL_Driver/Src/stm32f7xx_hal_pwr_ex.c.obj
 .debug_info    0x00007b1d      0xa4c CMakeFiles/FreeRTOS_5_Queue_simple_noCMSIS.dir/Drivers/STM32F7xx_HAL_Driver/Src/stm32f7xx_hal.c.obj
 .debug_info    0x00008569     0x256a CMakeFiles/FreeRTOS_5_Queue_simple_noCMSIS.dir/Drivers/STM32F7xx_HAL_Driver/Src/stm32f7xx_hal_tim.c.obj
 .debug_info    0x0000aad3     0x1345 CMakeFiles/FreeRTOS_5_Queue_simple_noCMSIS.dir/Drivers/STM32F7xx_HAL_Driver/Src/stm32f7xx_hal_tim_ex.c.obj
 .debug_info    0x0000be18     0x16a3 CMakeFiles/FreeRTOS_5_Queue_simple_noCMSIS.dir/Drivers/STM32F7xx_HAL_Driver/Src/stm32f7xx_hal_uart.c.obj
 .debug_info    0x0000d4bb      0x6ed CMakeFiles/FreeRTOS_5_Queue_simple_noCMSIS.dir/Core/Src/system_stm32f7xx.c.obj
 .debug_info    0x0000dba8      0x2af CMakeFiles/FreeRTOS_5_Queue_simple_noCMSIS.dir/Middlewares/Third_Party/FreeRTOS/Source/list.c.obj
 .debug_info    0x0000de57     0x17bc CMakeFiles/FreeRTOS_5_Queue_simple_noCMSIS.dir/Middlewares/Third_Party/FreeRTOS/Source/queue.c.obj
 .debug_info    0x0000f613     0x23e2 CMakeFiles/FreeRTOS_5_Queue_simple_noCMSIS.dir/Middlewares/Third_Party/FreeRTOS/Source/tasks.c.obj
 .debug_info    0x000119f5      0x3c3 CMakeFiles/FreeRTOS_5_Queue_simple_noCMSIS.dir/Middlewares/Third_Party/FreeRTOS/Source/portable/MemMang/heap_4.c.obj
 .debug_info    0x00011db8      0x4a7 CMakeFiles/FreeRTOS_5_Queue_simple_noCMSIS.dir/Middlewares/Third_Party/FreeRTOS/Source/portable/GCC/ARM_CM7/r0p1/port.c.obj
 .debug_info    0x0001225f      0x168 CMakeFiles/FreeRTOS_5_Queue_simple_noCMSIS.dir/Core/Src/sysmem.c.obj
 .debug_info    0x000123c7       0x30 CMakeFiles/FreeRTOS_5_Queue_simple_noCMSIS.dir/startup_stm32f767xx.s.obj
 .debug_info    0x000123f7      0x87f /home/arvliv/st/stm32cubeclt_1.16.0/GNU-tools-for-STM32/bin/../lib/gcc/arm-none-eabi/12.3.1/../../../../arm-none-eabi/lib/thumb/v7e-m+dp/hard/libg_nano.a(libc_a-sprintf.o)
 .debug_info    0x00012c76      0x6fb /home/arvliv/st/stm32cubeclt_1.16.0/GNU-tools-for-STM32/bin/../lib/gcc/arm-none-eabi/12.3.1/../../../../arm-none-eabi/lib/thumb/v7e-m+dp/hard/libg_nano.a(libc_a-errno.o)
 .debug_info    0x00013371      0x121 /home/arvliv/st/stm32cubeclt_1.16.0/GNU-tools-for-STM32/bin/../lib/gcc/arm-none-eabi/12.3.1/../../../../arm-none-eabi/lib/thumb/v7e-m+dp/hard/libg_nano.a(libc_a-memcpy-stub.o)
 .debug_info    0x00013492       0x31 /home/arvliv/st/stm32cubeclt_1.16.0/GNU-tools-for-STM32/bin/../lib/gcc/arm-none-eabi/12.3.1/../../../../arm-none-eabi/lib/thumb/v7e-m+dp/hard/libg_nano.a(libc_a-strlen.o)
 .debug_info    0x000134c3     0x10c7 /home/arvliv/st/stm32cubeclt_1.16.0/GNU-tools-for-STM32/bin/../lib/gcc/arm-none-eabi/12.3.1/../../../../arm-none-eabi/lib/thumb/v7e-m+dp/hard/libg_nano.a(libc_a-nano-svfprintf.o)
 .debug_info    0x0001458a      0xde2 /home/arvliv/st/stm32cubeclt_1.16.0/GNU-tools-for-STM32/bin/../lib/gcc/arm-none-eabi/12.3.1/../../../../arm-none-eabi/lib/thumb/v7e-m+dp/hard/libg_nano.a(libc_a-nano-vfprintf_i.o)
 .debug_info    0x0001536c      0x10f /home/arvliv/st/stm32cubeclt_1.16.0/GNU-tools-for-STM32/bin/../lib/gcc/arm-none-eabi/12.3.1/../../../../arm-none-eabi/lib/thumb/v7e-m+dp/hard/libg_nano.a(libc_a-memmove.o)
 .debug_info    0x0001547b       0x25 /home/arvliv/st/stm32cubeclt_1.16.0/GNU-tools-for-STM32/bin/../lib/gcc/arm-none-eabi/12.3.1/../../../../arm-none-eabi/lib/thumb/v7e-m+dp/hard/libg_nano.a(libc_a-memchr.o)
 .debug_info    0x000154a0      0x8c7 /home/arvliv/st/stm32cubeclt_1.16.0/GNU-tools-for-STM32/bin/../lib/gcc/arm-none-eabi/12.3.1/../../../../arm-none-eabi/lib/thumb/v7e-m+dp/hard/libg_nano.a(libc_a-reallocr.o)
 .debug_info    0x00015d67      0x794 /home/arvliv/st/stm32cubeclt_1.16.0/GNU-tools-for-STM32/bin/../lib/gcc/arm-none-eabi/12.3.1/../../../../arm-none-eabi/lib/thumb/v7e-m+dp/hard/libg_nano.a(libc_a-msizer.o)

.debug_abbrev   0x00000000     0x3f1c
 .debug_abbrev  0x00000000      0x314 CMakeFiles/FreeRTOS_5_Queue_simple_noCMSIS.dir/Core/Src/main.c.obj
 .debug_abbrev  0x00000314      0x1ae CMakeFiles/FreeRTOS_5_Queue_simple_noCMSIS.dir/Core/Src/freertos.c.obj
 .debug_abbrev  0x000004c2      0x182 CMakeFiles/FreeRTOS_5_Queue_simple_noCMSIS.dir/Core/Src/stm32f7xx_it.c.obj
 .debug_abbrev  0x00000644      0x1ef CMakeFiles/FreeRTOS_5_Queue_simple_noCMSIS.dir/Core/Src/stm32f7xx_hal_msp.c.obj
 .debug_abbrev  0x00000833      0x1f4 CMakeFiles/FreeRTOS_5_Queue_simple_noCMSIS.dir/Core/Src/stm32f7xx_hal_timebase_tim.c.obj
 .debug_abbrev  0x00000a27      0x329 CMakeFiles/FreeRTOS_5_Queue_simple_noCMSIS.dir/Drivers/STM32F7xx_HAL_Driver/Src/stm32f7xx_hal_cortex.c.obj
 .debug_abbrev  0x00000d50      0x2de CMakeFiles/FreeRTOS_5_Queue_simple_noCMSIS.dir/Drivers/STM32F7xx_HAL_Driver/Src/stm32f7xx_hal_rcc.c.obj
 .debug_abbrev  0x0000102e      0x1c9 CMakeFiles/FreeRTOS_5_Queue_simple_noCMSIS.dir/Drivers/STM32F7xx_HAL_Driver/Src/stm32f7xx_hal_rcc_ex.c.obj
 .debug_abbrev  0x000011f7      0x1d4 CMakeFiles/FreeRTOS_5_Queue_simple_noCMSIS.dir/Drivers/STM32F7xx_HAL_Driver/Src/stm32f7xx_hal_gpio.c.obj
 .debug_abbrev  0x000013cb      0x264 CMakeFiles/FreeRTOS_5_Queue_simple_noCMSIS.dir/Drivers/STM32F7xx_HAL_Driver/Src/stm32f7xx_hal_dma.c.obj
 .debug_abbrev  0x0000162f      0x1d5 CMakeFiles/FreeRTOS_5_Queue_simple_noCMSIS.dir/Drivers/STM32F7xx_HAL_Driver/Src/stm32f7xx_hal_pwr_ex.c.obj
 .debug_abbrev  0x00001804      0x213 CMakeFiles/FreeRTOS_5_Queue_simple_noCMSIS.dir/Drivers/STM32F7xx_HAL_Driver/Src/stm32f7xx_hal.c.obj
 .debug_abbrev  0x00001a17      0x271 CMakeFiles/FreeRTOS_5_Queue_simple_noCMSIS.dir/Drivers/STM32F7xx_HAL_Driver/Src/stm32f7xx_hal_tim.c.obj
 .debug_abbrev  0x00001c88      0x261 CMakeFiles/FreeRTOS_5_Queue_simple_noCMSIS.dir/Drivers/STM32F7xx_HAL_Driver/Src/stm32f7xx_hal_tim_ex.c.obj
 .debug_abbrev  0x00001ee9      0x25e CMakeFiles/FreeRTOS_5_Queue_simple_noCMSIS.dir/Drivers/STM32F7xx_HAL_Driver/Src/stm32f7xx_hal_uart.c.obj
 .debug_abbrev  0x00002147      0x13b CMakeFiles/FreeRTOS_5_Queue_simple_noCMSIS.dir/Core/Src/system_stm32f7xx.c.obj
 .debug_abbrev  0x00002282       0xf5 CMakeFiles/FreeRTOS_5_Queue_simple_noCMSIS.dir/Middlewares/Third_Party/FreeRTOS/Source/list.c.obj
 .debug_abbrev  0x00002377      0x3b5 CMakeFiles/FreeRTOS_5_Queue_simple_noCMSIS.dir/Middlewares/Third_Party/FreeRTOS/Source/queue.c.obj
 .debug_abbrev  0x0000272c      0x420 CMakeFiles/FreeRTOS_5_Queue_simple_noCMSIS.dir/Middlewares/Third_Party/FreeRTOS/Source/tasks.c.obj
 .debug_abbrev  0x00002b4c      0x205 CMakeFiles/FreeRTOS_5_Queue_simple_noCMSIS.dir/Middlewares/Third_Party/FreeRTOS/Source/portable/MemMang/heap_4.c.obj
 .debug_abbrev  0x00002d51      0x26f CMakeFiles/FreeRTOS_5_Queue_simple_noCMSIS.dir/Middlewares/Third_Party/FreeRTOS/Source/portable/GCC/ARM_CM7/r0p1/port.c.obj
 .debug_abbrev  0x00002fc0       0xbc CMakeFiles/FreeRTOS_5_Queue_simple_noCMSIS.dir/Core/Src/sysmem.c.obj
 .debug_abbrev  0x0000307c       0x24 CMakeFiles/FreeRTOS_5_Queue_simple_noCMSIS.dir/startup_stm32f767xx.s.obj
 .debug_abbrev  0x000030a0      0x21c /home/arvliv/st/stm32cubeclt_1.16.0/GNU-tools-for-STM32/bin/../lib/gcc/arm-none-eabi/12.3.1/../../../../arm-none-eabi/lib/thumb/v7e-m+dp/hard/libg_nano.a(libc_a-sprintf.o)
 .debug_abbrev  0x000032bc      0x15e /home/arvliv/st/stm32cubeclt_1.16.0/GNU-tools-for-STM32/bin/../lib/gcc/arm-none-eabi/12.3.1/../../../../arm-none-eabi/lib/thumb/v7e-m+dp/hard/libg_nano.a(libc_a-errno.o)
 .debug_abbrev  0x0000341a       0xc1 /home/arvliv/st/stm32cubeclt_1.16.0/GNU-tools-for-STM32/bin/../lib/gcc/arm-none-eabi/12.3.1/../../../../arm-none-eabi/lib/thumb/v7e-m+dp/hard/libg_nano.a(libc_a-memcpy-stub.o)
 .debug_abbrev  0x000034db       0x28 /home/arvliv/st/stm32cubeclt_1.16.0/GNU-tools-for-STM32/bin/../lib/gcc/arm-none-eabi/12.3.1/../../../../arm-none-eabi/lib/thumb/v7e-m+dp/hard/libg_nano.a(libc_a-strlen.o)
 .debug_abbrev  0x00003503      0x31e /home/arvliv/st/stm32cubeclt_1.16.0/GNU-tools-for-STM32/bin/../lib/gcc/arm-none-eabi/12.3.1/../../../../arm-none-eabi/lib/thumb/v7e-m+dp/hard/libg_nano.a(libc_a-nano-svfprintf.o)
 .debug_abbrev  0x00003821      0x28e /home/arvliv/st/stm32cubeclt_1.16.0/GNU-tools-for-STM32/bin/../lib/gcc/arm-none-eabi/12.3.1/../../../../arm-none-eabi/lib/thumb/v7e-m+dp/hard/libg_nano.a(libc_a-nano-vfprintf_i.o)
 .debug_abbrev  0x00003aaf       0xac /home/arvliv/st/stm32cubeclt_1.16.0/GNU-tools-for-STM32/bin/../lib/gcc/arm-none-eabi/12.3.1/../../../../arm-none-eabi/lib/thumb/v7e-m+dp/hard/libg_nano.a(libc_a-memmove.o)
 .debug_abbrev  0x00003b5b       0x14 /home/arvliv/st/stm32cubeclt_1.16.0/GNU-tools-for-STM32/bin/../lib/gcc/arm-none-eabi/12.3.1/../../../../arm-none-eabi/lib/thumb/v7e-m+dp/hard/libg_nano.a(libc_a-memchr.o)
 .debug_abbrev  0x00003b6f      0x217 /home/arvliv/st/stm32cubeclt_1.16.0/GNU-tools-for-STM32/bin/../lib/gcc/arm-none-eabi/12.3.1/../../../../arm-none-eabi/lib/thumb/v7e-m+dp/hard/libg_nano.a(libc_a-reallocr.o)
 .debug_abbrev  0x00003d86      0x196 /home/arvliv/st/stm32cubeclt_1.16.0/GNU-tools-for-STM32/bin/../lib/gcc/arm-none-eabi/12.3.1/../../../../arm-none-eabi/lib/thumb/v7e-m+dp/hard/libg_nano.a(libc_a-msizer.o)

.debug_aranges  0x00000000     0x1278
 .debug_aranges
                0x00000000       0x68 CMakeFiles/FreeRTOS_5_Queue_simple_noCMSIS.dir/Core/Src/main.c.obj
 .debug_aranges
                0x00000068       0x20 CMakeFiles/FreeRTOS_5_Queue_simple_noCMSIS.dir/Core/Src/freertos.c.obj
 .debug_aranges
                0x00000088       0x58 CMakeFiles/FreeRTOS_5_Queue_simple_noCMSIS.dir/Core/Src/stm32f7xx_it.c.obj
 .debug_aranges
                0x000000e0       0x30 CMakeFiles/FreeRTOS_5_Queue_simple_noCMSIS.dir/Core/Src/stm32f7xx_hal_msp.c.obj
 .debug_aranges
                0x00000110       0x30 CMakeFiles/FreeRTOS_5_Queue_simple_noCMSIS.dir/Core/Src/stm32f7xx_hal_timebase_tim.c.obj
 .debug_aranges
                0x00000140      0x118 CMakeFiles/FreeRTOS_5_Queue_simple_noCMSIS.dir/Drivers/STM32F7xx_HAL_Driver/Src/stm32f7xx_hal_cortex.c.obj
 .debug_aranges
                0x00000258       0x88 CMakeFiles/FreeRTOS_5_Queue_simple_noCMSIS.dir/Drivers/STM32F7xx_HAL_Driver/Src/stm32f7xx_hal_rcc.c.obj
 .debug_aranges
                0x000002e0       0x50 CMakeFiles/FreeRTOS_5_Queue_simple_noCMSIS.dir/Drivers/STM32F7xx_HAL_Driver/Src/stm32f7xx_hal_rcc_ex.c.obj
 .debug_aranges
                0x00000330       0x58 CMakeFiles/FreeRTOS_5_Queue_simple_noCMSIS.dir/Drivers/STM32F7xx_HAL_Driver/Src/stm32f7xx_hal_gpio.c.obj
 .debug_aranges
                0x00000388       0x90 CMakeFiles/FreeRTOS_5_Queue_simple_noCMSIS.dir/Drivers/STM32F7xx_HAL_Driver/Src/stm32f7xx_hal_dma.c.obj
 .debug_aranges
                0x00000418       0x80 CMakeFiles/FreeRTOS_5_Queue_simple_noCMSIS.dir/Drivers/STM32F7xx_HAL_Driver/Src/stm32f7xx_hal_pwr_ex.c.obj
 .debug_aranges
                0x00000498      0x110 CMakeFiles/FreeRTOS_5_Queue_simple_noCMSIS.dir/Drivers/STM32F7xx_HAL_Driver/Src/stm32f7xx_hal.c.obj
 .debug_aranges
                0x000005a8      0x3b8 CMakeFiles/FreeRTOS_5_Queue_simple_noCMSIS.dir/Drivers/STM32F7xx_HAL_Driver/Src/stm32f7xx_hal_tim.c.obj
 .debug_aranges
                0x00000960      0x168 CMakeFiles/FreeRTOS_5_Queue_simple_noCMSIS.dir/Drivers/STM32F7xx_HAL_Driver/Src/stm32f7xx_hal_tim_ex.c.obj
 .debug_aranges
                0x00000ac8      0x218 CMakeFiles/FreeRTOS_5_Queue_simple_noCMSIS.dir/Drivers/STM32F7xx_HAL_Driver/Src/stm32f7xx_hal_uart.c.obj
 .debug_aranges