Archive member included to satisfy reference by file (symbol)

/home/arvliv/st/stm32cubeclt_1.16.0/GNU-tools-for-STM32/bin/../lib/gcc/arm-none-eabi/12.3.1/../../../../arm-none-eabi/lib/thumb/v7e-m+dp/hard/libc_nano.a(libc_a-exit.o)
                              /home/arvliv/st/stm32cubeclt_1.16.0/GNU-tools-for-STM32/bin/../lib/gcc/arm-none-eabi/12.3.1/../../../../arm-none-eabi/lib/thumb/v7e-m+dp/hard/crt0.o (exit)
/home/arvliv/st/stm32cubeclt_1.16.0/GNU-tools-for-STM32/bin/../lib/gcc/arm-none-eabi/12.3.1/../../../../arm-none-eabi/lib/thumb/v7e-m+dp/hard/libc_nano.a(libc_a-findfp.o)
                              /home/arvliv/st/stm32cubeclt_1.16.0/GNU-tools-for-STM32/bin/../lib/gcc/arm-none-eabi/12.3.1/../../../../arm-none-eabi/lib/thumb/v7e-m+dp/hard/libc_nano.a(libc_a-exit.o) (__stdio_exit_handler)
/home/arvliv/st/stm32cubeclt_1.16.0/GNU-tools-for-STM32/bin/../lib/gcc/arm-none-eabi/12.3.1/../../../../arm-none-eabi/lib/thumb/v7e-m+dp/hard/libc_nano.a(libc_a-fwalk.o)
                              /home/arvliv/st/stm32cubeclt_1.16.0/GNU-tools-for-STM32/bin/../lib/gcc/arm-none-eabi/12.3.1/../../../../arm-none-eabi/lib/thumb/v7e-m+dp/hard/libc_nano.a(libc_a-findfp.o) (_fwalk_sglue)
/home/arvliv/st/stm32cubeclt_1.16.0/GNU-tools-for-STM32/bin/../lib/gcc/arm-none-eabi/12.3.1/../../../../arm-none-eabi/lib/thumb/v7e-m+dp/hard/libc_nano.a(libc_a-stdio.o)
                              /home/arvliv/st/stm32cubeclt_1.16.0/GNU-tools-for-STM32/bin/../lib/gcc/arm-none-eabi/12.3.1/../../../../arm-none-eabi/lib/thumb/v7e-m+dp/hard/libc_nano.a(libc_a-findfp.o) (__sread)
/home/arvliv/st/stm32cubeclt_1.16.0/GNU-tools-for-STM32/bin/../lib/gcc/arm-none-eabi/12.3.1/../../../../arm-none-eabi/lib/thumb/v7e-m+dp/hard/libc_nano.a(libc_a-memset.o)
                              /home/arvliv/st/stm32cubeclt_1.16.0/GNU-tools-for-STM32/bin/../lib/gcc/arm-none-eabi/12.3.1/../../../../arm-none-eabi/lib/thumb/v7e-m+dp/hard/crt0.o (memset)
/home/arvliv/st/stm32cubeclt_1.16.0/GNU-tools-for-STM32/bin/../lib/gcc/arm-none-eabi/12.3.1/../../../../arm-none-eabi/lib/thumb/v7e-m+dp/hard/libc_nano.a(libc_a-closer.o)
                              /home/arvliv/st/stm32cubeclt_1.16.0/GNU-tools-for-STM32/bin/../lib/gcc/arm-none-eabi/12.3.1/../../../../arm-none-eabi/lib/thumb/v7e-m+dp/hard/libc_nano.a(libc_a-stdio.o) (_close_r)
/home/arvliv/st/stm32cubeclt_1.16.0/GNU-tools-for-STM32/bin/../lib/gcc/arm-none-eabi/12.3.1/../../../../arm-none-eabi/lib/thumb/v7e-m+dp/hard/libc_nano.a(libc_a-reent.o)
                              /home/arvliv/st/stm32cubeclt_1.16.0/GNU-tools-for-STM32/bin/../lib/gcc/arm-none-eabi/12.3.1/../../../../arm-none-eabi/lib/thumb/v7e-m+dp/hard/libc_nano.a(libc_a-closer.o) (errno)
/home/arvliv/st/stm32cubeclt_1.16.0/GNU-tools-for-STM32/bin/../lib/gcc/arm-none-eabi/12.3.1/../../../../arm-none-eabi/lib/thumb/v7e-m+dp/hard/libc_nano.a(libc_a-impure.o)
                              /home/arvliv/st/stm32cubeclt_1.16.0/GNU-tools-for-STM32/bin/../lib/gcc/arm-none-eabi/12.3.1/../../../../arm-none-eabi/lib/thumb/v7e-m+dp/hard/libc_nano.a(libc_a-reent.o) (_impure_ptr)
/home/arvliv/st/stm32cubeclt_1.16.0/GNU-tools-for-STM32/bin/../lib/gcc/arm-none-eabi/12.3.1/../../../../arm-none-eabi/lib/thumb/v7e-m+dp/hard/libc_nano.a(libc_a-lseekr.o)
                              /home/arvliv/st/stm32cubeclt_1.16.0/GNU-tools-for-STM32/bin/../lib/gcc/arm-none-eabi/12.3.1/../../../../arm-none-eabi/lib/thumb/v7e-m+dp/hard/libc_nano.a(libc_a-stdio.o) (_lseek_r)
/home/arvliv/st/stm32cubeclt_1.16.0/GNU-tools-for-STM32/bin/../lib/gcc/arm-none-eabi/12.3.1/../../../../arm-none-eabi/lib/thumb/v7e-m+dp/hard/libc_nano.a(libc_a-readr.o)
                              /home/arvliv/st/stm32cubeclt_1.16.0/GNU-tools-for-STM32/bin/../lib/gcc/arm-none-eabi/12.3.1/../../../../arm-none-eabi/lib/thumb/v7e-m+dp/hard/libc_nano.a(libc_a-stdio.o) (_read_r)
/home/arvliv/st/stm32cubeclt_1.16.0/GNU-tools-for-STM32/bin/../lib/gcc/arm-none-eabi/12.3.1/../../../../arm-none-eabi/lib/thumb/v7e-m+dp/hard/libc_nano.a(libc_a-writer.o)
                              /home/arvliv/st/stm32cubeclt_1.16.0/GNU-tools-for-STM32/bin/../lib/gcc/arm-none-eabi/12.3.1/../../../../arm-none-eabi/lib/thumb/v7e-m+dp/hard/libc_nano.a(libc_a-stdio.o) (_write_r)
/home/arvliv/st/stm32cubeclt_1.16.0/GNU-tools-for-STM32/bin/../lib/gcc/arm-none-eabi/12.3.1/../../../../arm-none-eabi/lib/thumb/v7e-m+dp/hard/libc_nano.a(libc_a-init.o)
                              /home/arvliv/st/stm32cubeclt_1.16.0/GNU-tools-for-STM32/bin/../lib/gcc/arm-none-eabi/12.3.1/../../../../arm-none-eabi/lib/thumb/v7e-m+dp/hard/crt0.o (__libc_init_array)
/home/arvliv/st/stm32cubeclt_1.16.0/GNU-tools-for-STM32/bin/../lib/gcc/arm-none-eabi/12.3.1/../../../../arm-none-eabi/lib/thumb/v7e-m+dp/hard/libc_nano.a(libc_a-lock.o)
                              /home/arvliv/st/stm32cubeclt_1.16.0/GNU-tools-for-STM32/bin/../lib/gcc/arm-none-eabi/12.3.1/../../../../arm-none-eabi/lib/thumb/v7e-m+dp/hard/libc_nano.a(libc_a-findfp.o) (__retarget_lock_init_recursive)
[...]
Memory Configuration

Name             Origin             Length             Attributes
RAM              0x20000000         0x00080000         xrw
FLASH            0x08000000         0x00200000         xr
*default*        0x00000000         0xffffffff

Linker script and memory map

LOAD /home/arvliv/st/stm32cubeclt_1.16.0/GNU-tools-for-STM32/bin/../lib/gcc/arm-none-eabi/12.3.1/thumb/v7e-m+dp/hard/crti.o
LOAD /home/arvliv/st/stm32cubeclt_1.16.0/GNU-tools-for-STM32/bin/../lib/gcc/arm-none-eabi/12.3.1/thumb/v7e-m+dp/hard/crtbegin.o
LOAD /home/arvliv/st/stm32cubeclt_1.16.0/GNU-tools-for-STM32/bin/../lib/gcc/arm-none-eabi/12.3.1/../../../../arm-none-eabi/lib/thumb/v7e-m+dp/hard/crt0.o
START GROUP
LOAD /home/arvliv/st/stm32cubeclt_1.16.0/GNU-tools-for-STM32/bin/../lib/gcc/arm-none-eabi/12.3.1/../../../../arm-none-eabi/lib/thumb/v7e-m+dp/hard/libc_nano.a
LOAD /home/arvliv/st/stm32cubeclt_1.16.0/GNU-tools-for-STM32/bin/../lib/gcc/arm-none-eabi/12.3.1/../../../../arm-none-eabi/lib/thumb/v7e-m+dp/hard/libm.a
END GROUP
LOAD CMakeFiles/Memory_ManagementNPointer.dir/Core/Src/main.c.obj
LOAD CMakeFiles/Memory_ManagementNPointer.dir/Core/Src/stm32f7xx_it.c.obj
LOAD CMakeFiles/Memory_ManagementNPointer.dir/Core/Src/stm32f7xx_hal_msp.c.obj
LOAD CMakeFiles/Memory_ManagementNPointer.dir/Drivers/STM32F7xx_HAL_Driver/Src/stm32f7xx_hal_cortex.c.obj
LOAD CMakeFiles/Memory_ManagementNPointer.dir/Drivers/STM32F7xx_HAL_Driver/Src/stm32f7xx_hal_tim.c.obj
LOAD CMakeFiles/Memory_ManagementNPointer.dir/Drivers/STM32F7xx_HAL_Driver/Src/stm32f7xx_hal_tim_ex.c.obj
LOAD CMakeFiles/Memory_ManagementNPointer.dir/Drivers/STM32F7xx_HAL_Driver/Src/stm32f7xx_hal_rcc.c.obj
LOAD CMakeFiles/Memory_ManagementNPointer.dir/Drivers/STM32F7xx_HAL_Driver/Src/stm32f7xx_hal_rcc_ex.c.obj
LOAD CMakeFiles/Memory_ManagementNPointer.dir/Drivers/STM32F7xx_HAL_Driver/Src/stm32f7xx_hal_flash.c.obj
LOAD CMakeFiles/Memory_ManagementNPointer.dir/Drivers/STM32F7xx_HAL_Driver/Src/stm32f7xx_hal_flash_ex.c.obj
LOAD CMakeFiles/Memory_ManagementNPointer.dir/Drivers/STM32F7xx_HAL_Driver/Src/stm32f7xx_hal_gpio.c.obj
LOAD CMakeFiles/Memory_ManagementNPointer.dir/Drivers/STM32F7xx_HAL_Driver/Src/stm32f7xx_hal_dma.c.obj
LOAD CMakeFiles/Memory_ManagementNPointer.dir/Drivers/STM32F7xx_HAL_Driver/Src/stm32f7xx_hal_dma_ex.c.obj
LOAD CMakeFiles/Memory_ManagementNPointer.dir/Drivers/STM32F7xx_HAL_Driver/Src/stm32f7xx_hal_pwr.c.obj
LOAD CMakeFiles/Memory_ManagementNPointer.dir/Drivers/STM32F7xx_HAL_Driver/Src/stm32f7xx_hal_pwr_ex.c.obj
LOAD CMakeFiles/Memory_ManagementNPointer.dir/Drivers/STM32F7xx_HAL_Driver/Src/stm32f7xx_hal.c.obj
LOAD CMakeFiles/Memory_ManagementNPointer.dir/Drivers/STM32F7xx_HAL_Driver/Src/stm32f7xx_hal_i2c.c.obj
LOAD CMakeFiles/Memory_ManagementNPointer.dir/Drivers/STM32F7xx_HAL_Driver/Src/stm32f7xx_hal_i2c_ex.c.obj
LOAD CMakeFiles/Memory_ManagementNPointer.dir/Drivers/STM32F7xx_HAL_Driver/Src/stm32f7xx_hal_exti.c.obj
LOAD CMakeFiles/Memory_ManagementNPointer.dir/Core/Src/system_stm32f7xx.c.obj
LOAD CMakeFiles/Memory_ManagementNPointer.dir/Core/Src/sysmem.c.obj
LOAD CMakeFiles/Memory_ManagementNPointer.dir/Core/Src/syscalls.c.obj
LOAD CMakeFiles/Memory_ManagementNPointer.dir/startup_stm32f767xx.s.obj
START GROUP
LOAD /home/arvliv/st/stm32cubeclt_1.16.0/GNU-tools-for-STM32/bin/../lib/gcc/arm-none-eabi/12.3.1/thumb/v7e-m+dp/hard/libgcc.a
LOAD /home/arvliv/st/stm32cubeclt_1.16.0/GNU-tools-for-STM32/bin/../lib/gcc/arm-none-eabi/12.3.1/../../../../arm-none-eabi/lib/thumb/v7e-m+dp/hard/libg_nano.a
LOAD /home/arvliv/st/stm32cubeclt_1.16.0/GNU-tools-for-STM32/bin/../lib/gcc/arm-none-eabi/12.3.1/../../../../arm-none-eabi/lib/thumb/v7e-m+dp/hard/libc_nano.a
END GROUP
START GROUP
LOAD /home/arvliv/st/stm32cubeclt_1.16.0/GNU-tools-for-STM32/bin/../lib/gcc/arm-none-eabi/12.3.1/thumb/v7e-m+dp/hard/libgcc.a
LOAD /home/arvliv/st/stm32cubeclt_1.16.0/GNU-tools-for-STM32/bin/../lib/gcc/arm-none-eabi/12.3.1/../../../../arm-none-eabi/lib/thumb/v7e-m+dp/hard/libc_nano.a
END GROUP
LOAD /home/arvliv/st/stm32cubeclt_1.16.0/GNU-tools-for-STM32/bin/../lib/gcc/arm-none-eabi/12.3.1/thumb/v7e-m+dp/hard/crtend.o
LOAD /home/arvliv/st/stm32cubeclt_1.16.0/GNU-tools-for-STM32/bin/../lib/gcc/arm-none-eabi/12.3.1/thumb/v7e-m+dp/hard/crtn.o
                0x20080000                        _estack = (ORIGIN (RAM) + LENGTH (RAM))
                0x00000200                        _Min_Heap_Size = 0x200
                0x00000400                        _Min_Stack_Size = 0x400

.isr_vector     0x08000000      0x1f8
                0x08000000                        . = ALIGN (0x4)
 *(.isr_vector)
 .isr_vector    0x08000000      0x1f8 CMakeFiles/Memory_ManagementNPointer.dir/startup_stm32f767xx.s.obj
                0x08000000                g_pfnVectors
                0x080001f8                        . = ALIGN (0x4)

.text           0x080001f8     0x1714
                0x080001f8                        . = ALIGN (0x4)
 *(.text)
 .text          0x080001f8       0x40 /home/arvliv/st/stm32cubeclt_1.16.0/GNU-tools-for-STM32/bin/../lib/gcc/arm-none-eabi/12.3.1/thumb/v7e-m+dp/hard/crtbegin.o
 .text          0x08000238       0x30 /home/arvliv/st/stm32cubeclt_1.16.0/GNU-tools-for-STM32/bin/../lib/gcc/arm-none-eabi/12.3.1/thumb/v7e-m+dp/hard/libgcc.a(_aeabi_uldivmod.o)
                0x08000238                __aeabi_uldivmod
 .text          0x08000268      0x2bc /home/arvliv/st/stm32cubeclt_1.16.0/GNU-tools-for-STM32/bin/../lib/gcc/arm-none-eabi/12.3.1/thumb/v7e-m+dp/hard/libgcc.a(_udivmoddi4.o)
                0x08000268                __udivmoddi4
 .text          0x08000524        0x4 /home/arvliv/st/stm32cubeclt_1.16.0/GNU-tools-for-STM32/bin/../lib/gcc/arm-none-eabi/12.3.1/thumb/v7e-m+dp/hard/libgcc.a(_dvmd_tls.o)
                0x08000524                __aeabi_ldiv0
                0x08000524                __aeabi_idiv0
 *(.text*)
 .text.memset   0x08000528       0x10 /home/arvliv/st/stm32cubeclt_1.16.0/GNU-tools-for-STM32/bin/../lib/gcc/arm-none-eabi/12.3.1/../../../../arm-none-eabi/lib/thumb/v7e-m+dp/hard/libc_nano.a(libc_a-memset.o)
                0x08000528                memset
 .text.__libc_init_array
                0x08000538       0x48 /home/arvliv/st/stm32cubeclt_1.16.0/GNU-tools-for-STM32/bin/../lib/gcc/arm-none-eabi/12.3.1/../../../../arm-none-eabi/lib/thumb/v7e-m+dp/hard/libc_nano.a(libc_a-init.o)
                0x08000538                __libc_init_array
 .text.SCB_EnableICache
                0x08000580       0x4c CMakeFiles/Memory_ManagementNPointer.dir/Core/Src/main.c.obj
 .text.SCB_EnableDCache
                0x080005cc       0x88 CMakeFiles/Memory_ManagementNPointer.dir/Core/Src/main.c.obj
 .text.main     0x08000654       0x2c CMakeFiles/Memory_ManagementNPointer.dir/Core/Src/main.c.obj
                0x08000654                main
 .text.SystemClock_Config
                0x08000680       0xdc CMakeFiles/Memory_ManagementNPointer.dir/Core/Src/main.c.obj
                0x08000680                SystemClock_Config
 .text.MX_GPIO_Init
                0x0800075c       0x7c CMakeFiles/Memory_ManagementNPointer.dir/Core/Src/main.c.obj
 .text.Error_Handler
                0x080007d8        0xc CMakeFiles/Memory_ManagementNPointer.dir/Core/Src/main.c.obj
                0x080007d8                Error_Handler
 .text.NMI_Handler
                0x080007e4        0x8 CMakeFiles/Memory_ManagementNPointer.dir/Core/Src/stm32f7xx_it.c.obj
                0x080007e4                NMI_Handler
 .text.HardFault_Handler
                0x080007ec        0x8 CMakeFiles/Memory_ManagementNPointer.dir/Core/Src/stm32f7xx_it.c.obj
                0x080007ec                HardFault_Handler
 .text.MemManage_Handler
                0x080007f4        0x8 CMakeFiles/Memory_ManagementNPointer.dir/Core/Src/stm32f7xx_it.c.obj
                0x080007f4                MemManage_Handler
 .text.BusFault_Handler
                0x080007fc        0x8 CMakeFiles/Memory_ManagementNPointer.dir/Core/Src/stm32f7xx_it.c.obj
                0x080007fc                BusFault_Handler
 .text.UsageFault_Handler
                0x08000804        0x8 CMakeFiles/Memory_ManagementNPointer.dir/Core/Src/stm32f7xx_it.c.obj
                0x08000804                UsageFault_Handler
 .text.SVC_Handler
                0x0800080c        0xe CMakeFiles/Memory_ManagementNPointer.dir/Core/Src/stm32f7xx_it.c.obj
                0x0800080c                SVC_Handler
 .text.DebugMon_Handler
                0x0800081a        0xe CMakeFiles/Memory_ManagementNPointer.dir/Core/Src/stm32f7xx_it.c.obj
                0x0800081a                DebugMon_Handler
 .text.PendSV_Handler
                0x08000828        0xe CMakeFiles/Memory_ManagementNPointer.dir/Core/Src/stm32f7xx_it.c.obj
                0x08000828                PendSV_Handler
 .text.SysTick_Handler
                0x08000836        0xc CMakeFiles/Memory_ManagementNPointer.dir/Core/Src/stm32f7xx_it.c.obj
                0x08000836                SysTick_Handler
 *fill*         0x08000842        0x2 
 .text.HAL_MspInit
                0x08000844       0x48 CMakeFiles/Memory_ManagementNPointer.dir/Core/Src/stm32f7xx_hal_msp.c.obj
                0x08000844                HAL_MspInit
 .text.__NVIC_SetPriorityGrouping
                0x0800088c       0x48 CMakeFiles/Memory_ManagementNPointer.dir/Drivers/STM32F7xx_HAL_Driver/Src/stm32f7xx_hal_cortex.c.obj
 .text.__NVIC_GetPriorityGrouping
                0x080008d4       0x1c CMakeFiles/Memory_ManagementNPointer.dir/Drivers/STM32F7xx_HAL_Driver/Src/stm32f7xx_hal_cortex.c.obj
 .text.__NVIC_SetPriority
                0x080008f0       0x54 CMakeFiles/Memory_ManagementNPointer.dir/Drivers/STM32F7xx_HAL_Driver/Src/stm32f7xx_hal_cortex.c.obj
 .text.NVIC_EncodePriority
                0x08000944       0x66 CMakeFiles/Memory_ManagementNPointer.dir/Drivers/STM32F7xx_HAL_Driver/Src/stm32f7xx_hal_cortex.c.obj
 *fill*         0x080009aa        0x2 
 .text.SysTick_Config
                0x080009ac       0x44 CMakeFiles/Memory_ManagementNPointer.dir/Drivers/STM32F7xx_HAL_Driver/Src/stm32f7xx_hal_cortex.c.obj
 .text.HAL_NVIC_SetPriorityGrouping
                0x080009f0       0x16 CMakeFiles/Memory_ManagementNPointer.dir/Drivers/STM32F7xx_HAL_Driver/Src/stm32f7xx_hal_cortex.c.obj
                0x080009f0                HAL_NVIC_SetPriorityGrouping
 .text.HAL_NVIC_SetPriority
                0x08000a06       0x38 CMakeFiles/Memory_ManagementNPointer.dir/Drivers/STM32F7xx_HAL_Driver/Src/stm32f7xx_hal_cortex.c.obj
                0x08000a06                HAL_NVIC_SetPriority
 .text.HAL_SYSTICK_Config
                0x08000a3e       0x18 CMakeFiles/Memory_ManagementNPointer.dir/Drivers/STM32F7xx_HAL_Driver/Src/stm32f7xx_hal_cortex.c.obj
                0x08000a3e                HAL_SYSTICK_Config
 *fill*         0x08000a56        0x2 
 .text.HAL_RCC_OscConfig
                0x08000a58      0x55c CMakeFiles/Memory_ManagementNPointer.dir/Drivers/STM32F7xx_HAL_Driver/Src/stm32f7xx_hal_rcc.c.obj
                0x08000a58                HAL_RCC_OscConfig
 .text.HAL_RCC_ClockConfig
                0x08000fb4      0x1d8 CMakeFiles/Memory_ManagementNPointer.dir/Drivers/STM32F7xx_HAL_Driver/Src/stm32f7xx_hal_rcc.c.obj
                0x08000fb4                HAL_RCC_ClockConfig
 .text.HAL_RCC_GetSysClockFreq
                0x0800118c      0x208 CMakeFiles/Memory_ManagementNPointer.dir/Drivers/STM32F7xx_HAL_Driver/Src/stm32f7xx_hal_rcc.c.obj
                0x0800118c                HAL_RCC_GetSysClockFreq
 .text.HAL_GPIO_Init
                0x08001394      0x358 CMakeFiles/Memory_ManagementNPointer.dir/Drivers/STM32F7xx_HAL_Driver/Src/stm32f7xx_hal_gpio.c.obj
                0x08001394                HAL_GPIO_Init
 .text.HAL_GPIO_WritePin
                0x080016ec       0x32 CMakeFiles/Memory_ManagementNPointer.dir/Drivers/STM32F7xx_HAL_Driver/Src/stm32f7xx_hal_gpio.c.obj
                0x080016ec                HAL_GPIO_WritePin
 *fill*         0x0800171e        0x2 
 .text.HAL_PWREx_EnableOverDrive
                0x08001720       0xa0 CMakeFiles/Memory_ManagementNPointer.dir/Drivers/STM32F7xx_HAL_Driver/Src/stm32f7xx_hal_pwr_ex.c.obj
                0x08001720                HAL_PWREx_EnableOverDrive
 .text.HAL_Init
                0x080017c0       0x1a CMakeFiles/Memory_ManagementNPointer.dir/Drivers/STM32F7xx_HAL_Driver/Src/stm32f7xx_hal.c.obj
                0x080017c0                HAL_Init
 *fill*         0x080017da        0x2 
 .text.HAL_InitTick
                0x080017dc       0x60 CMakeFiles/Memory_ManagementNPointer.dir/Drivers/STM32F7xx_HAL_Driver/Src/stm32f7xx_hal.c.obj
                0x080017dc                HAL_InitTick
 .text.HAL_IncTick
                0x0800183c       0x28 CMakeFiles/Memory_ManagementNPointer.dir/Drivers/STM32F7xx_HAL_Driver/Src/stm32f7xx_hal.c.obj
                0x0800183c                HAL_IncTick
 .text.HAL_GetTick
                0x08001864       0x18 CMakeFiles/Memory_ManagementNPointer.dir/Drivers/STM32F7xx_HAL_Driver/Src/stm32f7xx_hal.c.obj
                0x08001864                HAL_GetTick
 .text.SystemInit
                0x0800187c       0x24 CMakeFiles/Memory_ManagementNPointer.dir/Core/Src/system_stm32f7xx.c.obj
                0x0800187c                SystemInit
 .text.Reset_Handler
                0x080018a0       0x50 CMakeFiles/Memory_ManagementNPointer.dir/startup_stm32f767xx.s.obj
                0x080018a0                Reset_Handler
 .text.Default_Handler
                0x080018f0        0x2 CMakeFiles/Memory_ManagementNPointer.dir/startup_stm32f767xx.s.obj
                0x080018f0                RTC_Alarm_IRQHandler
                0x080018f0                EXTI2_IRQHandler
                0x080018f0                TIM8_CC_IRQHandler
                0x080018f0                UART8_IRQHandler
                0x080018f0                SPI4_IRQHandler
                0x080018f0                TIM1_CC_IRQHandler
                0x080018f0                DMA2_Stream5_IRQHandler
                0x080018f0                JPEG_IRQHandler
                0x080018f0                DMA1_Stream5_IRQHandler
                0x080018f0                CAN3_RX1_IRQHandler
                0x080018f0                PVD_IRQHandler
                0x080018f0                TAMP_STAMP_IRQHandler
                0x080018f0                CAN2_RX1_IRQHandler
                0x080018f0                EXTI3_IRQHandler
                0x080018f0                TIM8_TRG_COM_TIM14_IRQHandler
                0x080018f0                DFSDM1_FLT1_IRQHandler
                0x080018f0                TIM1_UP_TIM10_IRQHandler
                0x080018f0                TIM8_UP_TIM13_IRQHandler
                0x080018f0                I2C3_ER_IRQHandler
                0x080018f0                DFSDM1_FLT2_IRQHandler
                0x080018f0                EXTI0_IRQHandler
                0x080018f0                I2C2_EV_IRQHandler
                0x080018f0                DMA1_Stream2_IRQHandler
                0x080018f0                CAN1_RX0_IRQHandler
                0x080018f0                FPU_IRQHandler
                0x080018f0                OTG_HS_WKUP_IRQHandler
                0x080018f0                CAN3_SCE_IRQHandler
                0x080018f0                LTDC_ER_IRQHandler
                0x080018f0                CAN2_SCE_IRQHandler
                0x080018f0                DMA2_Stream2_IRQHandler
                0x080018f0                SPI1_IRQHandler
                0x080018f0                TIM6_DAC_IRQHandler
                0x080018f0                TIM1_BRK_TIM9_IRQHandler
                0x080018f0                DCMI_IRQHandler
                0x080018f0                CAN2_RX0_IRQHandler
                0x080018f0                DMA2_Stream3_IRQHandler
                0x080018f0                SAI2_IRQHandler
                0x080018f0                DFSDM1_FLT3_IRQHandler
                0x080018f0                USART6_IRQHandler
                0x080018f0                CAN3_RX0_IRQHandler
                0x080018f0                USART3_IRQHandler
                0x080018f0                CAN1_RX1_IRQHandler
                0x080018f0                UART5_IRQHandler
                0x080018f0                DMA2_Stream0_IRQHandler
                0x080018f0                TIM4_IRQHandler
                0x080018f0                QUADSPI_IRQHandler
                0x080018f0                I2C1_EV_IRQHandler
                0x080018f0                DMA1_Stream6_IRQHandler
                0x080018f0                DMA1_Stream1_IRQHandler
                0x080018f0                UART4_IRQHandler
                0x080018f0                TIM3_IRQHandler
                0x080018f0                RCC_IRQHandler
                0x080018f0                TIM8_BRK_TIM12_IRQHandler
                0x080018f0                Default_Handler
                0x080018f0                CEC_IRQHandler
                0x080018f0                EXTI15_10_IRQHandler
                0x080018f0                ADC_IRQHandler
                0x080018f0                DMA1_Stream7_IRQHandler
                0x080018f0                SPI5_IRQHandler
                0x080018f0                TIM7_IRQHandler
                0x080018f0                SDMMC1_IRQHandler
                0x080018f0                CAN2_TX_IRQHandler
                0x080018f0                TIM5_IRQHandler
                0x080018f0                DMA2_Stream7_IRQHandler
                0x080018f0                I2C3_EV_IRQHandler
                0x080018f0                EXTI9_5_IRQHandler
                0x080018f0                RTC_WKUP_IRQHandler
                0x080018f0                LTDC_IRQHandler
                0x080018f0                ETH_WKUP_IRQHandler
                0x080018f0                SPDIF_RX_IRQHandler
                0x080018f0                SPI2_IRQHandler
                0x080018f0                OTG_HS_EP1_IN_IRQHandler
                0x080018f0                DMA1_Stream0_IRQHandler
                0x080018f0                CAN1_TX_IRQHandler
                0x080018f0                EXTI4_IRQHandler
                0x080018f0                RNG_IRQHandler
                0x080018f0                ETH_IRQHandler
                0x080018f0                OTG_HS_EP1_OUT_IRQHandler
                0x080018f0                WWDG_IRQHandler
                0x080018f0                SPI6_IRQHandler
                0x080018f0                MDIOS_IRQHandler
                0x080018f0                I2C4_EV_IRQHandler
                0x080018f0                CAN3_TX_IRQHandler
                0x080018f0                TIM2_IRQHandler
                0x080018f0                OTG_FS_WKUP_IRQHandler
                0x080018f0                TIM1_TRG_COM_TIM11_IRQHandler
                0x080018f0                OTG_HS_IRQHandler
                0x080018f0                DMA2D_IRQHandler
                0x080018f0                EXTI1_IRQHandler
                0x080018f0                SDMMC2_IRQHandler
                0x080018f0                UART7_IRQHandler
                0x080018f0                USART2_IRQHandler
                0x080018f0                DFSDM1_FLT0_IRQHandler
                0x080018f0                I2C2_ER_IRQHandler
                0x080018f0                DMA2_Stream1_IRQHandler
                0x080018f0                CAN1_SCE_IRQHandler
                0x080018f0                FLASH_IRQHandler
                0x080018f0                DMA2_Stream4_IRQHandler
                0x080018f0                USART1_IRQHandler
                0x080018f0                OTG_FS_IRQHandler
                0x080018f0                SPI3_IRQHandler
                0x080018f0                DMA1_Stream4_IRQHandler
                0x080018f0                I2C1_ER_IRQHandler
                0x080018f0                FMC_IRQHandler
                0x080018f0                LPTIM1_IRQHandler
                0x080018f0                I2C4_ER_IRQHandler
                0x080018f0                DMA2_Stream6_IRQHandler
                0x080018f0                SAI1_IRQHandler
                0x080018f0                DMA1_Stream3_IRQHandler
 *(.glue_7)
 .glue_7        0x080018f2        0x0 linker stubs
 *(.glue_7t)
 .glue_7t       0x080018f2        0x0 linker stubs
 *(.eh_frame)
 *fill*         0x080018f2        0x2 
 .eh_frame      0x080018f4        0x0 /home/arvliv/st/stm32cubeclt_1.16.0/GNU-tools-for-STM32/bin/../lib/gcc/arm-none-eabi/12.3.1/thumb/v7e-m+dp/hard/crtbegin.o
 *(.init)
 .init          0x080018f4        0x4 /home/arvliv/st/stm32cubeclt_1.16.0/GNU-tools-for-STM32/bin/../lib/gcc/arm-none-eabi/12.3.1/thumb/v7e-m+dp/hard/crti.o
                0x080018f4                _init
 .init          0x080018f8        0x8 /home/arvliv/st/stm32cubeclt_1.16.0/GNU-tools-for-STM32/bin/../lib/gcc/arm-none-eabi/12.3.1/thumb/v7e-m+dp/hard/crtn.o
 *(.fini)
 .fini          0x08001900        0x4 /home/arvliv/st/stm32cubeclt_1.16.0/GNU-tools-for-STM32/bin/../lib/gcc/arm-none-eabi/12.3.1/thumb/v7e-m+dp/hard/crti.o
                0x08001900                _fini
 .fini          0x08001904        0x8 /home/arvliv/st/stm32cubeclt_1.16.0/GNU-tools-for-STM32/bin/../lib/gcc/arm-none-eabi/12.3.1/thumb/v7e-m+dp/hard/crtn.o
                0x0800190c                        . = ALIGN (0x4)
                0x0800190c                        _etext = .

.vfp11_veneer   0x0800190c        0x0
 .vfp11_veneer  0x0800190c        0x0 linker stubs

.v4_bx          0x0800190c        0x0
 .v4_bx         0x0800190c        0x0 linker stubs

.iplt           0x0800190c        0x0
 .iplt          0x0800190c        0x0 /home/arvliv/st/stm32cubeclt_1.16.0/GNU-tools-for-STM32/bin/../lib/gcc/arm-none-eabi/12.3.1/thumb/v7e-m+dp/hard/crtbegin.o

.rodata         0x0800190c       0x10
                0x0800190c                        . = ALIGN (0x4)
 *(.rodata)
 *(.rodata*)
 .rodata.AHBPrescTable
                0x0800190c       0x10 CMakeFiles/Memory_ManagementNPointer.dir/Core/Src/system_stm32f7xx.c.obj
                0x0800190c                AHBPrescTable
                0x0800191c                        . = ALIGN (0x4)

.ARM.extab
 *(.ARM.extab* .gnu.linkonce.armextab.*)

.ARM            0x0800191c        0x8
                0x0800191c                        __exidx_start = .
 *(.ARM.exidx*)
 .ARM.exidx     0x0800191c        0x8 /home/arvliv/st/stm32cubeclt_1.16.0/GNU-tools-for-STM32/bin/../lib/gcc/arm-none-eabi/12.3.1/thumb/v7e-m+dp/hard/libgcc.a(_udivmoddi4.o)
                0x08001924                        __exidx_end = .

.rel.dyn        0x08001924        0x0
 .rel.iplt      0x08001924        0x0 /home/arvliv/st/stm32cubeclt_1.16.0/GNU-tools-for-STM32/bin/../lib/gcc/arm-none-eabi/12.3.1/thumb/v7e-m+dp/hard/crtbegin.o

.preinit_array  0x08001924        0x0
                0x08001924                        PROVIDE (__preinit_array_start = .)
 *(.preinit_array*)
                0x08001924                        PROVIDE (__preinit_array_end = .)

.init_array     0x08001924        0x4
                0x08001924                        PROVIDE (__init_array_start = .)
 *(SORT_BY_NAME(.init_array.*))
 *(.init_array*)
 .init_array    0x08001924        0x4 /home/arvliv/st/stm32cubeclt_1.16.0/GNU-tools-for-STM32/bin/../lib/gcc/arm-none-eabi/12.3.1/thumb/v7e-m+dp/hard/crtbegin.o
                0x08001928                        PROVIDE (__init_array_end = .)

.fini_array     0x08001928        0x4
                [!provide]                        PROVIDE (__fini_array_start = .)
 *(SORT_BY_NAME(.fini_array.*))
 *(.fini_array*)
 .fini_array    0x08001928        0x4 /home/arvliv/st/stm32cubeclt_1.16.0/GNU-tools-for-STM32/bin/../lib/gcc/arm-none-eabi/12.3.1/thumb/v7e-m+dp/hard/crtbegin.o
                [!provide]                        PROVIDE (__fini_array_end = .)
                0x0800192c                        _sidata = LOADADDR (.data)

.data           0x20000000        0xc load address 0x0800192c
                0x20000000                        . = ALIGN (0x4)
                0x20000000                        _sdata = .
 *(.data)
 *(.data*)
 .data.uwTickPrio
                0x20000000        0x4 CMakeFiles/Memory_ManagementNPointer.dir/Drivers/STM32F7xx_HAL_Driver/Src/stm32f7xx_hal.c.obj
                0x20000000                uwTickPrio
 .data.uwTickFreq
                0x20000004        0x1 CMakeFiles/Memory_ManagementNPointer.dir/Drivers/STM32F7xx_HAL_Driver/Src/stm32f7xx_hal.c.obj
                0x20000004                uwTickFreq
 *fill*         0x20000005        0x3 
 .data.SystemCoreClock
                0x20000008        0x4 CMakeFiles/Memory_ManagementNPointer.dir/Core/Src/system_stm32f7xx.c.obj
                0x20000008                SystemCoreClock
                0x2000000c                        . = ALIGN (0x4)
                0x2000000c                        _edata = .

.igot.plt       0x2000000c        0x0 load address 0x08001938
 .igot.plt      0x2000000c        0x0 /home/arvliv/st/stm32cubeclt_1.16.0/GNU-tools-for-STM32/bin/../lib/gcc/arm-none-eabi/12.3.1/thumb/v7e-m+dp/hard/crtbegin.o
                0x2000000c                        . = ALIGN (0x4)

.bss            0x2000000c      0x420 load address 0x08001938
                0x2000000c                        _sbss = .
                0x2000000c                        __bss_start__ = _sbss
 *(.bss)
 .bss           0x2000000c       0x1c /home/arvliv/st/stm32cubeclt_1.16.0/GNU-tools-for-STM32/bin/../lib/gcc/arm-none-eabi/12.3.1/thumb/v7e-m+dp/hard/crtbegin.o
 *(.bss*)
 .bss.TxBuf     0x20000028      0x400 CMakeFiles/Memory_ManagementNPointer.dir/Core/Src/main.c.obj
                0x20000028                TxBuf
 .bss.uwTick    0x20000428        0x4 CMakeFiles/Memory_ManagementNPointer.dir/Drivers/STM32F7xx_HAL_Driver/Src/stm32f7xx_hal.c.obj
                0x20000428                uwTick
 *(COMMON)
                0x2000042c                        . = ALIGN (0x4)
                0x2000042c                        _ebss = .
                0x2000042c                        __bss_end__ = _ebss

._user_heap_stack
                0x2000042c      0x604 load address 0x08001938
                0x20000430                        . = ALIGN (0x8)
 *fill*         0x2000042c        0x4 
                [!provide]                        PROVIDE (end = .)
                0x20000430                        PROVIDE (_end = .)
                0x20000630                        . = (. + _Min_Heap_Size)
 *fill*         0x20000430      0x200 
                0x20000a30                        . = (. + _Min_Stack_Size)
 *fill*         0x20000630      0x400 
                0x20000a30                        . = ALIGN (0x8)

/DISCARD/
 libc.a(*)
 libm.a(*)
 libgcc.a(*)

.ARM.attributes
                0x00000000       0x2e
 *(.ARM.attributes)
 .ARM.attributes
                0x00000000       0x20 /home/arvliv/st/stm32cubeclt_1.16.0/GNU-tools-for-STM32/bin/../lib/gcc/arm-none-eabi/12.3.1/thumb/v7e-m+dp/hard/crti.o
 .ARM.attributes
                0x00000020       0x32 /home/arvliv/st/stm32cubeclt_1.16.0/GNU-tools-for-STM32/bin/../lib/gcc/arm-none-eabi/12.3.1/thumb/v7e-m+dp/hard/crtbegin.o
 .ARM.attributes
                0x00000052       0x32 /home/arvliv/st/stm32cubeclt_1.16.0/GNU-tools-for-STM32/bin/../lib/gcc/arm-none-eabi/12.3.1/../../../../arm-none-eabi/lib/thumb/v7e-m+dp/hard/libc_nano.a(libc_a-memset.o)
 .ARM.attributes
                0x00000084       0x32 /home/arvliv/st/stm32cubeclt_1.16.0/GNU-tools-for-STM32/bin/../lib/gcc/arm-none-eabi/12.3.1/../../../../arm-none-eabi/lib/thumb/v7e-m+dp/hard/libc_nano.a(libc_a-init.o)
 .ARM.attributes
                0x000000b6       0x32 CMakeFiles/Memory_ManagementNPointer.dir/Core/Src/main.c.obj
 .ARM.attributes
                0x000000e8       0x32 CMakeFiles/Memory_ManagementNPointer.dir/Core/Src/stm32f7xx_it.c.obj
 .ARM.attributes
                0x0000011a       0x32 CMakeFiles/Memory_ManagementNPointer.dir/Core/Src/stm32f7xx_hal_msp.c.obj
 .ARM.attributes
                0x0000014c       0x32 CMakeFiles/Memory_ManagementNPointer.dir/Drivers/STM32F7xx_HAL_Driver/Src/stm32f7xx_hal_cortex.c.obj
 .ARM.attributes
                0x0000017e       0x32 CMakeFiles/Memory_ManagementNPointer.dir/Drivers/STM32F7xx_HAL_Driver/Src/stm32f7xx_hal_rcc.c.obj
 .ARM.attributes
                0x000001b0       0x32 CMakeFiles/Memory_ManagementNPointer.dir/Drivers/STM32F7xx_HAL_Driver/Src/stm32f7xx_hal_gpio.c.obj
 .ARM.attributes
                0x000001e2       0x32 CMakeFiles/Memory_ManagementNPointer.dir/Drivers/STM32F7xx_HAL_Driver/Src/stm32f7xx_hal_pwr_ex.c.obj
 .ARM.attributes
                0x00000214       0x32 CMakeFiles/Memory_ManagementNPointer.dir/Drivers/STM32F7xx_HAL_Driver/Src/stm32f7xx_hal.c.obj
 .ARM.attributes
                0x00000246       0x32 CMakeFiles/Memory_ManagementNPointer.dir/Core/Src/system_stm32f7xx.c.obj
 .ARM.attributes
                0x00000278       0x21 CMakeFiles/Memory_ManagementNPointer.dir/startup_stm32f767xx.s.obj
 .ARM.attributes
                0x00000299       0x20 /home/arvliv/st/stm32cubeclt_1.16.0/GNU-tools-for-STM32/bin/../lib/gcc/arm-none-eabi/12.3.1/thumb/v7e-m+dp/hard/libgcc.a(_aeabi_uldivmod.o)
 .ARM.attributes
                0x000002b9       0x32 /home/arvliv/st/stm32cubeclt_1.16.0/GNU-tools-for-STM32/bin/../lib/gcc/arm-none-eabi/12.3.1/thumb/v7e-m+dp/hard/libgcc.a(_udivmoddi4.o)
 .ARM.attributes
                0x000002eb       0x20 /home/arvliv/st/stm32cubeclt_1.16.0/GNU-tools-for-STM32/bin/../lib/gcc/arm-none-eabi/12.3.1/thumb/v7e-m+dp/hard/libgcc.a(_dvmd_tls.o)
 .ARM.attributes
                0x0000030b       0x20 /home/arvliv/st/stm32cubeclt_1.16.0/GNU-tools-for-STM32/bin/../lib/gcc/arm-none-eabi/12.3.1/thumb/v7e-m+dp/hard/crtn.o
OUTPUT(Memory_ManagementNPointer.elf elf32-littlearm)
LOAD linker stubs
LOAD /home/arvliv/st/stm32cubeclt_1.16.0/GNU-tools-for-STM32/bin/../lib/gcc/arm-none-eabi/12.3.1/../../../../arm-none-eabi/lib/thumb/v7e-m+dp/hard/libc.a
LOAD /home/arvliv/st/stm32cubeclt_1.16.0/GNU-tools-for-STM32/bin/../lib/gcc/arm-none-eabi/12.3.1/../../../../arm-none-eabi/lib/thumb/v7e-m+dp/hard/libm.a
LOAD /home/arvliv/st/stm32cubeclt_1.16.0/GNU-tools-for-STM32/bin/../lib/gcc/arm-none-eabi/12.3.1/thumb/v7e-m+dp/hard/libgcc.a

.debug_frame    0x00000000     0x10ac
 .debug_frame   0x00000000       0x20 /home/arvliv/st/stm32cubeclt_1.16.0/GNU-tools-for-STM32/bin/../lib/gcc/arm-none-eabi/12.3.1/../../../../arm-none-eabi/lib/thumb/v7e-m+dp/hard/libc_nano.a(libc_a-memset.o)
 .debug_frame   0x00000020       0x2c /home/arvliv/st/stm32cubeclt_1.16.0/GNU-tools-for-STM32/bin/../lib/gcc/arm-none-eabi/12.3.1/../../../../arm-none-eabi/lib/thumb/v7e-m+dp/hard/libc_nano.a(libc_a-init.o)
 .debug_frame   0x0000004c       0xd4 CMakeFiles/Memory_ManagementNPointer.dir/Core/Src/main.c.obj
 .debug_frame   0x00000120      0x104 CMakeFiles/Memory_ManagementNPointer.dir/Core/Src/stm32f7xx_it.c.obj
 .debug_frame   0x00000224       0x38 CMakeFiles/Memory_ManagementNPointer.dir/Core/Src/stm32f7xx_hal_msp.c.obj
 .debug_frame   0x0000025c      0x498 CMakeFiles/Memory_ManagementNPointer.dir/Drivers/STM32F7xx_HAL_Driver/Src/stm32f7xx_hal_cortex.c.obj
 .debug_frame   0x000006f4      0x1f8 CMakeFiles/Memory_ManagementNPointer.dir/Drivers/STM32F7xx_HAL_Driver/Src/stm32f7xx_hal_rcc.c.obj
 .debug_frame   0x000008ec      0x14c CMakeFiles/Memory_ManagementNPointer.dir/Drivers/STM32F7xx_HAL_Driver/Src/stm32f7xx_hal_gpio.c.obj
 .debug_frame   0x00000a38      0x1c8 CMakeFiles/Memory_ManagementNPointer.dir/Drivers/STM32F7xx_HAL_Driver/Src/stm32f7xx_hal_pwr_ex.c.obj
 .debug_frame   0x00000c00      0x3f4 CMakeFiles/Memory_ManagementNPointer.dir/Drivers/STM32F7xx_HAL_Driver/Src/stm32f7xx_hal.c.obj
 .debug_frame   0x00000ff4       0x58 CMakeFiles/Memory_ManagementNPointer.dir/Core/Src/system_stm32f7xx.c.obj
 .debug_frame   0x0000104c       0x2c /home/arvliv/st/stm32cubeclt_1.16.0/GNU-tools-for-STM32/bin/../lib/gcc/arm-none-eabi/12.3.1/thumb/v7e-m+dp/hard/libgcc.a(_aeabi_uldivmod.o)
 .debug_frame   0x00001078       0x34 /home/arvliv/st/stm32cubeclt_1.16.0/GNU-tools-for-STM32/bin/../lib/gcc/arm-none-eabi/12.3.1/thumb/v7e-m+dp/hard/libgcc.a(_udivmoddi4.o)

.debug_info     0x00000000     0x493f
 .debug_info    0x00000000      0xbc4 CMakeFiles/Memory_ManagementNPointer.dir/Core/Src/main.c.obj
 .debug_info    0x00000bc4      0x112 CMakeFiles/Memory_ManagementNPointer.dir/Core/Src/stm32f7xx_it.c.obj
 .debug_info    0x00000cd6      0x28d CMakeFiles/Memory_ManagementNPointer.dir/Core/Src/stm32f7xx_hal_msp.c.obj
 .debug_info    0x00000f63      0xf8b CMakeFiles/Memory_ManagementNPointer.dir/Drivers/STM32F7xx_HAL_Driver/Src/stm32f7xx_hal_cortex.c.obj
 .debug_info    0x00001eee      0x937 CMakeFiles/Memory_ManagementNPointer.dir/Drivers/STM32F7xx_HAL_Driver/Src/stm32f7xx_hal_rcc.c.obj
 .debug_info    0x00002825      0x6e4 CMakeFiles/Memory_ManagementNPointer.dir/Drivers/STM32F7xx_HAL_Driver/Src/stm32f7xx_hal_gpio.c.obj
 .debug_info    0x00002f09      0x8cd CMakeFiles/Memory_ManagementNPointer.dir/Drivers/STM32F7xx_HAL_Driver/Src/stm32f7xx_hal_pwr_ex.c.obj
 .debug_info    0x000037d6      0xa4c CMakeFiles/Memory_ManagementNPointer.dir/Drivers/STM32F7xx_HAL_Driver/Src/stm32f7xx_hal.c.obj
 .debug_info    0x00004222      0x6ed CMakeFiles/Memory_ManagementNPointer.dir/Core/Src/system_stm32f7xx.c.obj
 .debug_info    0x0000490f       0x30 CMakeFiles/Memory_ManagementNPointer.dir/startup_stm32f767xx.s.obj

.debug_abbrev   0x00000000     0x1116
 .debug_abbrev  0x00000000      0x2a9 CMakeFiles/Memory_ManagementNPointer.dir/Core/Src/main.c.obj
 .debug_abbrev  0x000002a9       0x73 CMakeFiles/Memory_ManagementNPointer.dir/Core/Src/stm32f7xx_it.c.obj
 .debug_abbrev  0x0000031c       0xd8 CMakeFiles/Memory_ManagementNPointer.dir/Core/Src/stm32f7xx_hal_msp.c.obj
 .debug_abbrev  0x000003f4      0x329 CMakeFiles/Memory_ManagementNPointer.dir/Drivers/STM32F7xx_HAL_Driver/Src/stm32f7xx_hal_cortex.c.obj
 .debug_abbrev  0x0000071d      0x2de CMakeFiles/Memory_ManagementNPointer.dir/Drivers/STM32F7xx_HAL_Driver/Src/stm32f7xx_hal_rcc.c.obj
 .debug_abbrev  0x000009fb      0x1d4 CMakeFiles/Memory_ManagementNPointer.dir/Drivers/STM32F7xx_HAL_Driver/Src/stm32f7xx_hal_gpio.c.obj
 .debug_abbrev  0x00000bcf      0x1d5 CMakeFiles/Memory_ManagementNPointer.dir/Drivers/STM32F7xx_HAL_Driver/Src/stm32f7xx_hal_pwr_ex.c.obj
 .debug_abbrev  0x00000da4      0x213 CMakeFiles/Memory_ManagementNPointer.dir/Drivers/STM32F7xx_HAL_Driver/Src/stm32f7xx_hal.c.obj
 .debug_abbrev  0x00000fb7      0x13b CMakeFiles/Memory_ManagementNPointer.dir/Core/Src/system_stm32f7xx.c.obj
 .debug_abbrev  0x000010f2       0x24 CMakeFiles/Memory_ManagementNPointer.dir/startup_stm32f767xx.s.obj

.debug_aranges  0x00000000      0x4a0
 .debug_aranges
                0x00000000       0x48 CMakeFiles/Memory_ManagementNPointer.dir/Core/Src/main.c.obj
 .debug_aranges
                0x00000048       0x60 CMakeFiles/Memory_ManagementNPointer.dir/Core/Src/stm32f7xx_it.c.obj
 .debug_aranges
                0x000000a8       0x20 CMakeFiles/Memory_ManagementNPointer.dir/Core/Src/stm32f7xx_hal_msp.c.obj
 .debug_aranges
                0x000000c8      0x118 CMakeFiles/Memory_ManagementNPointer.dir/Drivers/STM32F7xx_HAL_Driver/Src/stm32f7xx_hal_cortex.c.obj
 .debug_aranges
                0x000001e0       0x88 CMakeFiles/Memory_ManagementNPointer.dir/Drivers/STM32F7xx_HAL_Driver/Src/stm32f7xx_hal_rcc.c.obj
 .debug_aranges
                0x00000268       0x58 CMakeFiles/Memory_ManagementNPointer.dir/Drivers/STM32F7xx_HAL_Driver/Src/stm32f7xx_hal_gpio.c.obj
 .debug_aranges
                0x000002c0       0x80 CMakeFiles/Memory_ManagementNPointer.dir/Drivers/STM32F7xx_HAL_Driver/Src/stm32f7xx_hal_pwr_ex.c.obj
 .debug_aranges
                0x00000340      0x110 CMakeFiles/Memory_ManagementNPointer.dir/Drivers/STM32F7xx_HAL_Driver/Src/stm32f7xx_hal.c.obj
 .debug_aranges
                0x00000450       0x28 CMakeFiles/Memory_ManagementNPointer.dir/Core/Src/system_stm32f7xx.c.obj
 .debug_aranges
                0x00000478       0x28 CMakeFiles/Memory_ManagementNPointer.dir/startup_stm32f767xx.s.obj

.debug_rnglists
                0x00000000      0x356
 .debug_rnglists
                0x00000000       0x33 CMakeFiles/Memory_ManagementNPointer.dir/Core/Src/main.c.obj
 .debug_rnglists
                0x00000033       0x43 CMakeFiles/Memory_ManagementNPointer.dir/Core/Src/stm32f7xx_it.c.obj
 .debug_rnglists
                0x00000076       0x13 CMakeFiles/Memory_ManagementNPointer.dir/Core/Src/stm32f7xx_hal_msp.c.obj
 .debug_rnglists
                0x00000089       0xce CMakeFiles/Memory_ManagementNPointer.dir/Drivers/STM32F7xx_HAL_Driver/Src/stm32f7xx_hal_cortex.c.obj
 .debug_rnglists
                0x00000157       0x67 CMakeFiles/Memory_ManagementNPointer.dir/Drivers/STM32F7xx_HAL_Driver/Src/stm32f7xx_hal_rcc.c.obj
 .debug_rnglists
                0x000001be       0x3f CMakeFiles/Memory_ManagementNPointer.dir/Drivers/STM32F7xx_HAL_Driver/Src/stm32f7xx_hal_gpio.c.obj
 .debug_rnglists
                0x000001fd       0x5f CMakeFiles/Memory_ManagementNPointer.dir/Drivers/STM32F7xx_HAL_Driver/Src/stm32f7xx_hal_pwr_ex.c.obj
 .debug_rnglists
                0x0000025c       0xc7 CMakeFiles/Memory_ManagementNPointer.dir/Drivers/STM32F7xx_HAL_Driver/Src/stm32f7xx_hal.c.obj
 .debug_rnglists
                0x00000323       0x1a CMakeFiles/Memory_ManagementNPointer.dir/Core/Src/system_stm32f7xx.c.obj
 .debug_rnglists
                0x0000033d       0x19 CMakeFiles/Memory_ManagementNPointer.dir/startup_stm32f767xx.s.obj

.debug_macro    0x00000000    0x25ad6
 .debug_macro   0x00000000      0x284 CMakeFiles/Memory_ManagementNPointer.dir/Core/Src/main.c.obj
 .debug_macro   0x00000284      0xacc CMakeFiles/Memory_ManagementNPointer.dir/Core/Src/main.c.obj
 .debug_macro   0x00000d50      0x287 CMakeFiles/Memory_ManagementNPointer.dir/Core/Src/main.c.obj
 .debug_macro   0x00000fd7       0x2e CMakeFiles/Memory_ManagementNPointer.dir/Core/Src/main.c.obj
 .debug_macro   0x00001005       0x3b CMakeFiles/Memory_ManagementNPointer.dir/Core/Src/main.c.obj
 .debug_macro   0x00001040       0x22 CMakeFiles/Memory_ManagementNPointer.dir/Core/Src/main.c.obj
 .debug_macro   0x00001062       0x8e CMakeFiles/Memory_ManagementNPointer.dir/Core/Src/main.c.obj
 .debug_macro   0x000010f0       0x51 CMakeFiles/Memory_ManagementNPointer.dir/Core/Src/main.c.obj
 .debug_macro   0x00001141      0x103 CMakeFiles/Memory_ManagementNPointer.dir/Core/Src/main.c.obj
 .debug_macro   0x00001244       0x6a CMakeFiles/Memory_ManagementNPointer.dir/Core/Src/main.c.obj
 .debug_macro   0x000012ae      0x1df CMakeFiles/Memory_ManagementNPointer.dir/Core/Src/main.c.obj
 .debug_macro   0x0000148d       0x1c CMakeFiles/Memory_ManagementNPointer.dir/Core/Src/main.c.obj
 .debug_macro   0x000014a9       0x22 CMakeFiles/Memory_ManagementNPointer.dir/Core/Src/main.c.obj
 .debug_macro   0x000014cb       0xd9 CMakeFiles/Memory_ManagementNPointer.dir/Core/Src/main.c.obj
 .debug_macro   0x000015a4     0x12cd CMakeFiles/Memory_ManagementNPointer.dir/Core/Src/main.c.obj
 .debug_macro   0x00002871      0x11f CMakeFiles/Memory_ManagementNPointer.dir/Core/Src/main.c.obj
 .debug_macro   0x00002990       0x19 CMakeFiles/Memory_ManagementNPointer.dir/Core/Src/main.c.obj
 .debug_macro   0x000029a9    0x1a9b4 CMakeFiles/Memory_ManagementNPointer.dir/Core/Src/main.c.obj
 .debug_macro   0x0001d35d       0x43 CMakeFiles/Memory_ManagementNPointer.dir/Core/Src/main.c.obj
 .debug_macro   0x0001d3a0     0x36b4 CMakeFiles/Memory_ManagementNPointer.dir/Core/Src/main.c.obj
 .debug_macro   0x00020a54      0x189 CMakeFiles/Memory_ManagementNPointer.dir/Core/Src/main.c.obj
 .debug_macro   0x00020bdd       0x61 CMakeFiles/Memory_ManagementNPointer.dir/Core/Src/main.c.obj
 .debug_macro   0x00020c3e     0x1add CMakeFiles/Memory_ManagementNPointer.dir/Core/Src/main.c.obj
 .debug_macro   0x0002271b      0x6c4 CMakeFiles/Memory_ManagementNPointer.dir/Core/Src/main.c.obj
 .debug_macro   0x00022ddf      0x18b CMakeFiles/Memory_ManagementNPointer.dir/Core/Src/main.c.obj
 .debug_macro   0x00022f6a      0x117 CMakeFiles/Memory_ManagementNPointer.dir/Core/Src/main.c.obj
 .debug_macro   0x00023081      0x26f CMakeFiles/Memory_ManagementNPointer.dir/Core/Src/main.c.obj
 .debug_macro   0x000232f0       0x27 CMakeFiles/Memory_ManagementNPointer.dir/Core/Src/main.c.obj
 .debug_macro   0x00023317      0x24f CMakeFiles/Memory_ManagementNPointer.dir/Core/Src/main.c.obj
 .debug_macro   0x00023566       0x71 CMakeFiles/Memory_ManagementNPointer.dir/Core/Src/main.c.obj
 .debug_macro   0x000235d7       0x58 CMakeFiles/Memory_ManagementNPointer.dir/Core/Src/main.c.obj
 .debug_macro   0x0002362f      0x236 CMakeFiles/Memory_ManagementNPointer.dir/Core/Src/main.c.obj
 .debug_macro   0x00023865      0x14f CMakeFiles/Memory_ManagementNPointer.dir/Core/Src/main.c.obj
 .debug_macro   0x000239b4      0x3dc CMakeFiles/Memory_ManagementNPointer.dir/Core/Src/main.c.obj
 .debug_macro   0x00023d90       0x12 CMakeFiles/Memory_ManagementNPointer.dir/Core/Src/main.c.obj
 .debug_macro   0x00023da2      0x22c CMakeFiles/Memory_ManagementNPointer.dir/Core/Src/main.c.obj
 .debug_macro   0x00023fce       0x61 CMakeFiles/Memory_ManagementNPointer.dir/Core/Src/main.c.obj
 .debug_macro   0x0002402f       0xa5 CMakeFiles/Memory_ManagementNPointer.dir/Core/Src/main.c.obj
 .debug_macro   0x000240d4      0x12f CMakeFiles/Memory_ManagementNPointer.dir/Core/Src/main.c.obj
 .debug_macro   0x00024203      0x108 CMakeFiles/Memory_ManagementNPointer.dir/Core/Src/main.c.obj
 .debug_macro   0x0002430b       0x35 CMakeFiles/Memory_ManagementNPointer.dir/Core/Src/main.c.obj
 .debug_macro   0x00024340      0x15c CMakeFiles/Memory_ManagementNPointer.dir/Core/Src/main.c.obj
 .debug_macro   0x0002449c       0x74 CMakeFiles/Memory_ManagementNPointer.dir/Core/Src/main.c.obj
 .debug_macro   0x00024510       0x29 CMakeFiles/Memory_ManagementNPointer.dir/Core/Src/main.c.obj
 .debug_macro   0x00024539       0x3c CMakeFiles/Memory_ManagementNPointer.dir/Core/Src/main.c.obj
 .debug_macro   0x00024575       0x34 CMakeFiles/Memory_ManagementNPointer.dir/Core/Src/main.c.obj
 .debug_macro   0x000245a9       0x16 CMakeFiles/Memory_ManagementNPointer.dir/Core/Src/main.c.obj
 .debug_macro   0x000245bf       0x43 CMakeFiles/Memory_ManagementNPointer.dir/Core/Src/main.c.obj
 .debug_macro   0x00024602       0x34 CMakeFiles/Memory_ManagementNPointer.dir/Core/Src/main.c.obj
 .debug_macro   0x00024636       0x10 CMakeFiles/Memory_ManagementNPointer.dir/Core/Src/main.c.obj
 .debug_macro   0x00024646       0x58 CMakeFiles/Memory_ManagementNPointer.dir/Core/Src/main.c.obj
 .debug_macro   0x0002469e      0x1de CMakeFiles/Memory_ManagementNPointer.dir/Core/Src/main.c.obj
 .debug_macro   0x0002487c      0x369 CMakeFiles/Memory_ManagementNPointer.dir/Core/Src/main.c.obj
 .debug_macro   0x00024be5       0x10 CMakeFiles/Memory_ManagementNPointer.dir/Core/Src/main.c.obj
 .debug_macro   0x00024bf5       0x35 CMakeFiles/Memory_ManagementNPointer.dir/Core/Src/main.c.obj
 .debug_macro   0x00024c2a       0x20 CMakeFiles/Memory_ManagementNPointer.dir/Core/Src/main.c.obj
 .debug_macro   0x00024c4a      0x1cf CMakeFiles/Memory_ManagementNPointer.dir/Core/Src/stm32f7xx_it.c.obj
 .debug_macro   0x00024e19      0x1c5 CMakeFiles/Memory_ManagementNPointer.dir/Core/Src/stm32f7xx_hal_msp.c.obj
 .debug_macro   0x00024fde      0x1bb CMakeFiles/Memory_ManagementNPointer.dir/Drivers/STM32F7xx_HAL_Driver/Src/stm32f7xx_hal_cortex.c.obj
 .debug_macro   0x00025199      0x1df CMakeFiles/Memory_ManagementNPointer.dir/Drivers/STM32F7xx_HAL_Driver/Src/stm32f7xx_hal_rcc.c.obj
 .debug_macro   0x00025378      0x1f1 CMakeFiles/Memory_ManagementNPointer.dir/Drivers/STM32F7xx_HAL_Driver/Src/stm32f7xx_hal_gpio.c.obj
 .debug_macro   0x00025569      0x1d3 CMakeFiles/Memory_ManagementNPointer.dir/Drivers/STM32F7xx_HAL_Driver/Src/stm32f7xx_hal_pwr_ex.c.obj
 .debug_macro   0x0002573c      0x1df CMakeFiles/Memory_ManagementNPointer.dir/Drivers/STM32F7xx_HAL_Driver/Src/stm32f7xx_hal.c.obj
 .debug_macro   0x0002591b      0x1bb CMakeFiles/Memory_ManagementNPointer.dir/Core/Src/system_stm32f7xx.c.obj

.debug_line     0x00000000     0x5759
 .debug_line    0x00000000      0x8ec CMakeFiles/Memory_ManagementNPointer.dir/Core/Src/main.c.obj
 .debug_line    0x000008ec      0x75f CMakeFiles/Memory_ManagementNPointer.dir/Core/Src/stm32f7xx_it.c.obj
 .debug_line    0x0000104b      0x69d CMakeFiles/Memory_ManagementNPointer.dir/Core/Src/stm32f7xx_hal_msp.c.obj
 .debug_line    0x000016e8      0xc37 CMakeFiles/Memory_ManagementNPointer.dir/Drivers/STM32F7xx_HAL_Driver/Src/stm32f7xx_hal_cortex.c.obj
 .debug_line    0x0000231f      0xe1f CMakeFiles/Memory_ManagementNPointer.dir/Drivers/STM32F7xx_HAL_Driver/Src/stm32f7xx_hal_rcc.c.obj
 .debug_line    0x0000313e      0xb53 CMakeFiles/Memory_ManagementNPointer.dir/Drivers/STM32F7xx_HAL_Driver/Src/stm32f7xx_hal_gpio.c.obj
 .debug_line    0x00003c91      0x943 CMakeFiles/Memory_ManagementNPointer.dir/Drivers/STM32F7xx_HAL_Driver/Src/stm32f7xx_hal_pwr_ex.c.obj
 .debug_line    0x000045d4      0x9ef CMakeFiles/Memory_ManagementNPointer.dir/Drivers/STM32F7xx_HAL_Driver/Src/stm32f7xx_hal.c.obj
 .debug_line    0x00004fc3      0x71f CMakeFiles/Memory_ManagementNPointer.dir/Core/Src/system_stm32f7xx.c.obj
 .debug_line    0x000056e2       0x77 CMakeFiles/Memory_ManagementNPointer.dir/startup_stm32f767xx.s.obj

.debug_str      0x00000000    0xe99d8
 .debug_str     0x00000000    0xe824b CMakeFiles/Memory_ManagementNPointer.dir/Core/Src/main.c.obj
                              0xe8948 (size before relaxing)
 .debug_str     0x000e824b       0xf8 CMakeFiles/Memory_ManagementNPointer.dir/Core/Src/stm32f7xx_it.c.obj
                              0xe592e (size before relaxing)
 .debug_str     0x000e8343       0x5b CMakeFiles/Memory_ManagementNPointer.dir/Core/Src/stm32f7xx_hal_msp.c.obj
                              0xe59c5 (size before relaxing)
 .debug_str     0x000e839e      0xa0a CMakeFiles/Memory_ManagementNPointer.dir/Drivers/STM32F7xx_HAL_Driver/Src/stm32f7xx_hal_cortex.c.obj
                              0xe652e (size before relaxing)
 .debug_str     0x000e8da8      0x2fa CMakeFiles/Memory_ManagementNPointer.dir/Drivers/STM32F7xx_HAL_Driver/Src/stm32f7xx_hal_rcc.c.obj
                              0xe5eb9 (size before relaxing)
 .debug_str     0x000e90a2      0x26d CMakeFiles/Memory_ManagementNPointer.dir/Drivers/STM32F7xx_HAL_Driver/Src/stm32f7xx_hal_gpio.c.obj
                              0xe5cfd (size before relaxing)
 .debug_str     0x000e930f      0x200 CMakeFiles/Memory_ManagementNPointer.dir/Drivers/STM32F7xx_HAL_Driver/Src/stm32f7xx_hal_pwr_ex.c.obj
                              0xe5dad (size before relaxing)
 .debug_str     0x000e950f      0x3ec CMakeFiles/Memory_ManagementNPointer.dir/Drivers/STM32F7xx_HAL_Driver/Src/stm32f7xx_hal.c.obj
                              0xe657e (size before relaxing)
 .debug_str     0x000e98fb       0x79 CMakeFiles/Memory_ManagementNPointer.dir/Core/Src/system_stm32f7xx.c.obj
                              0xe5b3e (size before relaxing)
 .debug_str     0x000e9974       0x64 CMakeFiles/Memory_ManagementNPointer.dir/startup_stm32f767xx.s.obj
                                 0xa2 (size before relaxing)

.comment        0x00000000       0x43
 .comment       0x00000000       0x43 CMakeFiles/Memory_ManagementNPointer.dir/Core/Src/main.c.obj
                                 0x44 (size before relaxing)
 .comment       0x00000043       0x44 CMakeFiles/Memory_ManagementNPointer.dir/Core/Src/stm32f7xx_it.c.obj
 .comment       0x00000043       0x44 CMakeFiles/Memory_ManagementNPointer.dir/Core/Src/stm32f7xx_hal_msp.c.obj
 .comment       0x00000043       0x44 CMakeFiles/Memory_ManagementNPointer.dir/Drivers/STM32F7xx_HAL_Driver/Src/stm32f7xx_hal_cortex.c.obj
 .comment       0x00000043       0x44 CMakeFiles/Memory_ManagementNPointer.dir/Drivers/STM32F7xx_HAL_Driver/Src/stm32f7xx_hal_rcc.c.obj
 .comment       0x00000043       0x44 CMakeFiles/Memory_ManagementNPointer.dir/Drivers/STM32F7xx_HAL_Driver/Src/stm32f7xx_hal_gpio.c.obj
 .comment       0x00000043       0x44 CMakeFiles/Memory_ManagementNPointer.dir/Drivers/STM32F7xx_HAL_Driver/Src/stm32f7xx_hal_pwr_ex.c.obj
 .comment       0x00000043       0x44 CMakeFiles/Memory_ManagementNPointer.dir/Drivers/STM32F7xx_HAL_Driver/Src/stm32f7xx_hal.c.obj
 .comment       0x00000043       0x44 CMakeFiles/Memory_ManagementNPointer.dir/Core/Src/system_stm32f7xx.c.obj

.debug_line_str
                0x00000000       0x86
 .debug_line_str
                0x00000000       0x86 CMakeFiles/Memory_ManagementNPointer.dir/startup_stm32f767xx.s.obj
